Product: MDK-ARM Professional 5.10
Component: ARM Compiler 5.04 update 1 (build 49)
Tool: armlink [5040049]

==============================================================================

Section Cross References

    hsmtemplatemain.o(i.main) refers to _printf_percent.o(.ARM.Collect$$_printf_percent$$00000000) for _printf_percent
    hsmtemplatemain.o(i.main) refers to _printf_s.o(.ARM.Collect$$_printf_percent$$00000014) for _printf_s
    hsmtemplatemain.o(i.main) refers to _printf_str.o(.text) for _printf_str
    hsmtemplatemain.o(i.main) refers to sysctl.o(i.SysCtlClockSet) for SysCtlClockSet
    hsmtemplatemain.o(i.main) refers to termio.o(i.TERMIO_Init) for TERMIO_Init
    hsmtemplatemain.o(i.main) refers to puts.o(.text) for puts
    hsmtemplatemain.o(i.main) refers to noretval__2printf.o(.text) for __2printf
    hsmtemplatemain.o(i.main) refers to es_framework.o(i.ES_Initialize) for ES_Initialize
    hsmtemplatemain.o(i.main) refers to es_framework.o(i.ES_Run) for ES_Run
    eventcheckers.o(i.Check4Keystroke) refers to termio.o(i.kbhit) for kbhit
    eventcheckers.o(i.Check4Keystroke) refers to getc.o(.text) for getc
    eventcheckers.o(i.Check4Keystroke) refers to mapkeys.o(i.PostMapKeys) for PostMapKeys
    eventcheckers.o(i.Check4Keystroke) refers to retarget.o(.data) for __stdin
    mapkeys.o(i.InitMapKeys) refers to mapkeys.o(.data) for .data
    mapkeys.o(i.PostMapKeys) refers to es_framework.o(i.ES_PostToService) for ES_PostToService
    mapkeys.o(i.PostMapKeys) refers to mapkeys.o(.data) for .data
    mapkeys.o(i.RunMapKeys) refers to toupper.o(.text) for toupper
    mapkeys.o(i.RunMapKeys) refers to noretval__2printf.o(.text) for __2printf
    mapkeys.o(i.RunMapKeys) refers to master_sm.o(i.PostMasterSM) for PostMasterSM
    mapkeys.o(i.RunMapKeys) refers to drivetraincontrol_service.o(i.PostDriveTrainControlService) for PostDriveTrainControlService
    mapkeys.o(i.RunMapKeys) refers to periscopecontrol_service.o(i.PostPeriscopeControlService) for PostPeriscopeControlService
    mapkeys.o(i.RunMapKeys) refers to positionlogic_service.o(i.PostPositionLogicService) for PostPositionLogicService
    hsmtemplate.o(i.QueryTemplateSM) refers to hsmtemplate.o(.data) for .data
    hsmtemplate.o(i.StartTemplateSM) refers to hsmtemplate.o(i.RunTemplateSM) for RunTemplateSM
    hsmtemplate.o(i.StartTemplateSM) refers to hsmtemplate.o(.data) for .data
    tophsmtemplate.o(i.InitMasterTemplateTemplateSM) refers to tophsmtemplate.o(i.StartMasterTemplateSM) for StartMasterTemplateSM
    tophsmtemplate.o(i.InitMasterTemplateTemplateSM) refers to tophsmtemplate.o(.data) for .data
    tophsmtemplate.o(i.PostMasterTemplateSM) refers to es_framework.o(i.ES_PostToService) for ES_PostToService
    tophsmtemplate.o(i.PostMasterTemplateSM) refers to tophsmtemplate.o(.data) for .data
    tophsmtemplate.o(i.StartMasterTemplateSM) refers to tophsmtemplate.o(i.RunMasterTemplateSM) for RunMasterTemplateSM
    tophsmtemplate.o(i.StartMasterTemplateSM) refers to tophsmtemplate.o(.data) for .data
    master_sm.o(i.DuringDefault) refers to _printf_percent.o(.ARM.Collect$$_printf_percent$$00000000) for _printf_percent
    master_sm.o(i.DuringDefault) refers to _printf_d.o(.ARM.Collect$$_printf_percent$$00000009) for _printf_d
    master_sm.o(i.DuringDefault) refers to _printf_dec.o(.text) for _printf_int_dec
    master_sm.o(i.DuringDefault) refers to strategy_sm.o(i.RunStrategySM) for RunStrategySM
    master_sm.o(i.DuringDefault) refers to attackstrategy_sm.o(i.RunAttackStrategySM) for RunAttackStrategySM
    master_sm.o(i.DuringDefault) refers to enablepa25_pb23_pd7_pf0.o(i.PortFunctionInit) for PortFunctionInit
    master_sm.o(i.DuringDefault) refers to strategy_sm.o(i.StartStrategySM) for StartStrategySM
    master_sm.o(i.DuringDefault) refers to attackstrategy_sm.o(i.StartAttackStrategySM) for StartAttackStrategySM
    master_sm.o(i.DuringDefault) refers to halleffect_sm.o(i.StartHallEffectSM) for StartHallEffectSM
    master_sm.o(i.DuringDefault) refers to paclogic_sm.o(i.StartPACLogicSM) for StartPACLogicSM
    master_sm.o(i.DuringDefault) refers to halleffect_sm.o(i.RunHallEffectSM) for RunHallEffectSM
    master_sm.o(i.DuringDefault) refers to paclogic_sm.o(i.RunPACLogicSM) for RunPACLogicSM
    master_sm.o(i.DuringDefault) refers to noretval__2printf.o(.text) for __2printf
    master_sm.o(i.InitMasterSM) refers to helpers.o(i.GPIO_Init) for GPIO_Init
    master_sm.o(i.InitMasterSM) refers to master_sm.o(i.StartMasterSM) for StartMasterSM
    master_sm.o(i.InitMasterSM) refers to noretval__2printf.o(.text) for __2printf
    master_sm.o(i.InitMasterSM) refers to master_sm.o(.data) for .data
    master_sm.o(i.PostMasterSM) refers to es_framework.o(i.ES_PostToService) for ES_PostToService
    master_sm.o(i.PostMasterSM) refers to master_sm.o(.data) for .data
    master_sm.o(i.RunMasterSM) refers to master_sm.o(i.DuringDefault) for DuringDefault
    master_sm.o(i.RunMasterSM) refers to master_sm.o(.data) for .data
[...]
    RPMError                                 0x20000638   Data           4  cannoncontrol_service.o(.data)
    LastError                                0x2000063c   Data           4  cannoncontrol_service.o(.data)
    currentRPM                               0x20000640   Data           4  cannoncontrol_service.o(.data)
    Period                                   0x20000644   Data           4  cannoncontrol_service.o(.data)
    LastCapture                              0x20000648   Data           4  cannoncontrol_service.o(.data)
    RPMTarget                                0x2000064c   Data           4  cannoncontrol_service.o(.data)
    .data                                    0x20000650   Section        8  periscopecontrol_service.o(.data)
    MyPriority                               0x20000650   Data           1  periscopecontrol_service.o(.data)
    numTicks                                 0x20000654   Data           4  periscopecontrol_service.o(.data)
    .data                                    0x20000658   Section       12  enemycapturequeue.o(.data)
    q                                        0x20000658   Data          12  enemycapturequeue.o(.data)
    .data                                    0x20000664   Section        2  strategy_sm.o(.data)
    CurrentState                             0x20000664   Data           1  strategy_sm.o(.data)
    TargetStation                            0x20000665   Data           1  strategy_sm.o(.data)
    .data                                    0x20000668   Section      148  gameinfo.o(.data)
    MyBlockStatus                            0x20000668   Data           1  gameinfo.o(.data)
    EnemyBlockStatus                         0x20000669   Data           1  gameinfo.o(.data)
    PS_Array                                 0x2000066c   Data         144  gameinfo.o(.data)
    .data                                    0x200006fc   Section        6  es_framework.o(.data)
    ThisEvent                                0x200006fe   Data           4  es_framework.o(.data)
    .data                                    0x20000702   Section        4  es_port.o(.data)
    TickCount                                0x20000702   Data           1  es_port.o(.data)
    SysTickCounter                           0x20000704   Data           2  es_port.o(.data)
    .data                                    0x20000708   Section        4  es_queue.o(.data)
    .data                                    0x2000070c   Section       10  es_timers.o(.data)
    NextTimer2Process                        0x2000070c   Data           1  es_timers.o(.data)
    NeedsProcessing                          0x2000070e   Data           2  es_timers.o(.data)
    TMR_ActiveFlags                          0x20000710   Data           2  es_timers.o(.data)
    NewEvent                                 0x20000712   Data           4  es_timers.o(.data)
    .data                                    0x20000718   Section        4  retarget.o(.data)
    .data                                    0x2000071c   Section        4  retarget.o(.data)
    .data                                    0x20000720   Section        8  uartstdio.o(.data)
    bLastWasCR                               0x20000720   Data           1  uartstdio.o(.data)
    g_ui32Base                               0x20000724   Data           4  uartstdio.o(.data)
    .bss                                     0x20000728   Section       16  paclogic_sm.o(.bss)
    DeferralQueue                            0x20000728   Data          16  paclogic_sm.o(.bss)
    .bss                                     0x20000738   Section      160  halleffect_sm.o(.bss)
    HallSensor_LastPeriods                   0x20000738   Data         160  halleffect_sm.o(.bss)
    .bss                                     0x200007d8   Section       16  phototransistor_service.o(.bss)
    PhotoTransistor_LastPeriods              0x200007d8   Data          16  phototransistor_service.o(.bss)
    .bss                                     0x200007e8   Section       12  es_framework.o(.bss)
    Queue0                                   0x200007e8   Data          12  es_framework.o(.bss)
    .bss                                     0x200007f4   Section       44  es_framework.o(.bss)
    Queue1                                   0x200007f4   Data          44  es_framework.o(.bss)
    .bss                                     0x20000820   Section       24  es_framework.o(.bss)
    Queue2                                   0x20000820   Data          24  es_framework.o(.bss)
    .bss                                     0x20000838   Section       32  es_framework.o(.bss)
    Queue3                                   0x20000838   Data          32  es_framework.o(.bss)
    .bss                                     0x20000858   Section       24  es_framework.o(.bss)
    Queue4                                   0x20000858   Data          24  es_framework.o(.bss)
    .bss                                     0x20000870   Section       16  es_framework.o(.bss)
    Queue5                                   0x20000870   Data          16  es_framework.o(.bss)
    .bss                                     0x20000880   Section       16  es_framework.o(.bss)
    Queue6                                   0x20000880   Data          16  es_framework.o(.bss)
    .bss                                     0x20000890   Section       16  es_framework.o(.bss)
    Queue7                                   0x20000890   Data          16  es_framework.o(.bss)
    .bss                                     0x200008a0   Section       32  es_timers.o(.bss)
    TMR_TimerArray                           0x200008a0   Data          32  es_timers.o(.bss)
    .bss                                     0x200008c0   Section       96  libspace.o(.bss)
    HEAP                                     0x20000920   Section        0  startup_rvmdk.o(HEAP)
    STACK                                    0x20000920   Section     2048  startup_rvmdk.o(STACK)
    HeapMem                                  0x20000920   Data           0  startup_rvmdk.o(HEAP)
    StackMem                                 0x20000920   Data           0  startup_rvmdk.o(STACK)

    Global Symbols

    Symbol Name                              Value     Ov Type        Size  Object(Section)

    BuildAttributes$$THM_ISAv4$E$P$D$K$B$S$7EM$VFPi3$EXTD16$VFPS$VFMA$PE$A:L22UL41UL21$X:L11$S22US41US21$IEEE1$IW$USESV6$~STKCKD$USESV7$~SHL$OTIME$ROPI$IEEEX$EBA8$UX$STANDARDLIB$REQ8$PRES8$EABIv2 0x00000000   Number         0  anon$$obj.o ABSOLUTE
    __ARM_use_no_argv                        0x00000000   Number         0  hsmtemplatemain.o ABSOLUTE
    __Vectors                                0x00000000   Data           0  startup_rvmdk.o(RESET)
    __ARM_exceptions_init                     - Undefined Weak Reference
    __alloca_initialize                       - Undefined Weak Reference
    __cpp_initialize__aeabi_                  - Undefined Weak Reference
    __cxa_finalize                            - Undefined Weak Reference
    __sigvec_lookup                           - Undefined Weak Reference
    _atexit_init                              - Undefined Weak Reference
    _call_atexit_fns                          - Undefined Weak Reference
    _clock_init                               - Undefined Weak Reference
    _fp_trap_init                             - Undefined Weak Reference
    _fp_trap_shutdown                         - Undefined Weak Reference
    _get_lc_collate                           - Undefined Weak Reference
    _get_lc_monetary                          - Undefined Weak Reference
    _get_lc_time                              - Undefined Weak Reference
    _getenv_init                              - Undefined Weak Reference
    _handle_redirection                       - Undefined Weak Reference
    _init_alloc                               - Undefined Weak Reference
    _init_user_alloc                          - Undefined Weak Reference
    _initio                                   - Undefined Weak Reference
    _printf_mbtowc                            - Undefined Weak Reference
    _printf_post_padding                      - Undefined Weak Reference
    _printf_pre_padding                       - Undefined Weak Reference
    _printf_truncate_signed                   - Undefined Weak Reference
    _printf_truncate_unsigned                 - Undefined Weak Reference
    _rand_init                                - Undefined Weak Reference
    _signal_finish                            - Undefined Weak Reference
    _signal_init                              - Undefined Weak Reference
    _terminate_alloc                          - Undefined Weak Reference
    _terminate_user_alloc                     - Undefined Weak Reference
    _terminateio                              - Undefined Weak Reference
    Reset_Handler                            0x0000026d   Thumb Code     0  startup_rvmdk.o(RESET)
    __main                                   0x00000289   Thumb Code     8  __main.o(!!!main)
    __scatterload                            0x00000291   Thumb Code     0  __scatter.o(!!!scatter)
    __scatterload_rt2                        0x00000291   Thumb Code    44  __scatter.o(!!!scatter)
    __scatterload_rt2_thumb_only             0x00000291   Thumb Code     0  __scatter.o(!!!scatter)
    __scatterload_null                       0x0000029f   Thumb Code     0  __scatter.o(!!!scatter)
    __decompress                             0x000002c5   Thumb Code   100  __dclz77c.o(!!dclz77c)
    __decompress2                            0x000002c5   Thumb Code     0  __dclz77c.o(!!dclz77c)
    __scatterload_zeroinit                   0x00000329   Thumb Code    28  __scatter_zi.o(!!handler_zi)
    _printf_f                                0x00000345   Thumb Code     0  _printf_f.o(.ARM.Collect$$_printf_percent$$00000003)
    _printf_percent                          0x00000345   Thumb Code     0  _printf_percent.o(.ARM.Collect$$_printf_percent$$00000000)
    _printf_d                                0x0000034b   Thumb Code     0  _printf_d.o(.ARM.Collect$$_printf_percent$$00000009)
    _printf_x                                0x00000351   Thumb Code     0  _printf_x.o(.ARM.Collect$$_printf_percent$$0000000C)
    _printf_s                                0x00000357   Thumb Code     0  _printf_s.o(.ARM.Collect$$_printf_percent$$00000014)
    _printf_percent_end                      0x0000035d   Thumb Code     0  _printf_percent_end.o(.ARM.Collect$$_printf_percent$$00000017)
    __rt_lib_init                            0x00000361   Thumb Code     0  libinit.o(.ARM.Collect$$libinit$$00000000)
    __rt_lib_init_fp_1                       0x00000363   Thumb Code     0  libinit2.o(.ARM.Collect$$libinit$$00000001)
    __rt_lib_init_heap_1                     0x00000367   Thumb Code     0  libinit2.o(.ARM.Collect$$libinit$$00000008)
    __rt_lib_init_lc_common                  0x00000367   Thumb Code     0  libinit2.o(.ARM.Collect$$libinit$$0000000D)
    __rt_lib_init_rand_1                     0x00000367   Thumb Code     0  libinit2.o(.ARM.Collect$$libinit$$0000000C)
    __rt_lib_init_user_alloc_1               0x00000367   Thumb Code     0  libinit2.o(.ARM.Collect$$libinit$$0000000A)
    __rt_lib_init_lc_collate_1               0x0000036d   Thumb Code     0  libinit2.o(.ARM.Collect$$libinit$$0000000F)
    __rt_lib_init_lc_ctype_2                 0x0000036d   Thumb Code     0  libinit2.o(.ARM.Collect$$libinit$$00000010)
    __rt_lib_init_lc_ctype_1                 0x00000379   Thumb Code     0  libinit2.o(.ARM.Collect$$libinit$$00000011)
    __rt_lib_init_lc_monetary_1              0x00000379   Thumb Code     0  libinit2.o(.ARM.Collect$$libinit$$00000013)
    __rt_lib_init_lc_numeric_2               0x00000379   Thumb Code     0  libinit2.o(.ARM.Collect$$libinit$$00000014)
    __rt_lib_init_alloca_1                   0x00000383   Thumb Code     0  libinit2.o(.ARM.Collect$$libinit$$0000002C)
    __rt_lib_init_argv_1                     0x00000383   Thumb Code     0  libinit2.o(.ARM.Collect$$libinit$$0000002A)
    __rt_lib_init_atexit_1                   0x00000383   Thumb Code     0  libinit2.o(.ARM.Collect$$libinit$$00000019)
    __rt_lib_init_clock_1                    0x00000383   Thumb Code     0  libinit2.o(.ARM.Collect$$libinit$$0000001F)
    __rt_lib_init_cpp_1                      0x00000383   Thumb Code     0  libinit2.o(.ARM.Collect$$libinit$$00000030)
    __rt_lib_init_exceptions_1               0x00000383   Thumb Code     0  libinit2.o(.ARM.Collect$$libinit$$0000002E)
    __rt_lib_init_fp_trap_1                  0x00000383   Thumb Code     0  libinit2.o(.ARM.Collect$$libinit$$0000001D)
    __rt_lib_init_getenv_1                   0x00000383   Thumb Code     0  libinit2.o(.ARM.Collect$$libinit$$00000021)
    __rt_lib_init_lc_numeric_1               0x00000383   Thumb Code     0  libinit2.o(.ARM.Collect$$libinit$$00000015)
    __rt_lib_init_lc_time_1                  0x00000383   Thumb Code     0  libinit2.o(.ARM.Collect$$libinit$$00000017)
    __rt_lib_init_return                     0x00000383   Thumb Code     0  libinit2.o(.ARM.Collect$$libinit$$00000031)
    __rt_lib_init_signal_1                   0x00000383   Thumb Code     0  libinit2.o(.ARM.Collect$$libinit$$0000001B)
    __rt_lib_init_stdio_1                    0x00000383   Thumb Code     0  libinit2.o(.ARM.Collect$$libinit$$00000023)
    __rt_lib_shutdown                        0x00000385   Thumb Code     0  libshutdown.o(.ARM.Collect$$libshutdown$$00000000)
    __rt_lib_shutdown_fp_trap_1              0x00000387   Thumb Code     0  libshutdown2.o(.ARM.Collect$$libshutdown$$00000006)
    __rt_lib_shutdown_heap_1                 0x00000387   Thumb Code     0  libshutdown2.o(.ARM.Collect$$libshutdown$$0000000E)
    __rt_lib_shutdown_return                 0x00000387   Thumb Code     0  libshutdown2.o(.ARM.Collect$$libshutdown$$0000000F)
    __rt_lib_shutdown_signal_1               0x00000387   Thumb Code     0  libshutdown2.o(.ARM.Collect$$libshutdown$$00000009)
    __rt_lib_shutdown_stdio_1                0x00000387   Thumb Code     0  libshutdown2.o(.ARM.Collect$$libshutdown$$00000003)
    __rt_lib_shutdown_user_alloc_1           0x00000387   Thumb Code     0  libshutdown2.o(.ARM.Collect$$libshutdown$$0000000B)
    __rt_entry                               0x00000389   Thumb Code     0  rtentry.o(.ARM.Collect$$rtentry$$00000000)
    __rt_entry_presh_1                       0x00000389   Thumb Code     0  rtentry2.o(.ARM.Collect$$rtentry$$00000002)
    __rt_entry_sh                            0x00000389   Thumb Code     0  rtentry4.o(.ARM.Collect$$rtentry$$00000004)
    __rt_entry_li                            0x0000038f   Thumb Code     0  rtentry2.o(.ARM.Collect$$rtentry$$0000000A)
    __rt_entry_postsh_1                      0x0000038f   Thumb Code     0  rtentry2.o(.ARM.Collect$$rtentry$$00000009)
    __rt_entry_main                          0x00000393   Thumb Code     0  rtentry2.o(.ARM.Collect$$rtentry$$0000000D)
    __rt_entry_postli_1                      0x00000393   Thumb Code     0  rtentry2.o(.ARM.Collect$$rtentry$$0000000C)
    __rt_exit                                0x0000039b   Thumb Code     0  rtexit.o(.ARM.Collect$$rtexit$$00000000)
    __rt_exit_ls                             0x0000039d   Thumb Code     0  rtexit2.o(.ARM.Collect$$rtexit$$00000003)
    __rt_exit_prels_1                        0x0000039d   Thumb Code     0  rtexit2.o(.ARM.Collect$$rtexit$$00000002)
    __rt_exit_exit                           0x000003a1   Thumb Code     0  rtexit2.o(.ARM.Collect$$rtexit$$00000004)
    SysCtlDelay                              0x000003a9   Thumb Code     6  sysctl.o(.emb_text)
    CPUcpsid                                 0x000003b1   Thumb Code     8  cpu.o(.emb_text)
    CPUprimask                               0x000003b9   Thumb Code     6  cpu.o(.emb_text)
    CPUcpsie                                 0x000003bf   Thumb Code     8  cpu.o(.emb_text)
    CPUwfi                                   0x000003c7   Thumb Code     4  cpu.o(.emb_text)
    CPUbasepriSet                            0x000003cb   Thumb Code     6  cpu.o(.emb_text)
    CPUbasepriGet                            0x000003d1   Thumb Code     6  cpu.o(.emb_text)
    __user_initial_stackheap                 0x000003d9   Thumb Code     0  startup_rvmdk.o(.text)
    __I$use$semihosting                      0x000003f1   Thumb Code     0  use_no_semi.o(.text)
    __use_no_semihosting_swi                 0x000003f1   Thumb Code     2  use_no_semi.o(.text)
    toupper                                  0x000003f3   Thumb Code    30  toupper.o(.text)
    __2printf                                0x00000411   Thumb Code    20  noretval__2printf.o(.text)
    __printf                                 0x00000429   Thumb Code   104  __printf.o(.text)
    _printf_str                              0x00000491   Thumb Code    82  _printf_str.o(.text)
    _printf_int_dec                          0x000004e5   Thumb Code   100  _printf_dec.o(.text)
    _printf_int_hex                          0x00000559   Thumb Code    84  _printf_hex_int.o(.text)
    _printf_longlong_hex                     0x00000559   Thumb Code     0  _printf_hex_int.o(.text)
    getc                                     0x000005b1   Thumb Code     4  getc.o(.text)
    puts                                     0x000005b5   Thumb Code    40  puts.o(.text)
    __use_two_region_memory                  0x000005e1   Thumb Code     2  heapauxi.o(.text)
    __rt_heap_escrow$2region                 0x000005e3   Thumb Code     2  heapauxi.o(.text)
    __rt_heap_expand$2region                 0x000005e5   Thumb Code     2  heapauxi.o(.text)
    __rt_ctype_table                         0x000005e9   Thumb Code    16  rt_ctype_table.o(.text)
    __read_errno                             0x000005f9   Thumb Code    10  _rserrno.o(.text)
    __set_errno                              0x00000603   Thumb Code    12  _rserrno.o(.text)
    _printf_int_common                       0x0000060f   Thumb Code   178  _printf_intcommon.o(.text)
    __lib_sel_fp_printf                      0x000006c1   Thumb Code     2  _printf_fp_dec.o(.text)
    _printf_fp_dec_real                      0x0000086f   Thumb Code   616  _printf_fp_dec.o(.text)
    _printf_cs_common                        0x00000ad7   Thumb Code    20  _printf_char.o(.text)
    _printf_char                             0x00000aeb   Thumb Code    16  _printf_char.o(.text)
    _printf_string                           0x00000afb   Thumb Code     8  _printf_char.o(.text)
    _printf_char_file                        0x00000b05   Thumb Code    32  _printf_char_file.o(.text)
    __rt_locale                              0x00000b29   Thumb Code     8  rt_locale_intlibspace.o(.text)
    __aeabi_errno_addr                       0x00000b31   Thumb Code     8  rt_errno_addr_intlibspace.o(.text)
    __errno$intlibspace                      0x00000b31   Thumb Code     0  rt_errno_addr_intlibspace.o(.text)
    __rt_errno_addr$intlibspace              0x00000b31   Thumb Code     0  rt_errno_addr_intlibspace.o(.text)
    _ll_udiv10                               0x00000b39   Thumb Code   138  lludiv10.o(.text)
    _printf_char_common                      0x00000bcf   Thumb Code    32  _printf_char_common.o(.text)
    _printf_fp_infnan                        0x00000bf5   Thumb Code   112  _printf_fp_infnan.o(.text)
    _btod_etento                             0x00000c75   Thumb Code   212  bigflt0.o(.text)
    __user_libspace                          0x00000d4d   Thumb Code     8  libspace.o(.text)
    __user_perproc_libspace                  0x00000d4d   Thumb Code     0  libspace.o(.text)
    __user_perthread_libspace                0x00000d4d   Thumb Code     0  libspace.o(.text)
    __user_setup_stackheap                   0x00000d55   Thumb Code    74  sys_stackheap_outer.o(.text)
    exit                                     0x00000d9f   Thumb Code    12  exit.o(.text)
    strcmp                                   0x00000dad   Thumb Code   128  strcmpv7m.o(.text)
    _btod_d2e                                0x00000e2d   Thumb Code    62  btod.o(CL$$btod_d2e)
    _d2e_denorm_low                          0x00000e6b   Thumb Code    70  btod.o(CL$$btod_d2e_denorm_low)
    _d2e_norm_op1                            0x00000eb1   Thumb Code    96  btod.o(CL$$btod_d2e_norm_op1)
    __btod_div_common                        0x00000f11   Thumb Code   696  btod.o(CL$$btod_div_common)
    _e2e                                     0x00001249   Thumb Code   198  btod.o(CL$$btod_e2e)
    _btod_ediv                               0x0000130f   Thumb Code    40  btod.o(CL$$btod_ediv)
    _btod_emul                               0x00001337   Thumb Code    40  btod.o(CL$$btod_emul)
    __btod_mult_common                       0x0000135f   Thumb Code   580  btod.o(CL$$btod_mult_common)
    ApplyRotationAngle                       0x00001635   Thumb Code    26  positionlogic_service.o(i.ApplyRotationAngle)
    CPUgetPRIMASK_cpsid                      0x00001655   Thumb Code     8  es_port.o(i.CPUgetPRIMASK_cpsid)
    CPUsetPRIMASK                            0x0000165d   Thumb Code     6  es_port.o(i.CPUsetPRIMASK)
    CannonControl_PeriodicInterruptResponse  0x00001bd9   Thumb Code    44  cannoncontrol_service.o(i.CannonControl_PeriodicInterruptResponse)
    CannonEncoder_InterruptResponse          0x00001c09   Thumb Code    38  cannoncontrol_service.o(i.CannonEncoder_InterruptResponse)
    Check4Keystroke                          0x00001c35   Thumb Code    40  eventcheckers.o(i.Check4Keystroke)
    DistanceToPoint                          0x0000204d   Thumb Code   152  positionlogic_service.o(i.DistanceToPoint)
    DriveControl_PeriodicInterruptResponse   0x0000210d   Thumb Code   128  drivetraincontrol_service.o(i.DriveControl_PeriodicInterruptResponse)
    DriveEncoder_Left_InterruptResponse      0x00002191   Thumb Code   104  drivetraincontrol_service.o(i.DriveEncoder_Left_InterruptResponse)
    DriveEncoder_Right_InterruptResponse     0x00002201   Thumb Code   104  drivetraincontrol_service.o(i.DriveEncoder_Right_InterruptResponse)
    ES_CheckUserEvents                       0x00002599   Thumb Code    34  es_checkevents.o(i.ES_CheckUserEvents)
    ES_DeQueue                               0x000025c1   Thumb Code    80  es_queue.o(i.ES_DeQueue)
    ES_EnQueueFIFO                           0x00002615   Thumb Code    66  es_queue.o(i.ES_EnQueueFIFO)
    ES_EnQueueLIFO                           0x0000265d   Thumb Code    66  es_queue.o(i.ES_EnQueueLIFO)
    ES_GetMSBitSet                           0x000026a5   Thumb Code    48  es_lookuptables.o(i.ES_GetMSBitSet)
    ES_InitQueue                             0x000026d9   Thumb Code    16  es_queue.o(i.ES_InitQueue)
    ES_Initialize                            0x000026e9   Thumb Code    72  es_framework.o(i.ES_Initialize)
    ES_PostToService                         0x00002735   Thumb Code    42  es_framework.o(i.ES_PostToService)
    ES_PostToServiceLIFO                     0x0000276d   Thumb Code    42  es_framework.o(i.ES_PostToServiceLIFO)
    ES_RecallEvents                          0x000027a5   Thumb Code    44  es_deferrecall.o(i.ES_RecallEvents)
    ES_Run                                   0x000027d1   Thumb Code    84  es_framework.o(i.ES_Run)
    ES_Timer_Init                            0x00002831   Thumb Code     4  es_timers.o(i.ES_Timer_Init)
    ES_Timer_InitTimer                       0x00002835   Thumb Code    44  es_timers.o(i.ES_Timer_InitTimer)
    ES_Timer_Tick_Resp                       0x00002871   Thumb Code    90  es_timers.o(i.ES_Timer_Tick_Resp)
    GPIODirModeSet                           0x000028dd   Thumb Code    40  gpio.o(i.GPIODirModeSet)
    GPIOPadConfigSet                         0x00002905   Thumb Code   314  gpio.o(i.GPIOPadConfigSet)
    GPIOPinConfigure                         0x00002a41   Thumb Code    64  gpio.o(i.GPIOPinConfigure)
    GPIOPinTypeGPIOInput                     0x00002a89   Thumb Code    28  gpio.o(i.GPIOPinTypeGPIOInput)
    GPIOPinTypeUART                          0x00002aa5   Thumb Code    28  gpio.o(i.GPIOPinTypeUART)
    GPIO_Clear                               0x00002ac1   Thumb Code    12  helpers.o(i.GPIO_Clear)
    GPIO_Init                                0x00002acd   Thumb Code    50  helpers.o(i.GPIO_Init)
    GPIO_Set                                 0x00002b09   Thumb Code    12  helpers.o(i.GPIO_Set)
    GetBeaconAngle                           0x00002b15   Thumb Code    16  phototransistor_service.o(i.GetBeaconAngle)
    GetLeftEncoderTicks                      0x00002b29   Thumb Code     6  drivetraincontrol_service.o(i.GetLeftEncoderTicks)
    GetPeriscopeAngle                        0x00002b35   Thumb Code    44  periscopecontrol_service.o(i.GetPeriscopeAngle)
    GetRequestCommand                        0x00002b75   Thumb Code    16  helpers.o(i.GetRequestCommand)
    GetRightEncoderTicks                     0x00002b85   Thumb Code     6  drivetraincontrol_service.o(i.GetRightEncoderTicks)
    GetStationOwner                          0x00002b91   Thumb Code    10  gameinfo.o(i.GetStationOwner)
    GetStationX                              0x00002ba1   Thumb Code    12  gameinfo.o(i.GetStationX)
    GetStationY                              0x00002bb1   Thumb Code    12  gameinfo.o(i.GetStationY)
    GetTargetFrequencyIndex                  0x00002bc1   Thumb Code     6  paclogic_sm.o(i.GetTargetFrequencyIndex)
    HE_InnerLeft_InterruptResponse           0x00002bcd   Thumb Code    64  halleffect_sm.o(i.HE_InnerLeft_InterruptResponse)
    HE_InnerRight_InterruptResponse          0x00002c11   Thumb Code    64  halleffect_sm.o(i.HE_InnerRight_InterruptResponse)
    HE_OuterLeft_InterruptResponse           0x00002c55   Thumb Code    64  halleffect_sm.o(i.HE_OuterLeft_InterruptResponse)
    HE_OuterRight_InterruptResponse          0x00002c99   Thumb Code    64  halleffect_sm.o(i.HE_OuterRight_InterruptResponse)
    InitCannonControlService                 0x00002cdd   Thumb Code    66  cannoncontrol_service.o(i.InitCannonControlService)
    InitDriveTrainControlService             0x00002d71   Thumb Code   130  drivetraincontrol_service.o(i.InitDriveTrainControlService)
    InitInputCapture                         0x00002e29   Thumb Code   300  helpers.o(i.InitInputCapture)
    InitMapKeys                              0x00002f61   Thumb Code     8  mapkeys.o(i.InitMapKeys)
    InitMasterSM                             0x00002f6d   Thumb Code    54  master_sm.o(i.InitMasterSM)
    InitPWM                                  0x00002fc9   Thumb Code   292  helpers.o(i.InitPWM)
    InitPWMService                           0x000030fd   Thumb Code   106  pwm_service.o(i.InitPWMService)
    InitPeriodic                             0x00003181   Thumb Code   192  helpers.o(i.InitPeriodic)
    InitPeriscopeControlService              0x00003251   Thumb Code    72  periscopecontrol_service.o(i.InitPeriscopeControlService)
    InitPhotoTransistorService               0x000032ed   Thumb Code    40  phototransistor_service.o(i.InitPhotoTransistorService)
    InitPositionLogicService                 0x00003319   Thumb Code    34  positionlogic_service.o(i.InitPositionLogicService)
    IntMasterEnable                          0x00003361   Thumb Code    14  interrupt.o(i.IntMasterEnable)
    IsAbsolutePosition                       0x00003371   Thumb Code     6  positionlogic_service.o(i.IsAbsolutePosition)
    IsMoving                                 0x0000337d   Thumb Code     6  drivetraincontrol_service.o(i.IsMoving)
    LatchPeriscope                           0x00003389   Thumb Code     8  periscopecontrol_service.o(i.LatchPeriscope)
    MyColor                                  0x00003395   Thumb Code     4  gameinfo.o(i.MyColor)
    PS_Period_Comparison                     0x00003399   Thumb Code    38  halleffect_sm.o(i.PS_Period_Comparison)
    PeriscopeEncoder_InterruptResponse_1     0x000033c5   Thumb Code    34  periscopecontrol_service.o(i.PeriscopeEncoder_InterruptResponse_1)
    PeriscopeEncoder_InterruptResponse_2     0x000033ed   Thumb Code    34  periscopecontrol_service.o(i.PeriscopeEncoder_InterruptResponse_2)
    PhotoTransistor_InterruptResponse        0x00003415   Thumb Code   352  phototransistor_service.o(i.PhotoTransistor_InterruptResponse)
    PortFunctionInit                         0x000035fd   Thumb Code   132  enablepa25_pb23_pd7_pf0.o(i.PortFunctionInit)
    PositionInQueue                          0x0000369d   Thumb Code    42  enemycapturequeue.o(i.PositionInQueue)
    PostDriveTrainControlService             0x000036cd   Thumb Code    10  drivetraincontrol_service.o(i.PostDriveTrainControlService)
    PostMapKeys                              0x000036dd   Thumb Code    10  mapkeys.o(i.PostMapKeys)
    PostMasterSM                             0x000036ed   Thumb Code    10  master_sm.o(i.PostMasterSM)
    PostPeriscopeControlService              0x000036fd   Thumb Code    10  periscopecontrol_service.o(i.PostPeriscopeControlService)
    PostPositionLogicService                 0x0000370d   Thumb Code    10  positionlogic_service.o(i.PostPositionLogicService)
    ReadDataRegister                         0x0000371d   Thumb Code     8  paclogic_sm.o(i.ReadDataRegister)
    ResetEncoderTicks                        0x00003729   Thumb Code    10  drivetraincontrol_service.o(i.ResetEncoderTicks)
    ResetUpdateTimes                         0x00003739   Thumb Code    24  phototransistor_service.o(i.ResetUpdateTimes)
    RunAttackStrategySM                      0x00003789   Thumb Code     2  attackstrategy_sm.o(i.RunAttackStrategySM)
    RunCannonControlService                  0x0000378b   Thumb Code    34  cannoncontrol_service.o(i.RunCannonControlService)
    RunCapturePSSM                           0x000037ad   Thumb Code   320  captureps_sm.o(i.RunCapturePSSM)
    RunDriveTrainControlService              0x000039e9   Thumb Code   266  drivetraincontrol_service.o(i.RunDriveTrainControlService)
    RunHallEffectSM                          0x00003b6d   Thumb Code   102  halleffect_sm.o(i.RunHallEffectSM)
    RunMapKeys                               0x00003c01   Thumb Code   242  mapkeys.o(i.RunMapKeys)
    RunMasterSM                              0x00003ea5   Thumb Code    22  master_sm.o(i.RunMasterSM)
    RunPACLogicSM                            0x00003ec1   Thumb Code   280  paclogic_sm.o(i.RunPACLogicSM)
    RunPWMService                            0x00004081   Thumb Code     8  pwm_service.o(i.RunPWMService)
    RunPeriscopeControlService               0x00004089   Thumb Code    56  periscopecontrol_service.o(i.RunPeriscopeControlService)
    RunPhotoTransistorService                0x000040c5   Thumb Code     8  phototransistor_service.o(i.RunPhotoTransistorService)
    RunPositionLogicService                  0x000040cd   Thumb Code    78  positionlogic_service.o(i.RunPositionLogicService)
    RunRequestSM                             0x0000412d   Thumb Code    94  request_sm.o(i.RunRequestSM)
    RunSendingByteSM                         0x00004195   Thumb Code   114  sendingbyte_sm.o(i.RunSendingByteSM)
    RunSendingCMDSM                          0x00004211   Thumb Code   474  sendingcmd_sm.o(i.RunSendingCMDSM)
    RunStrategySM                            0x000043f5   Thumb Code   396  strategy_sm.o(i.RunStrategySM)
    SPI_Init                                 0x00004649   Thumb Code   192  paclogic_sm.o(i.SPI_Init)
    SSI_InterruptResponse                    0x0000472d   Thumb Code    16  paclogic_sm.o(i.SSI_InterruptResponse)
    SetPWM_Cannon                            0x00004741   Thumb Code    12  pwm_service.o(i.SetPWM_Cannon)
    SetPWM_DriveLeft                         0x0000474d   Thumb Code    66  pwm_service.o(i.SetPWM_DriveLeft)
    SetPWM_DriveRight                        0x00004799   Thumb Code    66  pwm_service.o(i.SetPWM_DriveRight)
    SetPWM_Periscope                         0x000047e5   Thumb Code    12  pwm_service.o(i.SetPWM_Periscope)
    SetPWM_PeriscopeLatch                    0x000047f1   Thumb Code    12  pwm_service.o(i.SetPWM_PeriscopeLatch)
    SetTargetFrequencyIndex                  0x000047fd   Thumb Code     6  paclogic_sm.o(i.SetTargetFrequencyIndex)
    SetTargetLocation                        0x00004809   Thumb Code    12  positionlogic_service.o(i.SetTargetLocation)
    StartAttackStrategySM                    0x00004819   Thumb Code    16  attackstrategy_sm.o(i.StartAttackStrategySM)
    StartCapturePSSM                         0x0000482d   Thumb Code    16  captureps_sm.o(i.StartCapturePSSM)
    StartHallEffectSM                        0x00004841   Thumb Code    30  halleffect_sm.o(i.StartHallEffectSM)
    StartMasterSM                            0x00004865   Thumb Code    10  master_sm.o(i.StartMasterSM)
    StartPACLogicSM                          0x00004875   Thumb Code    50  paclogic_sm.o(i.StartPACLogicSM)
    StartRequestSM                           0x000048cd   Thumb Code    16  request_sm.o(i.StartRequestSM)
    StartSendingByteSM                       0x000048e1   Thumb Code    16  sendingbyte_sm.o(i.StartSendingByteSM)
    StartSendingCMDSM                        0x000048f5   Thumb Code    16  sendingcmd_sm.o(i.StartSendingCMDSM)
    StartStrategySM                          0x00004909   Thumb Code    16  strategy_sm.o(i.StartStrategySM)
    SysCtlClockSet                           0x0000491d   Thumb Code   270  sysctl.o(i.SysCtlClockSet)
    SysCtlPeripheralEnable                   0x00004a3d   Thumb Code    36  sysctl.o(i.SysCtlPeripheralEnable)
    SysTickEnable                            0x00004a65   Thumb Code    14  systick.o(i.SysTickEnable)
    SysTickIntEnable                         0x00004a73   Thumb Code    14  systick.o(i.SysTickIntEnable)
    SysTickIntHandler                        0x00004a81   Thumb Code    16  es_port.o(i.SysTickIntHandler)
    SysTickPeriodSet                         0x00004a95   Thumb Code    10  systick.o(i.SysTickPeriodSet)
    TERMIO_GetChar                           0x00004a9f   Thumb Code     4  termio.o(i.TERMIO_GetChar)
    TERMIO_Init                              0x00004aa5   Thumb Code    62  termio.o(i.TERMIO_Init)
    TERMIO_PutChar                           0x00004af5   Thumb Code     8  termio.o(i.TERMIO_PutChar)
    ToAppropriateRange                       0x00004b01   Thumb Code    38  positionlogic_service.o(i.ToAppropriateRange)
    UARTCharPut                              0x00004b51   Thumb Code    12  uart.o(i.UARTCharPut)
    UARTClockSourceSet                       0x00004b5d   Thumb Code     6  uart.o(i.UARTClockSourceSet)
    UARTStdioConfig                          0x00004b65   Thumb Code    82  uartstdio.o(i.UARTStdioConfig)
    UARTgetc                                 0x00004bc1   Thumb Code    20  uartstdio.o(i.UARTgetc)
    UnlatchPeriscope                         0x00004bd9   Thumb Code     8  periscopecontrol_service.o(i.UnlatchPeriscope)
    UpdateADStatus                           0x00004be1   Thumb Code    24  gameinfo.o(i.UpdateADStatus)
    WriteDataRegister                        0x00004bfd   Thumb Code     6  paclogic_sm.o(i.WriteDataRegister)
    _HW_Process_Pending_Ints                 0x00004c09   Thumb Code    26  es_port.o(i._HW_Process_Pending_Ints)
    _HW_Timer_Init                           0x00004c29   Thumb Code    22  es_port.o(i._HW_Timer_Init)
    __ARM_fpclassify                         0x00004c3f   Thumb Code    48  fpclassify.o(i.__ARM_fpclassify)
    __hardfp_asin                            0x00004c71   Thumb Code   770  asin.o(i.__hardfp_asin)
    __hardfp_atan                            0x00004fe1   Thumb Code   632  atan.o(i.__hardfp_atan)
    __hardfp_atan2                           0x000052c1   Thumb Code   426  atan2.o(i.__hardfp_atan2)
    __hardfp_cos                             0x000054b1   Thumb Code   200  cos.o(i.__hardfp_cos)
    __hardfp_fabs                            0x00005589   Thumb Code    20  fabs.o(i.__hardfp_fabs)
    __hardfp_sin                             0x000055a1   Thumb Code   200  sin.o(i.__hardfp_sin)
    __hardfp_sqrt                            0x00005679   Thumb Code   122  sqrt.o(i.__hardfp_sqrt)
    __ieee754_rem_pio2                       0x000056f9   Thumb Code   938  rred.o(i.__ieee754_rem_pio2)
    __kernel_cos                             0x00005b31   Thumb Code   322  cos_i.o(i.__kernel_cos)
    __kernel_poly                            0x00005ca1   Thumb Code   248  poly.o(i.__kernel_poly)
    __kernel_sin                             0x00005d99   Thumb Code   280  sin_i.o(i.__kernel_sin)
    __mathlib_dbl_underflow                  0x00005ec9   Thumb Code    24  dunder.o(i.__mathlib_dbl_underflow)
    _sys_exit                                0x00005ee9   Thumb Code     2  retarget.o(i._sys_exit)
    atan                                     0x00005eeb   Thumb Code    16  atan.o(i.atan)
    captureInterrupt                         0x000060b1   Thumb Code    22  helpers.o(i.captureInterrupt)
    checkAcknowledged                        0x000060cd   Thumb Code    30  helpers.o(i.checkAcknowledged)
    checkLocation                            0x000060eb   Thumb Code     4  helpers.o(i.checkLocation)
    checkResponseReadyByte                   0x000060ef   Thumb Code    20  helpers.o(i.checkResponseReadyByte)
    clamp                                    0x00006103   Thumb Code    52  helpers.o(i.clamp)
    clearCaptureInterrupt                    0x00006139   Thumb Code    22  helpers.o(i.clearCaptureInterrupt)
    clearPeriodicInterrupt                   0x00006155   Thumb Code    22  helpers.o(i.clearPeriodicInterrupt)
    detectPollingStation                     0x00006171   Thumb Code   110  halleffect_sm.o(i.detectPollingStation)
    disableCaptureInterrupt                  0x000061e9   Thumb Code    28  helpers.o(i.disableCaptureInterrupt)
    disableHEInterrupts                      0x00006209   Thumb Code    54  halleffect_sm.o(i.disableHEInterrupts)
    enableCaptureInterrupt                   0x00006241   Thumb Code    28  helpers.o(i.enableCaptureInterrupt)
    enableHEInterrupts                       0x00006261   Thumb Code    54  halleffect_sm.o(i.enableHEInterrupts)
    fabs                                     0x00006297   Thumb Code    24  fabs.o(i.fabs)
    ferror                                   0x000062af   Thumb Code     6  retarget.o(i.ferror)
    fgetc                                    0x000062b5   Thumb Code     4  retarget.o(i.fgetc)
    fputc                                    0x000062b9   Thumb Code    14  retarget.o(i.fputc)
    getResponseArray                         0x000062c9   Thumb Code     4  sendingcmd_sm.o(i.getResponseArray)
    initializeHEInterrupts                   0x000062d1   Thumb Code    54  halleffect_sm.o(i.initializeHEInterrupts)
    isGameStarted                            0x00006307   Thumb Code    18  gameinfo.o(i.isGameStarted)
    kbhit                                    0x00006319   Thumb Code    16  termio.o(i.kbhit)
    main                                     0x0000632d   Thumb Code    88  hsmtemplatemain.o(i.main)
    setPWM_value                             0x00006471   Thumb Code   164  helpers.o(i.setPWM_value)
    setTargetCannonSpeed                     0x00006525   Thumb Code    16  cannoncontrol_service.o(i.setTargetCannonSpeed)
    setTargetDriveSpeed                      0x00006539   Thumb Code    32  drivetraincontrol_service.o(i.setTargetDriveSpeed)
    setTargetEncoderTicks                    0x0000655d   Thumb Code   114  drivetraincontrol_service.o(i.setTargetEncoderTicks)
    sqrt                                     0x00006611   Thumb Code   110  sqrt.o(i.sqrt)
    toleranceCheck                           0x0000667f   Thumb Code    20  halleffect_sm.o(i.toleranceCheck)
    updatePSStatuses                         0x00006695   Thumb Code    56  gameinfo.o(i.updatePSStatuses)
    updatePeriodArrays                       0x000066d1   Thumb Code    36  halleffect_sm.o(i.updatePeriodArrays)
    _get_lc_ctype                            0x000066f9   Thumb Code    44  lc_ctype_c.o(locale$$code)
    _get_lc_numeric                          0x00006725   Thumb Code    44  lc_numeric_c.o(locale$$code)
    __aeabi_dneg                             0x00006751   Thumb Code     0  basic.o(x$fpl$basic)
    _dneg                                    0x00006751   Thumb Code     6  basic.o(x$fpl$basic)
    __aeabi_fneg                             0x00006757   Thumb Code     0  basic.o(x$fpl$basic)
    _fneg                                    0x00006757   Thumb Code     6  basic.o(x$fpl$basic)
    _dabs                                    0x0000675d   Thumb Code     6  basic.o(x$fpl$basic)
    _fabs                                    0x00006763   Thumb Code     6  basic.o(x$fpl$basic)
    __aeabi_d2f                              0x00006769   Thumb Code     0  d2f.o(x$fpl$d2f)
    _d2f                                     0x00006769   Thumb Code    98  d2f.o(x$fpl$d2f)
    __aeabi_dadd                             0x000067cd   Thumb Code     0  daddsub_clz.o(x$fpl$dadd)
    _dadd                                    0x000067cd   Thumb Code   332  daddsub_clz.o(x$fpl$dadd)
    __aeabi_ddiv                             0x0000691d   Thumb Code     0  ddiv.o(x$fpl$ddiv)
    _ddiv                                    0x0000691d   Thumb Code   552  ddiv.o(x$fpl$ddiv)
    __aeabi_d2iz                             0x00006bcd   Thumb Code     0  dfix.o(x$fpl$dfix)
    _dfix                                    0x00006bcd   Thumb Code    94  dfix.o(x$fpl$dfix)
    __aeabi_i2d                              0x00006c2b   Thumb Code     0  dflt_clz.o(x$fpl$dflt)
    _dflt                                    0x00006c2b   Thumb Code    46  dflt_clz.o(x$fpl$dflt)
    __aeabi_ui2d                             0x00006c59   Thumb Code     0  dflt_clz.o(x$fpl$dfltu)
    _dfltu                                   0x00006c59   Thumb Code    38  dflt_clz.o(x$fpl$dfltu)
    __aeabi_dmul                             0x00006c81   Thumb Code     0  dmul.o(x$fpl$dmul)
    _dmul                                    0x00006c81   Thumb Code   332  dmul.o(x$fpl$dmul)
    __fpl_dnaninf                            0x00006dd5   Thumb Code   156  dnaninf.o(x$fpl$dnaninf)
    __fpl_dretinf                            0x00006e71   Thumb Code    12  dretinf.o(x$fpl$dretinf)
    __aeabi_drsub                            0x00006e7d   Thumb Code     0  daddsub_clz.o(x$fpl$drsb)
    _drsb                                    0x00006e7d   Thumb Code    22  daddsub_clz.o(x$fpl$drsb)
    _dsqrt                                   0x00006e95   Thumb Code   404  dsqrt_umaal.o(x$fpl$dsqrt)
    __aeabi_dsub                             0x0000702d   Thumb Code     0  daddsub_clz.o(x$fpl$dsub)
    _dsub                                    0x0000702d   Thumb Code   464  daddsub_clz.o(x$fpl$dsub)
    __aeabi_f2d                              0x00007201   Thumb Code     0  f2d.o(x$fpl$f2d)
    _f2d                                     0x00007201   Thumb Code    86  f2d.o(x$fpl$f2d)
    __fpl_fnaninf                            0x00007257   Thumb Code   140  fnaninf.o(x$fpl$fnaninf)
    _fp_init                                 0x000072e3   Thumb Code    10  fpinit.o(x$fpl$fpinit)
    __fplib_config_fpu_vfp                   0x000072eb   Thumb Code     0  fpinit.o(x$fpl$fpinit)
    __fplib_config_pureend_doubles           0x000072eb   Thumb Code     0  fpinit.o(x$fpl$fpinit)
    __fpl_fretinf                            0x000072ed   Thumb Code    10  fretinf.o(x$fpl$fretinf)
    _printf_fp_dec                           0x000072f7   Thumb Code     4  printf1.o(x$fpl$printf1)
    __I$use$fp                               0x000072fa   Number         0  usenofp.o(x$fpl$usenofp)
    BitNum2SetMask                           0x0000739c   Data          32  es_lookuptables.o(.constdata)
    Nybble2MSBitNum                          0x000073bc   Data          15  es_lookuptables.o(.constdata)
    __mathlib_zero                           0x00007778   Data           8  qnan.o(.constdata)
    Region$$Table$$Base                      0x00007918   Number         0  anon$$obj.o(Region$$Table)
    Region$$Table$$Limit                     0x00007938   Number         0  anon$$obj.o(Region$$Table)
    __ctype                                  0x00007945   Data           0  lc_ctype_c.o(locale$$data)
    lastCaptureOuterLeft                     0x2000053c   Data           4  halleffect_sm.o(.data)
    lastCaptureInnerLeft                     0x20000540   Data           4  halleffect_sm.o(.data)
    lastCaptureInnerRight                    0x20000544   Data           4  halleffect_sm.o(.data)
    lastCaptureOuterRight                    0x20000548   Data           4  halleffect_sm.o(.data)
    HallEffect_P                             0x2000054c   Data          64  halleffect_sm.o(.data)
    integralTerm                             0x20000634   Data           4  cannoncontrol_service.o(.data)
    Ready                                    0x200006fc   Data           2  es_framework.o(.data)
    _PRIMASK_temp                            0x20000708   Data           4  es_queue.o(.data)
    __stdout                                 0x20000718   Data           4  retarget.o(.data)
    __stdin                                  0x2000071c   Data           4  retarget.o(.data)
    __libspace_start                         0x200008c0   Data          96  libspace.o(.bss)
    __temporary_stack_top$libspace           0x20000920   Data           0  libspace.o(.bss)



==============================================================================

Memory Map of the image

  Image Entry point : 0x0000026d

  Load Region LR_IROM1 (Base: 0x00000000, Size: 0x0000818c, Max: 0x00040000, ABSOLUTE, COMPRESSED[0x00007d20])

    Execution Region ER_IROM1 (Base: 0x00000000, Size: 0x00007a64, Max: 0x00040000, ABSOLUTE)

    Base Addr    Size         Type   Attr      Idx    E Section Name        Object

    0x00000000   0x00000288   Code   RO         1424  * RESET               startup_rvmdk.o
    0x00000288   0x00000008   Code   RO         3090  * !!!main             c_w.l(__main.o)
    0x00000290   0x00000034   Code   RO         3454    !!!scatter          c_w.l(__scatter.o)
    0x000002c4   0x00000064   Code   RO         3452    !!dclz77c           c_w.l(__dclz77c.o)
    0x00000328   0x0000001c   Code   RO         3456    !!handler_zi        c_w.l(__scatter_zi.o)
    0x00000344   0x00000000   Code   RO         3083    .ARM.Collect$$_printf_percent$$00000000  c_w.l(_printf_percent.o)
    0x00000344   0x00000006   Code   RO         3082    .ARM.Collect$$_printf_percent$$00000003  c_w.l(_printf_f.o)
    0x0000034a   0x00000006   Code   RO         3081    .ARM.Collect$$_printf_percent$$00000009  c_w.l(_printf_d.o)
    0x00000350   0x00000006   Code   RO         3080    .ARM.Collect$$_printf_percent$$0000000C  c_w.l(_printf_x.o)
    0x00000356   0x00000006   Code   RO         3079    .ARM.Collect$$_printf_percent$$00000014  c_w.l(_printf_s.o)
    0x0000035c   0x00000004   Code   RO         3199    .ARM.Collect$$_printf_percent$$00000017  c_w.l(_printf_percent_end.o)
    0x00000360   0x00000002   Code   RO         3334    .ARM.Collect$$libinit$$00000000  c_w.l(libinit.o)
    0x00000362   0x00000004   Code   RO         3335    .ARM.Collect$$libinit$$00000001  c_w.l(libinit2.o)
    0x00000366   0x00000000   Code   RO         3339    .ARM.Collect$$libinit$$00000008  c_w.l(libinit2.o)
    0x00000366   0x00000000   Code   RO         3341    .ARM.Collect$$libinit$$0000000A  c_w.l(libinit2.o)
    0x00000366   0x00000000   Code   RO         3343    .ARM.Collect$$libinit$$0000000C  c_w.l(libinit2.o)
    0x00000366   0x00000006   Code   RO         3344    .ARM.Collect$$libinit$$0000000D  c_w.l(libinit2.o)
    0x0000036c   0x00000000   Code   RO         3346    .ARM.Collect$$libinit$$0000000F  c_w.l(libinit2.o)
    0x0000036c   0x0000000c   Code   RO         3347    .ARM.Collect$$libinit$$00000010  c_w.l(libinit2.o)
    0x00000378   0x00000000   Code   RO         3348    .ARM.Collect$$libinit$$00000011  c_w.l(libinit2.o)
    0x00000378   0x00000000   Code   RO         3350    .ARM.Collect$$libinit$$00000013  c_w.l(libinit2.o)
    0x00000378   0x0000000a   Code   RO         3351    .ARM.Collect$$libinit$$00000014  c_w.l(libinit2.o)
    0x00000382   0x00000000   Code   RO         3352    .ARM.Collect$$libinit$$00000015  c_w.l(libinit2.o)
    0x00000382   0x00000000   Code   RO         3354    .ARM.Collect$$libinit$$00000017  c_w.l(libinit2.o)
    0x00000382   0x00000000   Code   RO         3356    .ARM.Collect$$libinit$$00000019  c_w.l(libinit2.o)
    0x00000382   0x00000000   Code   RO         3358    .ARM.Collect$$libinit$$0000001B  c_w.l(libinit2.o)
    0x00000382   0x00000000   Code   RO         3360    .ARM.Collect$$libinit$$0000001D  c_w.l(libinit2.o)
    0x00000382   0x00000000   Code   RO         3362    .ARM.Collect$$libinit$$0000001F  c_w.l(libinit2.o)
    0x00000382   0x00000000   Code   RO         3364    .ARM.Collect$$libinit$$00000021  c_w.l(libinit2.o)
    0x00000382   0x00000000   Code   RO         3366    .ARM.Collect$$libinit$$00000023  c_w.l(libinit2.o)
    0x00000382   0x00000000   Code   RO         3370    .ARM.Collect$$libinit$$0000002A  c_w.l(libinit2.o)
    0x00000382   0x00000000   Code   RO         3372    .ARM.Collect$$libinit$$0000002C  c_w.l(libinit2.o)
    0x00000382   0x00000000   Code   RO         3374    .ARM.Collect$$libinit$$0000002E  c_w.l(libinit2.o)
    0x00000382   0x00000000   Code   RO         3376    .ARM.Collect$$libinit$$00000030  c_w.l(libinit2.o)
    0x00000382   0x00000002   Code   RO         3377    .ARM.Collect$$libinit$$00000031  c_w.l(libinit2.o)
    0x00000384   0x00000002   Code   RO         3405    .ARM.Collect$$libshutdown$$00000000  c_w.l(libshutdown.o)
    0x00000386   0x00000000   Code   RO         3415    .ARM.Collect$$libshutdown$$00000003  c_w.l(libshutdown2.o)
    0x00000386   0x00000000   Code   RO         3418    .ARM.Collect$$libshutdown$$00000006  c_w.l(libshutdown2.o)
    0x00000386   0x00000000   Code   RO         3421    .ARM.Collect$$libshutdown$$00000009  c_w.l(libshutdown2.o)
    0x00000386   0x00000000   Code   RO         3423    .ARM.Collect$$libshutdown$$0000000B  c_w.l(libshutdown2.o)
    0x00000386   0x00000000   Code   RO         3426    .ARM.Collect$$libshutdown$$0000000E  c_w.l(libshutdown2.o)
    0x00000386   0x00000002   Code   RO         3427    .ARM.Collect$$libshutdown$$0000000F  c_w.l(libshutdown2.o)
    0x00000388   0x00000000   Code   RO         3186    .ARM.Collect$$rtentry$$00000000  c_w.l(rtentry.o)
    0x00000388   0x00000000   Code   RO         3249    .ARM.Collect$$rtentry$$00000002  c_w.l(rtentry2.o)
    0x00000388   0x00000006   Code   RO         3261    .ARM.Collect$$rtentry$$00000004  c_w.l(rtentry4.o)
    0x0000038e   0x00000000   Code   RO         3251    .ARM.Collect$$rtentry$$00000009  c_w.l(rtentry2.o)
    0x0000038e   0x00000004   Code   RO         3252    .ARM.Collect$$rtentry$$0000000A  c_w.l(rtentry2.o)
    0x00000392   0x00000000   Code   RO         3254    .ARM.Collect$$rtentry$$0000000C  c_w.l(rtentry2.o)
    0x00000392   0x00000008   Code   RO         3255    .ARM.Collect$$rtentry$$0000000D  c_w.l(rtentry2.o)
    0x0000039a   0x00000002   Code   RO         3378    .ARM.Collect$$rtexit$$00000000  c_w.l(rtexit.o)
    0x0000039c   0x00000000   Code   RO         3385    .ARM.Collect$$rtexit$$00000002  c_w.l(rtexit2.o)
    0x0000039c   0x00000004   Code   RO         3386    .ARM.Collect$$rtexit$$00000003  c_w.l(rtexit2.o)
    0x000003a0   0x00000006   Code   RO         3387    .ARM.Collect$$rtexit$$00000004  c_w.l(rtexit2.o)
    0x000003a6   0x00000002   PAD
    0x000003a8   0x00000006   Code   RO         2318    .emb_text           driverlib.lib(sysctl.o)
    0x000003ae   0x00000002   PAD
    0x000003b0   0x00000026   Code   RO         3012    .emb_text           driverlib.lib(cpu.o)
    0x000003d6   0x00000002   PAD
    0x000003d8   0x00000018   Code   RO         1425    .text               startup_rvmdk.o
    0x000003f0   0x00000002   Code   RO         3024    .text               c_w.l(use_no_semi.o)
    0x000003f2   0x0000001e   Code   RO         3026    .text               c_w.l(toupper.o)
    0x00000410   0x00000018   Code   RO         3030    .text               c_w.l(noretval__2printf.o)
    0x00000428   0x00000068   Code   RO         3032    .text               c_w.l(__printf.o)
    0x00000490   0x00000052   Code   RO         3034    .text               c_w.l(_printf_str.o)
    0x000004e2   0x00000002   PAD
    0x000004e4   0x00000074   Code   RO         3036    .text               c_w.l(_printf_dec.o)
    0x00000558   0x00000058   Code   RO         3041    .text               c_w.l(_printf_hex_int.o)
    0x000005b0   0x00000004   Code   RO         3084    .text               c_w.l(getc.o)
    0x000005b4   0x0000002c   Code   RO         3086    .text               c_w.l(puts.o)
    0x000005e0   0x00000006   Code   RO         3088    .text               c_w.l(heapauxi.o)
    0x000005e6   0x00000002   PAD
    0x000005e8   0x00000010   Code   RO         3187    .text               c_w.l(rt_ctype_table.o)
    0x000005f8   0x00000016   Code   RO         3189    .text               c_w.l(_rserrno.o)
    0x0000060e   0x000000b2   Code   RO         3191    .text               c_w.l(_printf_intcommon.o)
    0x000006c0   0x00000416   Code   RO         3193    .text               c_w.l(_printf_fp_dec.o)
    0x00000ad6   0x0000002c   Code   RO         3195    .text               c_w.l(_printf_char.o)
    0x00000b02   0x00000002   PAD
    0x00000b04   0x00000024   Code   RO         3197    .text               c_w.l(_printf_char_file.o)
    0x00000b28   0x00000008   Code   RO         3266    .text               c_w.l(rt_locale_intlibspace.o)
    0x00000b30   0x00000008   Code   RO         3271    .text               c_w.l(rt_errno_addr_intlibspace.o)
    0x00000b38   0x0000008a   Code   RO         3273    .text               c_w.l(lludiv10.o)
    0x00000bc2   0x00000002   PAD
    0x00000bc4   0x00000030   Code   RO         3275    .text               c_w.l(_printf_char_common.o)
    0x00000bf4   0x00000080   Code   RO         3277    .text               c_w.l(_printf_fp_infnan.o)
    0x00000c74   0x000000d8   Code   RO         3279    .text               c_w.l(bigflt0.o)
    0x00000d4c   0x00000008   Code   RO         3318    .text               c_w.l(libspace.o)
    0x00000d54   0x0000004a   Code   RO         3321    .text               c_w.l(sys_stackheap_outer.o)
    0x00000d9e   0x0000000c   Code   RO         3325    .text               c_w.l(exit.o)
    0x00000daa   0x00000002   PAD
    0x00000dac   0x00000080   Code   RO         3327    .text               c_w.l(strcmpv7m.o)
    0x00000e2c   0x0000003e   Code   RO         3282    CL$$btod_d2e        c_w.l(btod.o)
    0x00000e6a   0x00000046   Code   RO         3284    CL$$btod_d2e_denorm_low  c_w.l(btod.o)
    0x00000eb0   0x00000060   Code   RO         3283    CL$$btod_d2e_norm_op1  c_w.l(btod.o)
    0x00000f10   0x00000338   Code   RO         3292    CL$$btod_div_common  c_w.l(btod.o)
    0x00001248   0x000000c6   Code   RO         3289    CL$$btod_e2e        c_w.l(btod.o)
    0x0000130e   0x00000028   Code   RO         3286    CL$$btod_ediv       c_w.l(btod.o)
    0x00001336   0x00000028   Code   RO         3285    CL$$btod_emul       c_w.l(btod.o)
    0x0000135e   0x00000244   Code   RO         3291    CL$$btod_mult_common  c_w.l(btod.o)
    0x000015a2   0x00000002   PAD
    0x000015a4   0x00000090   Code   RO          817    i.AlignToTarget     positionlogic_service.o
    0x00001634   0x00000020   Code   RO          818    i.ApplyRotationAngle  positionlogic_service.o
    0x00001654   0x00000008   Code   RO         1595    i.CPUgetPRIMASK_cpsid  es_port.o
    0x0000165c   0x00000006   Code   RO         1601    i.CPUsetPRIMASK     es_port.o
    0x00001662   0x00000002   PAD
    0x00001664   0x00000378   Code   RO          819    i.CalculateAbsolutePosition  positionlogic_service.o
    0x000019dc   0x000001fc   Code   RO          820    i.CalculateRelativePosition  positionlogic_service.o
    0x00001bd8   0x00000030   Code   RO         1125    i.CannonControl_PeriodicInterruptResponse  cannoncontrol_service.o
    0x00001c08   0x0000002c   Code   RO         1126    i.CannonEncoder_InterruptResponse  cannoncontrol_service.o
    0x00001c34   0x0000002c   Code   RO           74    i.Check4Keystroke   eventcheckers.o
    0x00001c60   0x00000274   Code   RO         1272    i.ChooseDestination  strategy_sm.o
    0x00001ed4   0x00000024   Code   RO          821    i.ConvertEncoderTicksToInches  positionlogic_service.o
    0x00001ef8   0x0000009c   Code   RO          822    i.DetermineAngleToTarget  positionlogic_service.o
    0x00001f94   0x000000b8   Code   RO          823    i.DetermineDistanceToTarget  positionlogic_service.o
    0x0000204c   0x000000c0   Code   RO          824    i.DistanceToPoint   positionlogic_service.o
    0x0000210c   0x00000084   Code   RO         1041    i.DriveControl_PeriodicInterruptResponse  drivetraincontrol_service.o
    0x00002190   0x00000070   Code   RO         1042    i.DriveEncoder_Left_InterruptResponse  drivetraincontrol_service.o
    0x00002200   0x00000070   Code   RO         1043    i.DriveEncoder_Right_InterruptResponse  drivetraincontrol_service.o
    0x00002270   0x000000b0   Code   RO          825    i.DriveToTarget     positionlogic_service.o
    0x00002320   0x000000f4   Code   RO          238    i.DuringDefault     master_sm.o
    0x00002414   0x00000078   Code   RO          415    i.DuringQuery_t     request_sm.o
    0x0000248c   0x0000010c   Code   RO          416    i.DuringRequest_t   request_sm.o
    0x00002598   0x00000028   Code   RO         1431    i.ES_CheckUserEvents  es_checkevents.o
    0x000025c0   0x00000054   Code   RO         1634    i.ES_DeQueue        es_queue.o
    0x00002614   0x00000048   Code   RO         1635    i.ES_EnQueueFIFO    es_queue.o
    0x0000265c   0x00000048   Code   RO         1636    i.ES_EnQueueLIFO    es_queue.o
    0x000026a4   0x00000034   Code   RO         1509    i.ES_GetMSBitSet    es_lookuptables.o
    0x000026d8   0x00000010   Code   RO         1637    i.ES_InitQueue      es_queue.o
    0x000026e8   0x0000004c   Code   RO         1457    i.ES_Initialize     es_framework.o
    0x00002734   0x00000038   Code   RO         1459    i.ES_PostToService  es_framework.o
    0x0000276c   0x00000038   Code   RO         1460    i.ES_PostToServiceLIFO  es_framework.o
    0x000027a4   0x0000002c   Code   RO         1445    i.ES_RecallEvents   es_deferrecall.o
    0x000027d0   0x00000060   Code   RO         1461    i.ES_Run            es_framework.o
    0x00002830   0x00000004   Code   RO         1677    i.ES_Timer_Init     es_timers.o
    0x00002834   0x0000003c   Code   RO         1678    i.ES_Timer_InitTimer  es_timers.o
    0x00002870   0x0000006c   Code   RO         1682    i.ES_Timer_Tick_Resp  es_timers.o
    0x000028dc   0x00000028   Code   RO         1881    i.GPIODirModeSet    driverlib.lib(gpio.o)
    0x00002904   0x0000013a   Code   RO         1891    i.GPIOPadConfigSet  driverlib.lib(gpio.o)
    0x00002a3e   0x00000002   PAD
    0x00002a40   0x00000048   Code   RO         1892    i.GPIOPinConfigure  driverlib.lib(gpio.o)
    0x00002a88   0x0000001c   Code   RO         1901    i.GPIOPinTypeGPIOInput  driverlib.lib(gpio.o)
    0x00002aa4   0x0000001c   Code   RO         1917    i.GPIOPinTypeUART   driverlib.lib(gpio.o)
    0x00002ac0   0x0000000c   Code   RO          458    i.GPIO_Clear        helpers.o
    0x00002acc   0x0000003c   Code   RO          459    i.GPIO_Init         helpers.o
    0x00002b08   0x0000000c   Code   RO          460    i.GPIO_Set          helpers.o
    0x00002b14   0x00000014   Code   RO          928    i.GetBeaconAngle    phototransistor_service.o
    0x00002b28   0x0000000c   Code   RO         1044    i.GetLeftEncoderTicks  drivetraincontrol_service.o
    0x00002b34   0x00000040   Code   RO         1175    i.GetPeriscopeAngle  periscopecontrol_service.o
    0x00002b74   0x00000010   Code   RO          461    i.GetRequestCommand  helpers.o
    0x00002b84   0x0000000c   Code   RO         1045    i.GetRightEncoderTicks  drivetraincontrol_service.o
    0x00002b90   0x00000010   Code   RO         1316    i.GetStationOwner   gameinfo.o
    0x00002ba0   0x00000010   Code   RO         1317    i.GetStationX       gameinfo.o
    0x00002bb0   0x00000010   Code   RO         1318    i.GetStationY       gameinfo.o
    0x00002bc0   0x0000000c   Code   RO          336    i.GetTargetFrequencyIndex  paclogic_sm.o
    0x00002bcc   0x00000044   Code   RO          694    i.HE_InnerLeft_InterruptResponse  halleffect_sm.o
    0x00002c10   0x00000044   Code   RO          695    i.HE_InnerRight_InterruptResponse  halleffect_sm.o
    0x00002c54   0x00000044   Code   RO          696    i.HE_OuterLeft_InterruptResponse  halleffect_sm.o
    0x00002c98   0x00000044   Code   RO          697    i.HE_OuterRight_InterruptResponse  halleffect_sm.o
    0x00002cdc   0x00000094   Code   RO         1127    i.InitCannonControlService  cannoncontrol_service.o
    0x00002d70   0x000000b8   Code   RO         1046    i.InitDriveTrainControlService  drivetraincontrol_service.o
    0x00002e28   0x00000138   Code   RO          462    i.InitInputCapture  helpers.o
    0x00002f60   0x0000000c   Code   RO          116    i.InitMapKeys       mapkeys.o
    0x00002f6c   0x0000005c   Code   RO          239    i.InitMasterSM      master_sm.o
    0x00002fc8   0x00000134   Code   RO          463    i.InitPWM           helpers.o
    0x000030fc   0x00000084   Code   RO          979    i.InitPWMService    pwm_service.o
    0x00003180   0x000000d0   Code   RO          464    i.InitPeriodic      helpers.o
    0x00003250   0x0000009c   Code   RO         1176    i.InitPeriscopeControlService  periscopecontrol_service.o
    0x000032ec   0x0000002c   Code   RO          930    i.InitPhotoTransistorService  phototransistor_service.o
    0x00003318   0x00000048   Code   RO          826    i.InitPositionLogicService  positionlogic_service.o
    0x00003360   0x0000000e   Code   RO         2206    i.IntMasterEnable   driverlib.lib(interrupt.o)
    0x0000336e   0x00000002   PAD
    0x00003370   0x0000000c   Code   RO          827    i.IsAbsolutePosition  positionlogic_service.o
    0x0000337c   0x0000000c   Code   RO         1047    i.IsMoving          drivetraincontrol_service.o
    0x00003388   0x0000000c   Code   RO         1177    i.LatchPeriscope    periscopecontrol_service.o
    0x00003394   0x00000004   Code   RO         1320    i.MyColor           gameinfo.o
    0x00003398   0x0000002c   Code   RO          698    i.PS_Period_Comparison  halleffect_sm.o
    0x000033c4   0x00000028   Code   RO         1178    i.PeriscopeEncoder_InterruptResponse_1  periscopecontrol_service.o
    0x000033ec   0x00000028   Code   RO         1179    i.PeriscopeEncoder_InterruptResponse_2  periscopecontrol_service.o
    0x00003414   0x000001e8   Code   RO          931    i.PhotoTransistor_InterruptResponse  phototransistor_service.o
    0x000035fc   0x000000a0   Code   RO         1383    i.PortFunctionInit  enablepa25_pb23_pd7_pf0.o
    0x0000369c   0x00000030   Code   RO         1240    i.PositionInQueue   enemycapturequeue.o
    0x000036cc   0x00000010   Code   RO         1048    i.PostDriveTrainControlService  drivetraincontrol_service.o
    0x000036dc   0x00000010   Code   RO          117    i.PostMapKeys       mapkeys.o
    0x000036ec   0x00000010   Code   RO          240    i.PostMasterSM      master_sm.o
    0x000036fc   0x00000010   Code   RO         1180    i.PostPeriscopeControlService  periscopecontrol_service.o
    0x0000370c   0x00000010   Code   RO          828    i.PostPositionLogicService  positionlogic_service.o
    0x0000371c   0x0000000c   Code   RO          338    i.ReadDataRegister  paclogic_sm.o
    0x00003728   0x00000010   Code   RO         1049    i.ResetEncoderTicks  drivetraincontrol_service.o
    0x00003738   0x0000001c   Code   RO          933    i.ResetUpdateTimes  phototransistor_service.o
    0x00003754   0x00000034   Code   RO         1275    i.ResumePositioning  strategy_sm.o
    0x00003788   0x00000002   Code   RO          668    i.RunAttackStrategySM  attackstrategy_sm.o
    0x0000378a   0x00000022   Code   RO         1129    i.RunCannonControlService  cannoncontrol_service.o
    0x000037ac   0x0000023c   Code   RO          301    i.RunCapturePSSM    captureps_sm.o
    0x000039e8   0x00000184   Code   RO         1050    i.RunDriveTrainControlService  drivetraincontrol_service.o
    0x00003b6c   0x00000094   Code   RO          700    i.RunHallEffectSM   halleffect_sm.o
    0x00003c00   0x000002a4   Code   RO          118    i.RunMapKeys        mapkeys.o
    0x00003ea4   0x0000001c   Code   RO          241    i.RunMasterSM       master_sm.o
    0x00003ec0   0x000001c0   Code   RO          339    i.RunPACLogicSM     paclogic_sm.o
    0x00004080   0x00000008   Code   RO          981    i.RunPWMService     pwm_service.o
    0x00004088   0x0000003c   Code   RO         1182    i.RunPeriscopeControlService  periscopecontrol_service.o
    0x000040c4   0x00000008   Code   RO          934    i.RunPhotoTransistorService  phototransistor_service.o
    0x000040cc   0x00000060   Code   RO          829    i.RunPositionLogicService  positionlogic_service.o
    0x0000412c   0x00000068   Code   RO          418    i.RunRequestSM      request_sm.o
    0x00004194   0x0000007c   Code   RO          608    i.RunSendingByteSM  sendingbyte_sm.o
    0x00004210   0x000001e4   Code   RO          635    i.RunSendingCMDSM   sendingcmd_sm.o
    0x000043f4   0x00000254   Code   RO         1276    i.RunStrategySM     strategy_sm.o
    0x00004648   0x000000e4   Code   RO          340    i.SPI_Init          paclogic_sm.o
    0x0000472c   0x00000014   Code   RO          341    i.SSI_InterruptResponse  paclogic_sm.o
    0x00004740   0x0000000c   Code   RO          982    i.SetPWM_Cannon     pwm_service.o
    0x0000474c   0x0000004c   Code   RO          983    i.SetPWM_DriveLeft  pwm_service.o
    0x00004798   0x0000004c   Code   RO          984    i.SetPWM_DriveRight  pwm_service.o
    0x000047e4   0x0000000c   Code   RO          986    i.SetPWM_Periscope  pwm_service.o
    0x000047f0   0x0000000c   Code   RO          987    i.SetPWM_PeriscopeLatch  pwm_service.o
    0x000047fc   0x0000000c   Code   RO          342    i.SetTargetFrequencyIndex  paclogic_sm.o
    0x00004808   0x00000010   Code   RO          831    i.SetTargetLocation  positionlogic_service.o
    0x00004818   0x00000014   Code   RO          669    i.StartAttackStrategySM  attackstrategy_sm.o
    0x0000482c   0x00000014   Code   RO          302    i.StartCapturePSSM  captureps_sm.o
    0x00004840   0x00000024   Code   RO          701    i.StartHallEffectSM  halleffect_sm.o
    0x00004864   0x00000010   Code   RO          242    i.StartMasterSM     master_sm.o
    0x00004874   0x00000058   Code   RO          343    i.StartPACLogicSM   paclogic_sm.o
    0x000048cc   0x00000014   Code   RO          419    i.StartRequestSM    request_sm.o
    0x000048e0   0x00000014   Code   RO          609    i.StartSendingByteSM  sendingbyte_sm.o
    0x000048f4   0x00000014   Code   RO          636    i.StartSendingCMDSM  sendingcmd_sm.o
    0x00004908   0x00000014   Code   RO         1277    i.StartStrategySM   strategy_sm.o
    0x0000491c   0x00000120   Code   RO         2323    i.SysCtlClockSet    driverlib.lib(sysctl.o)
    0x00004a3c   0x00000028   Code   RO         2352    i.SysCtlPeripheralEnable  driverlib.lib(sysctl.o)
    0x00004a64   0x0000000e   Code   RO         2661    i.SysTickEnable     driverlib.lib(systick.o)
    0x00004a72   0x0000000e   Code   RO         2663    i.SysTickIntEnable  driverlib.lib(systick.o)
    0x00004a80   0x00000014   Code   RO         1561    i.SysTickIntHandler  es_port.o
    0x00004a94   0x0000000a   Code   RO         2667    i.SysTickPeriodSet  driverlib.lib(systick.o)
    0x00004a9e   0x00000004   Code   RO         1778    i.TERMIO_GetChar    termio.o
    0x00004aa2   0x00000002   PAD
    0x00004aa4   0x00000050   Code   RO         1779    i.TERMIO_Init       termio.o
    0x00004af4   0x0000000c   Code   RO         1780    i.TERMIO_PutChar    termio.o
    0x00004b00   0x00000030   Code   RO          832    i.ToAppropriateRange  positionlogic_service.o
    0x00004b30   0x00000010   Code   RO          833    i.ToDegrees         positionlogic_service.o
    0x00004b40   0x00000010   Code   RO          834    i.ToRadians         positionlogic_service.o
    0x00004b50   0x0000000c   Code   RO         2731    i.UARTCharPut       driverlib.lib(uart.o)
    0x00004b5c   0x00000006   Code   RO         2735    i.UARTClockSourceSet  driverlib.lib(uart.o)
    0x00004b62   0x00000002   PAD
    0x00004b64   0x0000005c   Code   RO         1821    i.UARTStdioConfig   uartstdio.o
    0x00004bc0   0x00000018   Code   RO         1822    i.UARTgetc          uartstdio.o
    0x00004bd8   0x00000008   Code   RO         1183    i.UnlatchPeriscope  periscopecontrol_service.o
    0x00004be0   0x0000001c   Code   RO         1322    i.UpdateADStatus    gameinfo.o
    0x00004bfc   0x0000000c   Code   RO          344    i.WriteDataRegister  paclogic_sm.o
    0x00004c08   0x00000020   Code   RO         1563    i._HW_Process_Pending_Ints  es_port.o
    0x00004c28   0x00000016   Code   RO         1564    i._HW_Timer_Init    es_port.o
    0x00004c3e   0x00000030   Code   RO         3232    i.__ARM_fpclassify  m_wm.l(fpclassify.o)
    0x00004c6e   0x00000002   PAD
    0x00004c70   0x00000370   Code   RO         3118    i.__hardfp_asin     m_wm.l(asin.o)
    0x00004fe0   0x000002e0   Code   RO         3213    i.__hardfp_atan     m_wm.l(atan.o)
    0x000052c0   0x000001f0   Code   RO         3132    i.__hardfp_atan2    m_wm.l(atan2.o)
    0x000054b0   0x000000d8   Code   RO         3144    i.__hardfp_cos      m_wm.l(cos.o)
    0x00005588   0x00000014   Code   RO         3156    i.__hardfp_fabs     m_wm.l(fabs.o)
    0x0000559c   0x00000004   PAD
    0x000055a0   0x000000d8   Code   RO         3162    i.__hardfp_sin      m_wm.l(sin.o)
    0x00005678   0x0000007a   Code   RO         3174    i.__hardfp_sqrt     m_wm.l(sqrt.o)
    0x000056f2   0x00000006   PAD
    0x000056f8   0x00000438   Code   RO         3237    i.__ieee754_rem_pio2  m_wm.l(rred.o)
    0x00005b30   0x00000170   Code   RO         3227    i.__kernel_cos      m_wm.l(cos_i.o)
    0x00005ca0   0x000000f8   Code   RO         3234    i.__kernel_poly     m_wm.l(poly.o)
    0x00005d98   0x00000130   Code   RO         3242    i.__kernel_sin      m_wm.l(sin_i.o)
    0x00005ec8   0x00000020   Code   RO         3230    i.__mathlib_dbl_underflow  m_wm.l(dunder.o)
    0x00005ee8   0x00000002   Code   RO         1728    i._sys_exit         retarget.o
    0x00005eea   0x00000010   Code   RO         3215    i.atan              m_wm.l(atan.o)
    0x00005efa   0x00000002   PAD
    0x00005efc   0x000000ac   Code   RO         1051    i.calculateControlResponse  drivetraincontrol_service.o
    0x00005fa8   0x00000108   Code   RO         1130    i.calculateControlResponse  cannoncontrol_service.o
    0x000060b0   0x0000001c   Code   RO          465    i.captureInterrupt  helpers.o
    0x000060cc   0x0000001e   Code   RO          466    i.checkAcknowledged  helpers.o
    0x000060ea   0x00000004   Code   RO          467    i.checkLocation     helpers.o
    0x000060ee   0x00000014   Code   RO          468    i.checkResponseReadyByte  helpers.o
    0x00006102   0x00000034   Code   RO          469    i.clamp             helpers.o
    0x00006136   0x00000002   PAD
    0x00006138   0x0000001c   Code   RO          470    i.clearCaptureInterrupt  helpers.o
    0x00006154   0x0000001c   Code   RO          471    i.clearPeriodicInterrupt  helpers.o
    0x00006170   0x00000078   Code   RO          702    i.detectPollingStation  halleffect_sm.o
    0x000061e8   0x00000020   Code   RO          472    i.disableCaptureInterrupt  helpers.o
    0x00006208   0x00000036   Code   RO          703    i.disableHEInterrupts  halleffect_sm.o
    0x0000623e   0x00000002   PAD
    0x00006240   0x00000020   Code   RO          474    i.enableCaptureInterrupt  helpers.o
    0x00006260   0x00000036   Code   RO          704    i.enableHEInterrupts  halleffect_sm.o
    0x00006296   0x00000018   Code   RO         3158    i.fabs              m_wm.l(fabs.o)
    0x000062ae   0x00000006   Code   RO         1730    i.ferror            retarget.o
    0x000062b4   0x00000004   Code   RO         1731    i.fgetc             retarget.o
    0x000062b8   0x0000000e   Code   RO         1732    i.fputc             retarget.o
    0x000062c6   0x00000002   PAD
    0x000062c8   0x00000008   Code   RO          637    i.getResponseArray  sendingcmd_sm.o
    0x000062d0   0x00000036   Code   RO          705    i.initializeHEInterrupts  halleffect_sm.o
    0x00006306   0x00000012   Code   RO         1323    i.isGameStarted     gameinfo.o
    0x00006318   0x00000014   Code   RO         1781    i.kbhit             termio.o
    0x0000632c   0x00000144   Code   RO            1    i.main              hsmtemplatemain.o
    0x00006470   0x000000b4   Code   RO          479    i.setPWM_value      helpers.o
    0x00006524   0x00000014   Code   RO         1131    i.setTargetCannonSpeed  cannoncontrol_service.o
    0x00006538   0x00000024   Code   RO         1052    i.setTargetDriveSpeed  drivetraincontrol_service.o
    0x0000655c   0x000000b4   Code   RO         1053    i.setTargetEncoderTicks  drivetraincontrol_service.o
    0x00006610   0x0000006e   Code   RO         3176    i.sqrt              m_wm.l(sqrt.o)
    0x0000667e   0x00000014   Code   RO          706    i.toleranceCheck    halleffect_sm.o
    0x00006692   0x00000002   PAD
    0x00006694   0x0000003c   Code   RO         1324    i.updatePSStatuses  gameinfo.o
    0x000066d0   0x00000028   Code   RO          707    i.updatePeriodArrays  halleffect_sm.o
    0x000066f8   0x0000002c   Code   RO         3305    locale$$code        c_w.l(lc_ctype_c.o)
    0x00006724   0x0000002c   Code   RO         3308    locale$$code        c_w.l(lc_numeric_c.o)
    0x00006750   0x00000018   Code   RO         3092    x$fpl$basic         fz_wm.l(basic.o)
    0x00006768   0x00000062   Code   RO         3094    x$fpl$d2f           fz_wm.l(d2f.o)
    0x000067ca   0x00000002   PAD
    0x000067cc   0x00000150   Code   RO         3096    x$fpl$dadd          fz_wm.l(daddsub_clz.o)
    0x0000691c   0x000002b0   Code   RO         3103    x$fpl$ddiv          fz_wm.l(ddiv.o)
    0x00006bcc   0x0000005e   Code   RO         3312    x$fpl$dfix          fz_wm.l(dfix.o)
    0x00006c2a   0x0000002e   Code   RO         3107    x$fpl$dflt          fz_wm.l(dflt_clz.o)
    0x00006c58   0x00000026   Code   RO         3106    x$fpl$dfltu         fz_wm.l(dflt_clz.o)
    0x00006c7e   0x00000002   PAD
    0x00006c80   0x00000154   Code   RO         3112    x$fpl$dmul          fz_wm.l(dmul.o)
    0x00006dd4   0x0000009c   Code   RO         3202    x$fpl$dnaninf       fz_wm.l(dnaninf.o)
    0x00006e70   0x0000000c   Code   RO         3204    x$fpl$dretinf       fz_wm.l(dretinf.o)
    0x00006e7c   0x00000016   Code   RO         3097    x$fpl$drsb          fz_wm.l(daddsub_clz.o)
    0x00006e92   0x00000002   PAD
    0x00006e94   0x00000198   Code   RO         3206    x$fpl$dsqrt         fz_wm.l(dsqrt_umaal.o)
    0x0000702c   0x000001d4   Code   RO         3098    x$fpl$dsub          fz_wm.l(daddsub_clz.o)
    0x00007200   0x00000056   Code   RO         3114    x$fpl$f2d           fz_wm.l(f2d.o)
    0x00007256   0x0000008c   Code   RO         3208    x$fpl$fnaninf       fz_wm.l(fnaninf.o)
    0x000072e2   0x0000000a   Code   RO         3382    x$fpl$fpinit        fz_wm.l(fpinit.o)
    0x000072ec   0x0000000a   Code   RO         3210    x$fpl$fretinf       fz_wm.l(fretinf.o)
    0x000072f6   0x00000004   Code   RO         3116    x$fpl$printf1       fz_wm.l(printf1.o)
    0x000072fa   0x00000000   Code   RO         3212    x$fpl$usenofp       fz_wm.l(usenofp.o)
    0x000072fa   0x00000002   PAD
    0x000072fc   0x00000004   Data   RO          303    .constdata          captureps_sm.o
    0x00007300   0x00000004   Data   RO          346    .constdata          paclogic_sm.o
    0x00007304   0x00000004   Data   RO          420    .constdata          request_sm.o
    0x00007308   0x00000004   Data   RO          610    .constdata          sendingbyte_sm.o
    0x0000730c   0x00000004   Data   RO          638    .constdata          sendingcmd_sm.o
    0x00007310   0x00000004   Data   RO          709    .constdata          halleffect_sm.o
    0x00007314   0x00000004   Data   RO         1278    .constdata          strategy_sm.o
    0x00007318   0x00000004   Data   RO         1432    .constdata          es_checkevents.o
    0x0000731c   0x00000080   Data   RO         1470    .constdata          es_framework.o
    0x0000739c   0x00000020   Data   RO         1510    .constdata          es_lookuptables.o
    0x000073bc   0x0000000f   Data   RO         1511    .constdata          es_lookuptables.o
    0x000073cb   0x00000001   PAD
    0x000073cc   0x00000040   Data   RO         1684    .constdata          es_timers.o
    0x0000740c   0x0000001c   Data   RO         1827    .constdata          uartstdio.o
    0x00007428   0x00000210   Data   RO         1924    .constdata          driverlib.lib(gpio.o)
    0x00007638   0x00000028   Data   RO         3042    .constdata          c_w.l(_printf_hex_int.o)
    0x00007660   0x00000050   Data   RO         3121    .constdata          m_wm.l(asin.o)
    0x000076b0   0x00000098   Data   RO         3216    .constdata          m_wm.l(atan.o)
    0x00007748   0x00000030   Data   RO         3228    .constdata          m_wm.l(cos_i.o)
    0x00007778   0x00000008   Data   RO         3236    .constdata          m_wm.l(qnan.o)
    0x00007780   0x000000c8   Data   RO         3239    .constdata          m_wm.l(rred.o)
    0x00007848   0x00000028   Data   RO         3243    .constdata          m_wm.l(sin_i.o)
    0x00007870   0x00000094   Data   RO         3280    .constdata          c_w.l(bigflt0.o)
    0x00007904   0x00000011   Data   RO         1828    .conststring        uartstdio.o
    0x00007915   0x00000003   PAD
    0x00007918   0x00000020   Data   RO         3450    Region$$Table       anon$$obj.o
    0x00007938   0x00000110   Data   RO         3304    locale$$data        c_w.l(lc_ctype_c.o)
    0x00007a48   0x0000001c   Data   RO         3307    locale$$data        c_w.l(lc_numeric_c.o)


    Execution Region RW_IRAM1 (Base: 0x20000000, Size: 0x00001120, Max: 0x00008000, ABSOLUTE, COMPRESSED[0x000002bc])

    Base Addr    Size         Type   Attr      Idx    E Section Name        Object

    0x20000000   0x00000001   Data   RW          119    .data               mapkeys.o
    0x20000001   0x00000002   Data   RW          244    .data               master_sm.o
    0x20000003   0x00000001   Data   RW          304    .data               captureps_sm.o
    0x20000004   0x00000002   Data   RW          347    .data               paclogic_sm.o
    0x20000006   0x00000011   Data   RW          421    .data               request_sm.o
    0x20000017   0x00000001   PAD
    0x20000018   0x00000518   Data   RW          480    .data               helpers.o
    0x20000530   0x00000001   Data   RW          611    .data               sendingbyte_sm.o
    0x20000531   0x00000006   Data   RW          639    .data               sendingcmd_sm.o
    0x20000537   0x00000001   Data   RW          671    .data               attackstrategy_sm.o
    0x20000538   0x00000054   Data   RW          710    .data               halleffect_sm.o
    0x2000058c   0x0000001c   Data   RW          835    .data               positionlogic_service.o
    0x200005a8   0x0000003c   Data   RW          936    .data               phototransistor_service.o
    0x200005e4   0x00000001   Data   RW          988    .data               pwm_service.o
    0x200005e5   0x00000003   PAD
    0x200005e8   0x00000048   Data   RW         1054    .data               drivetraincontrol_service.o
    0x20000630   0x00000020   Data   RW         1132    .data               cannoncontrol_service.o
    0x20000650   0x00000008   Data   RW         1184    .data               periscopecontrol_service.o
    0x20000658   0x0000000c   Data   RW         1241    .data               enemycapturequeue.o
    0x20000664   0x00000002   Data   RW         1279    .data               strategy_sm.o
    0x20000666   0x00000002   PAD
    0x20000668   0x00000094   Data   RW         1325    .data               gameinfo.o
    0x200006fc   0x00000006   Data   RW         1471    .data               es_framework.o
    0x20000702   0x00000004   Data   RW         1565    .data               es_port.o
    0x20000706   0x00000002   PAD
    0x20000708   0x00000004   Data   RW         1639    .data               es_queue.o
    0x2000070c   0x0000000a   Data   RW         1685    .data               es_timers.o
    0x20000716   0x00000002   PAD
    0x20000718   0x00000004   Data   RW         1733    .data               retarget.o
    0x2000071c   0x00000004   Data   RW         1734    .data               retarget.o
    0x20000720   0x00000008   Data   RW         1829    .data               uartstdio.o
    0x20000728   0x00000010   Zero   RW          345    .bss                paclogic_sm.o
    0x20000738   0x000000a0   Zero   RW          708    .bss                halleffect_sm.o
    0x200007d8   0x00000010   Zero   RW          935    .bss                phototransistor_service.o
    0x200007e8   0x0000000c   Zero   RW         1462    .bss                es_framework.o
    0x200007f4   0x0000002c   Zero   RW         1463    .bss                es_framework.o
    0x20000820   0x00000018   Zero   RW         1464    .bss                es_framework.o
    0x20000838   0x00000020   Zero   RW         1465    .bss                es_framework.o
    0x20000858   0x00000018   Zero   RW         1466    .bss                es_framework.o
    0x20000870   0x00000010   Zero   RW         1467    .bss                es_framework.o
    0x20000880   0x00000010   Zero   RW         1468    .bss                es_framework.o
    0x20000890   0x00000010   Zero   RW         1469    .bss                es_framework.o
    0x200008a0   0x00000020   Zero   RW         1683    .bss                es_timers.o
    0x200008c0   0x00000060   Zero   RW         3319    .bss                c_w.l(libspace.o)
    0x20000920   0x00000000   Zero   RW         1423    HEAP                startup_rvmdk.o
    0x20000920   0x00000800   Zero   RW         1422    STACK               startup_rvmdk.o


==============================================================================

Image component sizes


      Code (inc. data)   RO Data    RW Data    ZI Data      Debug   Object Name

        22          4          0          1          0       1226   attackstrategy_sm.o
       558        112          0         32          0       4443   cannoncontrol_service.o
       592        256          4          1          0       3572   captureps_sm.o
      1384        322          0         72          0       9462   drivetraincontrol_service.o
       160         28          0          0          0       3619   enablepa25_pb23_pd7_pf0.o
        48          6          0         12          0       1246   enemycapturequeue.o
        40          6          4          0          0       1085   es_checkevents.o
        44          0          0          0          0        950   es_deferrecall.o
       284         44        128          6        184       3519   es_framework.o
        52          4         47          0          0       2278   es_lookuptables.o
        88         10          0          4          0       3454   es_port.o
       244         16          0          4          0       2890   es_queue.o
       172         34         64         10         32       2246   es_timers.o
        44          4          0          0          0       1230   eventcheckers.o
       158         22          0        148          0       4536   gameinfo.o
       842         88          4         84        160       9077   halleffect_sm.o
      1362         96          0       1304          0      10903   helpers.o
       324        236          0          0          0      10619   hsmtemplatemain.o
       704        444          0          1          0       1765   mapkeys.o
       396        160          0          2          0      13080   master_sm.o
       832        268          4          2         16       5544   paclogic_sm.o
       396        130          0          8          0       4431   periscopecontrol_service.o
       588        148          0         60         16       4853   phototransistor_service.o
      2608        506          0         28          0      10797   positionlogic_service.o
       328         46          0          1          0       3759   pwm_service.o
       512        174          4         17          0      11268   request_sm.o
        26          0          0          8          0       3471   retarget.o
       144         14          4          1          0       2096   sendingbyte_sm.o
       512         24          4          6          0       3649   sendingcmd_sm.o
       672        636          0          0       2048        508   startup_rvmdk.o
      1296        630          4          2          0       4250   strategy_sm.o
       116         26          0          0          0       1888   termio.o
       116         14         45          8          0       2812   uartstdio.o

    ----------------------------------------------------------------------
     15676       4508        352       1832       2456     150526   Object Totals
         0          0         32          0          0          0   (incl. Generated)
        12          0          4         10          0          0   (incl. Padding)

    ----------------------------------------------------------------------

      Code (inc. data)   RO Data    RW Data    ZI Data      Debug   Library Member Name

       100          0          0          0          0          0   __dclz77c.o
         8          0          0          0          0         68   __main.o
       104          0          0          0          0         84   __printf.o
        52          8          0          0          0          0   __scatter.o
        28          0          0          0          0          0   __scatter_zi.o
        44          0          0          0          0        108   _printf_char.o
        48          6          0          0          0         96   _printf_char_common.o
        36          4          0          0          0         80   _printf_char_file.o
         6          0          0          0          0          0   _printf_d.o
       116         16          0          0          0         92   _printf_dec.o
         6          0          0          0          0          0   _printf_f.o
      1046          0          0          0          0        216   _printf_fp_dec.o
       128         16          0          0          0         84   _printf_fp_infnan.o
        88          4         40          0          0         88   _printf_hex_int.o
       178          0          0          0          0         88   _printf_intcommon.o
         0          0          0          0          0          0   _printf_percent.o
         4          0          0          0          0          0   _printf_percent_end.o
         6          0          0          0          0          0   _printf_s.o
        82          0          0          0          0         80   _printf_str.o
         6          0          0          0          0          0   _printf_x.o
        22          0          0          0          0        100   _rserrno.o
       216          4        148          0          0         96   bigflt0.o
      1910        128          0          0          0        672   btod.o
        12          0          0          0          0         72   exit.o
         4          0          0          0          0         68   getc.o
         6          0          0          0          0        152   heapauxi.o
        44         10        272          0          0         76   lc_ctype_c.o
        44         10         28          0          0         76   lc_numeric_c.o
         2          0          0          0          0          0   libinit.o
        34          0          0          0          0          0   libinit2.o
         2          0          0          0          0          0   libshutdown.o
         2          0          0          0          0          0   libshutdown2.o
         8          4          0          0         96         68   libspace.o
       138          0          0          0          0         80   lludiv10.o
        24          4          0          0          0         84   noretval__2printf.o
        44          4          0          0          0         84   puts.o
        16          4          0          0          0         76   rt_ctype_table.o
         8          4          0          0          0         68   rt_errno_addr_intlibspace.o
         8          4          0          0          0         68   rt_locale_intlibspace.o
         0          0          0          0          0          0   rtentry.o
        12          0          0          0          0          0   rtentry2.o
         6          0          0          0          0          0   rtentry4.o
         2          0          0          0          0          0   rtexit.o
        10          0          0          0          0          0   rtexit2.o
       128          0          0          0          0         68   strcmpv7m.o
        74          0          0          0          0         80   sys_stackheap_outer.o
        30          0          0          0          0         76   toupper.o
         2          0          0          0          0         68   use_no_semi.o
        38          0          0          0          0        504   cpu.o
       482          8        528          0          0       6412   gpio.o
        14          0          0          0          0        450   interrupt.o
       334         22          0          0          0       1550   sysctl.o
        38          0          0          0          0       1218   systick.o
        18          0          0          0          0        867   uart.o
        24          0          0          0          0        164   basic.o
        98          4          0          0          0        140   d2f.o
       826         16          0          0          0        492   daddsub_clz.o
       688        140          0          0          0        256   ddiv.o
        94          4          0          0          0        140   dfix.o
        84          0          0          0          0        232   dflt_clz.o
       340         12          0          0          0        152   dmul.o
       156          4          0          0          0        140   dnaninf.o
        12          0          0          0          0        116   dretinf.o
       408         56          0          0          0        168   dsqrt_umaal.o
        86          4          0          0          0        132   f2d.o
       140          4          0          0          0        132   fnaninf.o
        10          0          0          0          0        116   fpinit.o
        10          0          0          0          0        116   fretinf.o
         4          0          0          0          0        116   printf1.o
         0          0          0          0          0          0   usenofp.o
       880        110         80          0          0        200   asin.o
       752        104        152          0          0        344   atan.o
       496         70          0          0          0        156   atan2.o
       216         16          0          0          0        152   cos.o
       368         46         48          0          0        200   cos_i.o
        32          8          0          0          0        124   dunder.o
        44          0          0          0          0        248   fabs.o
        48          0          0          0          0        124   fpclassify.o
       248          0          0          0          0        152   poly.o
         0          0          8          0          0          0   qnan.o
      1080        142        200          0          0        188   rred.o
       216         16          0          0          0        152   sin.o
       304         24         40          0          0        208   sin_i.o
       232          0          0          0          0        296   sqrt.o

    ----------------------------------------------------------------------
     13760       1040       1544          0         96      19373   Library Totals
        46          0          0          0          0          0   (incl. Padding)

    ----------------------------------------------------------------------

      Code (inc. data)   RO Data    RW Data    ZI Data      Debug   Library Name

      4894        230        488          0         96       3216   c_w.l
       924         30        528          0          0      11001   driverlib.lib
      2980        244          0          0          0       2612   fz_wm.l
      4916        536        528          0          0       2544   m_wm.l

    ----------------------------------------------------------------------
     13760       1040       1544          0         96      19373   Library Totals

    ----------------------------------------------------------------------

==============================================================================


      Code (inc. data)   RO Data    RW Data    ZI Data      Debug   

     29436       5548       1896       1832       2552     148631   Grand Totals
     29436       5548       1896        700       2552     148631   ELF Image Totals (compressed)
     29436       5548       1896        700          0          0   ROM Totals

==============================================================================

    Total RO  Size (Code + RO Data)                31332 (  30.60kB)
    Total RW  Size (RW Data + ZI Data)              4384 (   4.28kB)
    Total ROM Size (Code + RO Data + RW Data)      32032 (  31.28kB)

==============================================================================

