<html>
<body>
<pre>
<h1>µVision Build Log</h1>
<h2>Project:</h2>
U:\estrasni\project\UVFrameworkHSMTemplate.uvproj
Project File Date:  02/21/2016

<h2>Output:</h2>
Build target 'BaseFrameworkTarget'
compiling MapKeys.c...
compiling Master_SM.c...
compiling CapturePS_SM.c...
compiling PACLogic_SM.c...
compiling Request_SM.c...
compiling Helpers.c...
compiling SendingByte_SM.c...
compiling SendingCMD_SM.c...
compiling HallEffect_SM.c...
compiling PositionLogic_Service.c...
compiling PhotoTransistor_Service.c...
Source\PhotoTransistor_Service.c(303): warning:  #1-D: last line of file ends without a newline
  }
Source\PhotoTransistor_Service.c(77): warning:  #550-D: variable "LastBeacon" was set but never used
  static uint8_t LastBeacon = NULL_BEACON;
Source\PhotoTransistor_Service.c: 2 warnings, 0 errors
compiling PWM_Service.c...
compiling DriveTrainControl_Service.c...
compiling CannonControl_Service.c...
compiling PeriscopeControl_Service.c...
compiling EnemyCaptureQueue.c...
compiling Strategy_SM.c...
Source\Strategy_SM.c(158): warning:  #223-D: function "ApplyRotationAngle" declared implicitly
                                                        ApplyRotationAngle();
Source\Strategy_SM.c(314): warning:  #69-D: integer conversion resulted in truncation
                                ES_Timer_InitTimer(GAME_TIMER, GAME_TIMER_T);
Source\Strategy_SM.c: 2 warnings, 0 errors
compiling GameInfo.c...
linking...
Program Size: Code=29252 RO-data=1896 RW-data=1828 ZI-data=2556  
After Build - User command #1: fromelf --bin --output .\Outputs\BaseTarget.bin .\Outputs\BaseTarget.axf
".\Outputs\BaseTarget.axf" - 0 Error(s), 4 Warning(s).
Load "U:\\estrasni\\project\\Outputs\\BaseTarget.axf" 
Connecting: Mode=JTAG, Speed=1000000Hz
Connection failed!, error code=&d
Error: Flash Download failed  -  Target DLL has been cancelled
Load "U:\\estrasni\\project\\Outputs\\BaseTarget.axf" 
Connecting: Mode=JTAG, Speed=1000000Hz
Erase Done.
Programming Done.
Verify OK.
</pre>
</body>
</html>
