Product: MDK-ARM Professional 5.10
Component: ARM Compiler 5.04 update 1 (build 49)
Tool: armlink [5040049]

==============================================================================

Section Cross References

    hsmtemplatemain.o(i.main) refers to _printf_percent.o(.ARM.Collect$$_printf_percent$$00000000) for _printf_percent
    hsmtemplatemain.o(i.main) refers to _printf_s.o(.ARM.Collect$$_printf_percent$$00000014) for _printf_s
    hsmtemplatemain.o(i.main) refers to _printf_str.o(.text) for _printf_str
    hsmtemplatemain.o(i.main) refers to sysctl.o(i.SysCtlClockSet) for SysCtlClockSet
    hsmtemplatemain.o(i.main) refers to termio.o(i.TERMIO_Init) for TERMIO_Init
    hsmtemplatemain.o(i.main) refers to puts.o(.text) for puts
    hsmtemplatemain.o(i.main) refers to noretval__2printf.o(.text) for __2printf
    hsmtemplatemain.o(i.main) refers to es_framework.o(i.ES_Initialize) for ES_Initialize
    hsmtemplatemain.o(i.main) refers to es_framework.o(i.ES_Run) for ES_Run
    eventcheckers.o(i.Check4Keystroke) refers to termio.o(i.kbhit) for kbhit
    eventcheckers.o(i.Check4Keystroke) refers to getc.o(.text) for getc
    eventcheckers.o(i.Check4Keystroke) refers to mapkeys.o(i.PostMapKeys) for PostMapKeys
    eventcheckers.o(i.Check4Keystroke) refers to retarget.o(.data) for __stdin
    mapkeys.o(i.InitMapKeys) refers to mapkeys.o(.data) for .data
    mapkeys.o(i.PostMapKeys) refers to es_framework.o(i.ES_PostToService) for ES_PostToService
    mapkeys.o(i.PostMapKeys) refers to mapkeys.o(.data) for .data
    mapkeys.o(i.RunMapKeys) refers to toupper.o(.text) for toupper
    mapkeys.o(i.RunMapKeys) refers to noretval__2printf.o(.text) for __2printf
    mapkeys.o(i.RunMapKeys) refers to master_sm.o(i.PostMasterSM) for PostMasterSM
    mapkeys.o(i.RunMapKeys) refers to drivetraincontrol_service.o(i.PostDriveTrainControlService) for PostDriveTrainControlService
    mapkeys.o(i.RunMapKeys) refers to periscopecontrol_service.o(i.PostPeriscopeControlService) for PostPeriscopeControlService
    mapkeys.o(i.RunMapKeys) refers to positionlogic_service.o(i.PostPositionLogicService) for PostPositionLogicService
    hsmtemplate.o(i.QueryTemplateSM) refers to hsmtemplate.o(.data) for .data
    hsmtemplate.o(i.StartTemplateSM) refers to hsmtemplate.o(i.RunTemplateSM) for RunTemplateSM
    hsmtemplate.o(i.StartTemplateSM) refers to hsmtemplate.o(.data) for .data
    tophsmtemplate.o(i.InitMasterTemplateTemplateSM) refers to tophsmtemplate.o(i.StartMasterTemplateSM) for StartMasterTemplateSM
    tophsmtemplate.o(i.InitMasterTemplateTemplateSM) refers to tophsmtemplate.o(.data) for .data
    tophsmtemplate.o(i.PostMasterTemplateSM) refers to es_framework.o(i.ES_PostToService) for ES_PostToService
    tophsmtemplate.o(i.PostMasterTemplateSM) refers to tophsmtemplate.o(.data) for .data
    tophsmtemplate.o(i.StartMasterTemplateSM) refers to tophsmtemplate.o(i.RunMasterTemplateSM) for RunMasterTemplateSM
    tophsmtemplate.o(i.StartMasterTemplateSM) refers to tophsmtemplate.o(.data) for .data
    master_sm.o(i.DuringDefault) refers to _printf_percent.o(.ARM.Collect$$_printf_percent$$00000000) for _printf_percent
    master_sm.o(i.DuringDefault) refers to _printf_d.o(.ARM.Collect$$_printf_percent$$00000009) for _printf_d
    master_sm.o(i.DuringDefault) refers to _printf_dec.o(.text) for _printf_int_dec
    master_sm.o(i.DuringDefault) refers to strategy_sm.o(i.RunStrategySM) for RunStrategySM
    master_sm.o(i.DuringDefault) refers to attackstrategy_sm.o(i.RunAttackStrategySM) for RunAttackStrategySM
    master_sm.o(i.DuringDefault) refers to enablepa25_pb23_pd7_pf0.o(i.PortFunctionInit) for PortFunctionInit
    master_sm.o(i.DuringDefault) refers to strategy_sm.o(i.StartStrategySM) for StartStrategySM
    master_sm.o(i.DuringDefault) refers to attackstrategy_sm.o(i.StartAttackStrategySM) for StartAttackStrategySM
    master_sm.o(i.DuringDefault) refers to halleffect_sm.o(i.StartHallEffectSM) for StartHallEffectSM
    master_sm.o(i.DuringDefault) refers to paclogic_sm.o(i.StartPACLogicSM) for StartPACLogicSM
    master_sm.o(i.DuringDefault) refers to halleffect_sm.o(i.RunHallEffectSM) for RunHallEffectSM
    master_sm.o(i.DuringDefault) refers to paclogic_sm.o(i.RunPACLogicSM) for RunPACLogicSM
    master_sm.o(i.DuringDefault) refers to noretval__2printf.o(.text) for __2printf
    master_sm.o(i.InitMasterSM) refers to helpers.o(i.GPIO_Init) for GPIO_Init
    master_sm.o(i.InitMasterSM) refers to master_sm.o(i.StartMasterSM) for StartMasterSM
    master_sm.o(i.InitMasterSM) refers to noretval__2printf.o(.text) for __2printf
    master_sm.o(i.InitMasterSM) refers to master_sm.o(.data) for .data
    master_sm.o(i.PostMasterSM) refers to es_framework.o(i.ES_PostToService) for ES_PostToService
    master_sm.o(i.PostMasterSM) refers to master_sm.o(.data) for .data
    master_sm.o(i.RunMasterSM) refers to master_sm.o(i.DuringDefault) for DuringDefault
    master_sm.o(i.RunMasterSM) refers to master_sm.o(.data) for .data
[...]
    Left_LastCapture                         0x20000604   Data           4  drivetraincontrol_service.o(.data)
    Right_Period                             0x20000608   Data           4  drivetraincontrol_service.o(.data)
    Right_LastCapture                        0x2000060c   Data           4  drivetraincontrol_service.o(.data)
    LeftEncoderTicks                         0x20000610   Data           4  drivetraincontrol_service.o(.data)
    RightEncoderTicks                        0x20000614   Data           4  drivetraincontrol_service.o(.data)
    RPMTarget_Left                           0x20000618   Data           4  drivetraincontrol_service.o(.data)
    RPMTarget_Right                          0x2000061c   Data           4  drivetraincontrol_service.o(.data)
    TargetTicks_Left                         0x20000620   Data           4  drivetraincontrol_service.o(.data)
    TargetTicks_Right                        0x20000624   Data           4  drivetraincontrol_service.o(.data)
    .data                                    0x20000628   Section       32  cannoncontrol_service.o(.data)
    MyPriority                               0x20000628   Data           1  cannoncontrol_service.o(.data)
    RPMError                                 0x20000630   Data           4  cannoncontrol_service.o(.data)
    LastError                                0x20000634   Data           4  cannoncontrol_service.o(.data)
    currentRPM                               0x20000638   Data           4  cannoncontrol_service.o(.data)
    Period                                   0x2000063c   Data           4  cannoncontrol_service.o(.data)
    LastCapture                              0x20000640   Data           4  cannoncontrol_service.o(.data)
    RPMTarget                                0x20000644   Data           4  cannoncontrol_service.o(.data)
    .data                                    0x20000648   Section        8  periscopecontrol_service.o(.data)
    MyPriority                               0x20000648   Data           1  periscopecontrol_service.o(.data)
    numTicks                                 0x2000064c   Data           4  periscopecontrol_service.o(.data)
    .data                                    0x20000650   Section       12  enemycapturequeue.o(.data)
    q                                        0x20000650   Data          12  enemycapturequeue.o(.data)
    .data                                    0x2000065c   Section        2  strategy_sm.o(.data)
    CurrentState                             0x2000065c   Data           1  strategy_sm.o(.data)
    TargetStation                            0x2000065d   Data           1  strategy_sm.o(.data)
    .data                                    0x20000660   Section      148  gameinfo.o(.data)
    MyBlockStatus                            0x20000660   Data           1  gameinfo.o(.data)
    EnemyBlockStatus                         0x20000661   Data           1  gameinfo.o(.data)
    PS_Array                                 0x20000664   Data         144  gameinfo.o(.data)
    .data                                    0x200006f4   Section        6  es_framework.o(.data)
    ThisEvent                                0x200006f6   Data           4  es_framework.o(.data)
    .data                                    0x200006fa   Section        4  es_port.o(.data)
    TickCount                                0x200006fa   Data           1  es_port.o(.data)
    SysTickCounter                           0x200006fc   Data           2  es_port.o(.data)
    .data                                    0x20000700   Section        4  es_queue.o(.data)
    .data                                    0x20000704   Section       10  es_timers.o(.data)
    NextTimer2Process                        0x20000704   Data           1  es_timers.o(.data)
    NeedsProcessing                          0x20000706   Data           2  es_timers.o(.data)
    TMR_ActiveFlags                          0x20000708   Data           2  es_timers.o(.data)
    NewEvent                                 0x2000070a   Data           4  es_timers.o(.data)
    .data                                    0x20000710   Section        4  retarget.o(.data)
    .data                                    0x20000714   Section        4  retarget.o(.data)
    .data                                    0x20000718   Section        8  uartstdio.o(.data)
    bLastWasCR                               0x20000718   Data           1  uartstdio.o(.data)
    g_ui32Base                               0x2000071c   Data           4  uartstdio.o(.data)
    .bss                                     0x20000720   Section       16  paclogic_sm.o(.bss)
    DeferralQueue                            0x20000720   Data          16  paclogic_sm.o(.bss)
    .bss                                     0x20000730   Section      160  halleffect_sm.o(.bss)
    HallSensor_LastPeriods                   0x20000730   Data         160  halleffect_sm.o(.bss)
    .bss                                     0x200007d0   Section       28  phototransistor_service.o(.bss)
    PhotoTransistor_LastPeriods              0x200007d0   Data          28  phototransistor_service.o(.bss)
    .bss                                     0x200007ec   Section       12  es_framework.o(.bss)
    Queue0                                   0x200007ec   Data          12  es_framework.o(.bss)
    .bss                                     0x200007f8   Section       44  es_framework.o(.bss)
    Queue1                                   0x200007f8   Data          44  es_framework.o(.bss)
    .bss                                     0x20000824   Section       24  es_framework.o(.bss)
    Queue2                                   0x20000824   Data          24  es_framework.o(.bss)
    .bss                                     0x2000083c   Section       32  es_framework.o(.bss)
    Queue3                                   0x2000083c   Data          32  es_framework.o(.bss)
    .bss                                     0x2000085c   Section       24  es_framework.o(.bss)
    Queue4                                   0x2000085c   Data          24  es_framework.o(.bss)
    .bss                                     0x20000874   Section       16  es_framework.o(.bss)
    Queue5                                   0x20000874   Data          16  es_framework.o(.bss)
    .bss                                     0x20000884   Section       16  es_framework.o(.bss)
    Queue6                                   0x20000884   Data          16  es_framework.o(.bss)
    .bss                                     0x20000894   Section       16  es_framework.o(.bss)
    Queue7                                   0x20000894   Data          16  es_framework.o(.bss)
    .bss                                     0x200008a4   Section       32  es_timers.o(.bss)
    TMR_TimerArray                           0x200008a4   Data          32  es_timers.o(.bss)
    .bss                                     0x200008c4   Section       96  libspace.o(.bss)
    HEAP                                     0x20000928   Section        0  startup_rvmdk.o(HEAP)
    STACK                                    0x20000928   Section     2048  startup_rvmdk.o(STACK)
    HeapMem                                  0x20000928   Data           0  startup_rvmdk.o(HEAP)
    StackMem                                 0x20000928   Data           0  startup_rvmdk.o(STACK)

    Global Symbols

    Symbol Name                              Value     Ov Type        Size  Object(Section)

    BuildAttributes$$THM_ISAv4$E$P$D$K$B$S$7EM$VFPi3$EXTD16$VFPS$VFMA$PE$A:L22UL41UL21$X:L11$S22US41US21$IEEE1$IW$USESV6$~STKCKD$USESV7$~SHL$OTIME$ROPI$IEEEX$EBA8$UX$STANDARDLIB$REQ8$PRES8$EABIv2 0x00000000   Number         0  anon$$obj.o ABSOLUTE
    __ARM_use_no_argv                        0x00000000   Number         0  hsmtemplatemain.o ABSOLUTE
    __Vectors                                0x00000000   Data           0  startup_rvmdk.o(RESET)
    __ARM_exceptions_init                     - Undefined Weak Reference
    __alloca_initialize                       - Undefined Weak Reference
    __cpp_initialize__aeabi_                  - Undefined Weak Reference
    __cxa_finalize                            - Undefined Weak Reference
    __sigvec_lookup                           - Undefined Weak Reference
    _atexit_init                              - Undefined Weak Reference
    _call_atexit_fns                          - Undefined Weak Reference
    _clock_init                               - Undefined Weak Reference
    _fp_trap_init                             - Undefined Weak Reference
    _fp_trap_shutdown                         - Undefined Weak Reference
    _get_lc_collate                           - Undefined Weak Reference
    _get_lc_monetary                          - Undefined Weak Reference
    _get_lc_time                              - Undefined Weak Reference
    _getenv_init                              - Undefined Weak Reference
    _handle_redirection                       - Undefined Weak Reference
    _init_alloc                               - Undefined Weak Reference
    _init_user_alloc                          - Undefined Weak Reference
    _initio                                   - Undefined Weak Reference
    _printf_mbtowc                            - Undefined Weak Reference
    _printf_post_padding                      - Undefined Weak Reference
    _printf_pre_padding                       - Undefined Weak Reference
    _printf_truncate_signed                   - Undefined Weak Reference
    _printf_truncate_unsigned                 - Undefined Weak Reference
    _rand_init                                - Undefined Weak Reference
    _signal_finish                            - Undefined Weak Reference
    _signal_init                              - Undefined Weak Reference
    _terminate_alloc                          - Undefined Weak Reference
    _terminate_user_alloc                     - Undefined Weak Reference
    _terminateio                              - Undefined Weak Reference
    Reset_Handler                            0x0000026d   Thumb Code     0  startup_rvmdk.o(RESET)
    __main                                   0x00000289   Thumb Code     8  __main.o(!!!main)
    __scatterload                            0x00000291   Thumb Code     0  __scatter.o(!!!scatter)
    __scatterload_rt2                        0x00000291   Thumb Code    44  __scatter.o(!!!scatter)
    __scatterload_rt2_thumb_only             0x00000291   Thumb Code     0  __scatter.o(!!!scatter)
    __scatterload_null                       0x0000029f   Thumb Code     0  __scatter.o(!!!scatter)
    __decompress                             0x000002c5   Thumb Code   100  __dclz77c.o(!!dclz77c)
    __decompress2                            0x000002c5   Thumb Code     0  __dclz77c.o(!!dclz77c)
    __scatterload_zeroinit                   0x00000329   Thumb Code    28  __scatter_zi.o(!!handler_zi)
    _printf_f                                0x00000345   Thumb Code     0  _printf_f.o(.ARM.Collect$$_printf_percent$$00000003)
    _printf_percent                          0x00000345   Thumb Code     0  _printf_percent.o(.ARM.Collect$$_printf_percent$$00000000)
    _printf_d                                0x0000034b   Thumb Code     0  _printf_d.o(.ARM.Collect$$_printf_percent$$00000009)
    _printf_x                                0x00000351   Thumb Code     0  _printf_x.o(.ARM.Collect$$_printf_percent$$0000000C)
    _printf_s                                0x00000357   Thumb Code     0  _printf_s.o(.ARM.Collect$$_printf_percent$$00000014)
    _printf_percent_end                      0x0000035d   Thumb Code     0  _printf_percent_end.o(.ARM.Collect$$_printf_percent$$00000017)
    __rt_lib_init                            0x00000361   Thumb Code     0  libinit.o(.ARM.Collect$$libinit$$00000000)
    __rt_lib_init_fp_1                       0x00000363   Thumb Code     0  libinit2.o(.ARM.Collect$$libinit$$00000001)
    __rt_lib_init_heap_1                     0x00000367   Thumb Code     0  libinit2.o(.ARM.Collect$$libinit$$00000008)
    __rt_lib_init_lc_common                  0x00000367   Thumb Code     0  libinit2.o(.ARM.Collect$$libinit$$0000000D)
    __rt_lib_init_rand_1                     0x00000367   Thumb Code     0  libinit2.o(.ARM.Collect$$libinit$$0000000C)
    __rt_lib_init_user_alloc_1               0x00000367   Thumb Code     0  libinit2.o(.ARM.Collect$$libinit$$0000000A)
    __rt_lib_init_lc_collate_1               0x0000036d   Thumb Code     0  libinit2.o(.ARM.Collect$$libinit$$0000000F)
    __rt_lib_init_lc_ctype_2                 0x0000036d   Thumb Code     0  libinit2.o(.ARM.Collect$$libinit$$00000010)
    __rt_lib_init_lc_ctype_1                 0x00000379   Thumb Code     0  libinit2.o(.ARM.Collect$$libinit$$00000011)
    __rt_lib_init_lc_monetary_1              0x00000379   Thumb Code     0  libinit2.o(.ARM.Collect$$libinit$$00000013)
    __rt_lib_init_lc_numeric_2               0x00000379   Thumb Code     0  libinit2.o(.ARM.Collect$$libinit$$00000014)
    __rt_lib_init_alloca_1                   0x00000383   Thumb Code     0  libinit2.o(.ARM.Collect$$libinit$$0000002C)
    __rt_lib_init_argv_1                     0x00000383   Thumb Code     0  libinit2.o(.ARM.Collect$$libinit$$0000002A)
    __rt_lib_init_atexit_1                   0x00000383   Thumb Code     0  libinit2.o(.ARM.Collect$$libinit$$00000019)
    __rt_lib_init_clock_1                    0x00000383   Thumb Code     0  libinit2.o(.ARM.Collect$$libinit$$0000001F)
    __rt_lib_init_cpp_1                      0x00000383   Thumb Code     0  libinit2.o(.ARM.Collect$$libinit$$00000030)
    __rt_lib_init_exceptions_1               0x00000383   Thumb Code     0  libinit2.o(.ARM.Collect$$libinit$$0000002E)
    __rt_lib_init_fp_trap_1                  0x00000383   Thumb Code     0  libinit2.o(.ARM.Collect$$libinit$$0000001D)
    __rt_lib_init_getenv_1                   0x00000383   Thumb Code     0  libinit2.o(.ARM.Collect$$libinit$$00000021)
    __rt_lib_init_lc_numeric_1               0x00000383   Thumb Code     0  libinit2.o(.ARM.Collect$$libinit$$00000015)
    __rt_lib_init_lc_time_1                  0x00000383   Thumb Code     0  libinit2.o(.ARM.Collect$$libinit$$00000017)
    __rt_lib_init_return                     0x00000383   Thumb Code     0  libinit2.o(.ARM.Collect$$libinit$$00000031)
    __rt_lib_init_signal_1                   0x00000383   Thumb Code     0  libinit2.o(.ARM.Collect$$libinit$$0000001B)
    __rt_lib_init_stdio_1                    0x00000383   Thumb Code     0  libinit2.o(.ARM.Collect$$libinit$$00000023)
    __rt_lib_shutdown                        0x00000385   Thumb Code     0  libshutdown.o(.ARM.Collect$$libshutdown$$00000000)
    __rt_lib_shutdown_fp_trap_1              0x00000387   Thumb Code     0  libshutdown2.o(.ARM.Collect$$libshutdown$$00000006)
    __rt_lib_shutdown_heap_1                 0x00000387   Thumb Code     0  libshutdown2.o(.ARM.Collect$$libshutdown$$0000000E)
    __rt_lib_shutdown_return                 0x00000387   Thumb Code     0  libshutdown2.o(.ARM.Collect$$libshutdown$$0000000F)
    __rt_lib_shutdown_signal_1               0x00000387   Thumb Code     0  libshutdown2.o(.ARM.Collect$$libshutdown$$00000009)
    __rt_lib_shutdown_stdio_1                0x00000387   Thumb Code     0  libshutdown2.o(.ARM.Collect$$libshutdown$$00000003)
    __rt_lib_shutdown_user_alloc_1           0x00000387   Thumb Code     0  libshutdown2.o(.ARM.Collect$$libshutdown$$0000000B)
    __rt_entry                               0x00000389   Thumb Code     0  rtentry.o(.ARM.Collect$$rtentry$$00000000)
    __rt_entry_presh_1                       0x00000389   Thumb Code     0  rtentry2.o(.ARM.Collect$$rtentry$$00000002)
    __rt_entry_sh                            0x00000389   Thumb Code     0  rtentry4.o(.ARM.Collect$$rtentry$$00000004)
    __rt_entry_li                            0x0000038f   Thumb Code     0  rtentry2.o(.ARM.Collect$$rtentry$$0000000A)
    __rt_entry_postsh_1                      0x0000038f   Thumb Code     0  rtentry2.o(.ARM.Collect$$rtentry$$00000009)
    __rt_entry_main                          0x00000393   Thumb Code     0  rtentry2.o(.ARM.Collect$$rtentry$$0000000D)
    __rt_entry_postli_1                      0x00000393   Thumb Code     0  rtentry2.o(.ARM.Collect$$rtentry$$0000000C)
    __rt_exit                                0x0000039b   Thumb Code     0  rtexit.o(.ARM.Collect$$rtexit$$00000000)
    __rt_exit_ls                             0x0000039d   Thumb Code     0  rtexit2.o(.ARM.Collect$$rtexit$$00000003)
    __rt_exit_prels_1                        0x0000039d   Thumb Code     0  rtexit2.o(.ARM.Collect$$rtexit$$00000002)
    __rt_exit_exit                           0x000003a1   Thumb Code     0  rtexit2.o(.ARM.Collect$$rtexit$$00000004)
    SysCtlDelay                              0x000003a9   Thumb Code     6  sysctl.o(.emb_text)
    CPUcpsid                                 0x000003b1   Thumb Code     8  cpu.o(.emb_text)
    CPUprimask                               0x000003b9   Thumb Code     6  cpu.o(.emb_text)
    CPUcpsie                                 0x000003bf   Thumb Code     8  cpu.o(.emb_text)
    CPUwfi                                   0x000003c7   Thumb Code     4  cpu.o(.emb_text)
    CPUbasepriSet                            0x000003cb   Thumb Code     6  cpu.o(.emb_text)
    CPUbasepriGet                            0x000003d1   Thumb Code     6  cpu.o(.emb_text)
    __user_initial_stackheap                 0x000003d9   Thumb Code     0  startup_rvmdk.o(.text)
    __I$use$semihosting                      0x000003f1   Thumb Code     0  use_no_semi.o(.text)
    __use_no_semihosting_swi                 0x000003f1   Thumb Code     2  use_no_semi.o(.text)
    toupper                                  0x000003f3   Thumb Code    30  toupper.o(.text)
    __2printf                                0x00000411   Thumb Code    20  noretval__2printf.o(.text)
    __printf                                 0x00000429   Thumb Code   104  __printf.o(.text)
    _printf_str                              0x00000491   Thumb Code    82  _printf_str.o(.text)
    _printf_int_dec                          0x000004e5   Thumb Code   100  _printf_dec.o(.text)
    _printf_int_hex                          0x00000559   Thumb Code    84  _printf_hex_int.o(.text)
    _printf_longlong_hex                     0x00000559   Thumb Code     0  _printf_hex_int.o(.text)
    getc                                     0x000005b1   Thumb Code     4  getc.o(.text)
    puts                                     0x000005b5   Thumb Code    40  puts.o(.text)
    __use_two_region_memory                  0x000005e1   Thumb Code     2  heapauxi.o(.text)
    __rt_heap_escrow$2region                 0x000005e3   Thumb Code     2  heapauxi.o(.text)
    __rt_heap_expand$2region                 0x000005e5   Thumb Code     2  heapauxi.o(.text)
    __rt_ctype_table                         0x000005e9   Thumb Code    16  rt_ctype_table.o(.text)
    __read_errno                             0x000005f9   Thumb Code    10  _rserrno.o(.text)
    __set_errno                              0x00000603   Thumb Code    12  _rserrno.o(.text)
    _printf_int_common                       0x0000060f   Thumb Code   178  _printf_intcommon.o(.text)
    __lib_sel_fp_printf                      0x000006c1   Thumb Code     2  _printf_fp_dec.o(.text)
    _printf_fp_dec_real                      0x0000086f   Thumb Code   616  _printf_fp_dec.o(.text)
    _printf_cs_common                        0x00000ad7   Thumb Code    20  _printf_char.o(.text)
    _printf_char                             0x00000aeb   Thumb Code    16  _printf_char.o(.text)
    _printf_string                           0x00000afb   Thumb Code     8  _printf_char.o(.text)
    _printf_char_file                        0x00000b05   Thumb Code    32  _printf_char_file.o(.text)
    __rt_locale                              0x00000b29   Thumb Code     8  rt_locale_intlibspace.o(.text)
    __aeabi_errno_addr                       0x00000b31   Thumb Code     8  rt_errno_addr_intlibspace.o(.text)
    __errno$intlibspace                      0x00000b31   Thumb Code     0  rt_errno_addr_intlibspace.o(.text)
    __rt_errno_addr$intlibspace              0x00000b31   Thumb Code     0  rt_errno_addr_intlibspace.o(.text)
    _ll_udiv10                               0x00000b39   Thumb Code   138  lludiv10.o(.text)
    _printf_char_common                      0x00000bcf   Thumb Code    32  _printf_char_common.o(.text)
    _printf_fp_infnan                        0x00000bf5   Thumb Code   112  _printf_fp_infnan.o(.text)
    _btod_etento                             0x00000c75   Thumb Code   212  bigflt0.o(.text)
    __user_libspace                          0x00000d4d   Thumb Code     8  libspace.o(.text)
    __user_perproc_libspace                  0x00000d4d   Thumb Code     0  libspace.o(.text)
    __user_perthread_libspace                0x00000d4d   Thumb Code     0  libspace.o(.text)
    __user_setup_stackheap                   0x00000d55   Thumb Code    74  sys_stackheap_outer.o(.text)
    exit                                     0x00000d9f   Thumb Code    12  exit.o(.text)
    strcmp                                   0x00000dad   Thumb Code   128  strcmpv7m.o(.text)
    _btod_d2e                                0x00000e2d   Thumb Code    62  btod.o(CL$$btod_d2e)
    _d2e_denorm_low                          0x00000e6b   Thumb Code    70  btod.o(CL$$btod_d2e_denorm_low)
    _d2e_norm_op1                            0x00000eb1   Thumb Code    96  btod.o(CL$$btod_d2e_norm_op1)
    __btod_div_common                        0x00000f11   Thumb Code   696  btod.o(CL$$btod_div_common)
    _e2e                                     0x00001249   Thumb Code   198  btod.o(CL$$btod_e2e)
    _btod_ediv                               0x0000130f   Thumb Code    40  btod.o(CL$$btod_ediv)
    _btod_emul                               0x00001337   Thumb Code    40  btod.o(CL$$btod_emul)
    __btod_mult_common                       0x0000135f   Thumb Code   580  btod.o(CL$$btod_mult_common)
    CPUgetPRIMASK_cpsid                      0x00001635   Thumb Code     8  es_port.o(i.CPUgetPRIMASK_cpsid)
    CPUsetPRIMASK                            0x0000163d   Thumb Code     6  es_port.o(i.CPUsetPRIMASK)
    CannonControl_PeriodicInterruptResponse  0x00001bc1   Thumb Code    44  cannoncontrol_service.o(i.CannonControl_PeriodicInterruptResponse)
    CannonEncoder_InterruptResponse          0x00001bf1   Thumb Code    38  cannoncontrol_service.o(i.CannonEncoder_InterruptResponse)
    Check4Keystroke                          0x00001c1d   Thumb Code    40  eventcheckers.o(i.Check4Keystroke)
    DistanceToPoint                          0x00002005   Thumb Code    58  positionlogic_service.o(i.DistanceToPoint)
    DriveControl_PeriodicInterruptResponse   0x00002045   Thumb Code   128  drivetraincontrol_service.o(i.DriveControl_PeriodicInterruptResponse)
    DriveEncoder_Left_InterruptResponse      0x000020c9   Thumb Code   104  drivetraincontrol_service.o(i.DriveEncoder_Left_InterruptResponse)
    DriveEncoder_Right_InterruptResponse     0x00002139   Thumb Code   104  drivetraincontrol_service.o(i.DriveEncoder_Right_InterruptResponse)
    ES_CheckUserEvents                       0x00002421   Thumb Code    34  es_checkevents.o(i.ES_CheckUserEvents)
    ES_DeQueue                               0x00002449   Thumb Code    80  es_queue.o(i.ES_DeQueue)
    ES_EnQueueFIFO                           0x0000249d   Thumb Code    66  es_queue.o(i.ES_EnQueueFIFO)
    ES_EnQueueLIFO                           0x000024e5   Thumb Code    66  es_queue.o(i.ES_EnQueueLIFO)
    ES_GetMSBitSet                           0x0000252d   Thumb Code    48  es_lookuptables.o(i.ES_GetMSBitSet)
    ES_InitQueue                             0x00002561   Thumb Code    16  es_queue.o(i.ES_InitQueue)
    ES_Initialize                            0x00002571   Thumb Code    72  es_framework.o(i.ES_Initialize)
    ES_PostToService                         0x000025bd   Thumb Code    42  es_framework.o(i.ES_PostToService)
    ES_PostToServiceLIFO                     0x000025f5   Thumb Code    42  es_framework.o(i.ES_PostToServiceLIFO)
    ES_RecallEvents                          0x0000262d   Thumb Code    44  es_deferrecall.o(i.ES_RecallEvents)
    ES_Run                                   0x00002659   Thumb Code    84  es_framework.o(i.ES_Run)
    ES_Timer_Init                            0x000026b9   Thumb Code     4  es_timers.o(i.ES_Timer_Init)
    ES_Timer_InitTimer                       0x000026bd   Thumb Code    44  es_timers.o(i.ES_Timer_InitTimer)
    ES_Timer_Tick_Resp                       0x000026f9   Thumb Code    90  es_timers.o(i.ES_Timer_Tick_Resp)
    GPIODirModeSet                           0x00002765   Thumb Code    40  gpio.o(i.GPIODirModeSet)
    GPIOPadConfigSet                         0x0000278d   Thumb Code   314  gpio.o(i.GPIOPadConfigSet)
    GPIOPinConfigure                         0x000028c9   Thumb Code    64  gpio.o(i.GPIOPinConfigure)
    GPIOPinTypeGPIOInput                     0x00002911   Thumb Code    28  gpio.o(i.GPIOPinTypeGPIOInput)
    GPIOPinTypeUART                          0x0000292d   Thumb Code    28  gpio.o(i.GPIOPinTypeUART)
    GPIO_Clear                               0x00002949   Thumb Code    12  helpers.o(i.GPIO_Clear)
    GPIO_Init                                0x00002955   Thumb Code    50  helpers.o(i.GPIO_Init)
    GPIO_Set                                 0x00002991   Thumb Code    12  helpers.o(i.GPIO_Set)
    GetBeaconAngle                           0x0000299d   Thumb Code    16  phototransistor_service.o(i.GetBeaconAngle)
    GetLeftEncoderTicks                      0x000029b1   Thumb Code     6  drivetraincontrol_service.o(i.GetLeftEncoderTicks)
    GetPeriscopeAngle                        0x000029bd   Thumb Code    44  periscopecontrol_service.o(i.GetPeriscopeAngle)
    GetRequestCommand                        0x000029fd   Thumb Code    16  helpers.o(i.GetRequestCommand)
    GetRightEncoderTicks                     0x00002a0d   Thumb Code     6  drivetraincontrol_service.o(i.GetRightEncoderTicks)
    GetStationOwner                          0x00002a19   Thumb Code    10  gameinfo.o(i.GetStationOwner)
    GetStationX                              0x00002a29   Thumb Code    12  gameinfo.o(i.GetStationX)
    GetStationY                              0x00002a39   Thumb Code    12  gameinfo.o(i.GetStationY)
    GetTargetFrequencyIndex                  0x00002a49   Thumb Code     6  paclogic_sm.o(i.GetTargetFrequencyIndex)
    HE_InnerLeft_InterruptResponse           0x00002a55   Thumb Code    64  halleffect_sm.o(i.HE_InnerLeft_InterruptResponse)
    HE_InnerRight_InterruptResponse          0x00002a99   Thumb Code    64  halleffect_sm.o(i.HE_InnerRight_InterruptResponse)
    HE_OuterLeft_InterruptResponse           0x00002add   Thumb Code    64  halleffect_sm.o(i.HE_OuterLeft_InterruptResponse)
    HE_OuterRight_InterruptResponse          0x00002b21   Thumb Code    64  halleffect_sm.o(i.HE_OuterRight_InterruptResponse)
    InitCannonControlService                 0x00002b65   Thumb Code    66  cannoncontrol_service.o(i.InitCannonControlService)
    InitDriveTrainControlService             0x00002bf9   Thumb Code   130  drivetraincontrol_service.o(i.InitDriveTrainControlService)
    InitInputCapture                         0x00002cb1   Thumb Code   266  helpers.o(i.InitInputCapture)
    InitMapKeys                              0x00002dc5   Thumb Code     8  mapkeys.o(i.InitMapKeys)
    InitMasterSM                             0x00002dd1   Thumb Code    54  master_sm.o(i.InitMasterSM)
    InitPWM                                  0x00002e2d   Thumb Code   292  helpers.o(i.InitPWM)
    InitPWMService                           0x00002f61   Thumb Code    94  pwm_service.o(i.InitPWMService)
    InitPeriodic                             0x00002fd9   Thumb Code   192  helpers.o(i.InitPeriodic)
    InitPeriscopeControlService              0x000030a9   Thumb Code    72  periscopecontrol_service.o(i.InitPeriscopeControlService)
    InitPhotoTransistorService               0x00003145   Thumb Code    40  phototransistor_service.o(i.InitPhotoTransistorService)
    InitPositionLogicService                 0x00003171   Thumb Code    34  positionlogic_service.o(i.InitPositionLogicService)
    IntMasterEnable                          0x000031b9   Thumb Code    14  interrupt.o(i.IntMasterEnable)
    IsAbsolutePosition                       0x000031c9   Thumb Code     6  positionlogic_service.o(i.IsAbsolutePosition)
    IsMoving                                 0x000031d5   Thumb Code     6  drivetraincontrol_service.o(i.IsMoving)
    MyColor                                  0x000031e1   Thumb Code     4  gameinfo.o(i.MyColor)
    PS_Period_Comparison                     0x000031e5   Thumb Code    38  halleffect_sm.o(i.PS_Period_Comparison)
    PeriscopeEncoder_InterruptResponse_1     0x00003211   Thumb Code    34  periscopecontrol_service.o(i.PeriscopeEncoder_InterruptResponse_1)
    PeriscopeEncoder_InterruptResponse_2     0x00003239   Thumb Code    34  periscopecontrol_service.o(i.PeriscopeEncoder_InterruptResponse_2)
    PhotoTransistor_InterruptResponse        0x00003261   Thumb Code   282  phototransistor_service.o(i.PhotoTransistor_InterruptResponse)
    PortFunctionInit                         0x000033c5   Thumb Code   132  enablepa25_pb23_pd7_pf0.o(i.PortFunctionInit)
    PositionInQueue                          0x00003465   Thumb Code    42  enemycapturequeue.o(i.PositionInQueue)
    PostDriveTrainControlService             0x00003495   Thumb Code    10  drivetraincontrol_service.o(i.PostDriveTrainControlService)
    PostMapKeys                              0x000034a5   Thumb Code    10  mapkeys.o(i.PostMapKeys)
    PostMasterSM                             0x000034b5   Thumb Code    10  master_sm.o(i.PostMasterSM)
    PostPeriscopeControlService              0x000034c5   Thumb Code    10  periscopecontrol_service.o(i.PostPeriscopeControlService)
    PostPositionLogicService                 0x000034d5   Thumb Code    10  positionlogic_service.o(i.PostPositionLogicService)
    ReadDataRegister                         0x000034e5   Thumb Code     8  paclogic_sm.o(i.ReadDataRegister)
    ResetEncoderTicks                        0x000034f1   Thumb Code    10  drivetraincontrol_service.o(i.ResetEncoderTicks)
    RunAttackStrategySM                      0x00003501   Thumb Code     2  attackstrategy_sm.o(i.RunAttackStrategySM)
    RunCannonControlService                  0x00003503   Thumb Code    34  cannoncontrol_service.o(i.RunCannonControlService)
    RunCapturePSSM                           0x00003525   Thumb Code   320  captureps_sm.o(i.RunCapturePSSM)
    RunDriveTrainControlService              0x00003761   Thumb Code   270  drivetraincontrol_service.o(i.RunDriveTrainControlService)
    RunHallEffectSM                          0x000038e9   Thumb Code   102  halleffect_sm.o(i.RunHallEffectSM)
    RunMapKeys                               0x0000397d   Thumb Code   242  mapkeys.o(i.RunMapKeys)
    RunMasterSM                              0x00003c21   Thumb Code    22  master_sm.o(i.RunMasterSM)
    RunPACLogicSM                            0x00003c3d   Thumb Code   280  paclogic_sm.o(i.RunPACLogicSM)
    RunPWMService                            0x00003dfd   Thumb Code     8  pwm_service.o(i.RunPWMService)
    RunPeriscopeControlService               0x00003e05   Thumb Code    56  periscopecontrol_service.o(i.RunPeriscopeControlService)
    RunPhotoTransistorService                0x00003e41   Thumb Code     8  phototransistor_service.o(i.RunPhotoTransistorService)
    RunPositionLogicService                  0x00003e49   Thumb Code   122  positionlogic_service.o(i.RunPositionLogicService)
    RunRequestSM                             0x00003edd   Thumb Code    94  request_sm.o(i.RunRequestSM)
    RunSendingByteSM                         0x00003f45   Thumb Code   114  sendingbyte_sm.o(i.RunSendingByteSM)
    RunSendingCMDSM                          0x00003fc1   Thumb Code   474  sendingcmd_sm.o(i.RunSendingCMDSM)
    RunStrategySM                            0x000041a5   Thumb Code   396  strategy_sm.o(i.RunStrategySM)
    SPI_Init                                 0x000043e1   Thumb Code   192  paclogic_sm.o(i.SPI_Init)
    SSI_InterruptResponse                    0x000044c5   Thumb Code    16  paclogic_sm.o(i.SSI_InterruptResponse)
    SetPWM_Cannon                            0x000044d9   Thumb Code    12  pwm_service.o(i.SetPWM_Cannon)
    SetPWM_DriveLeft                         0x000044e5   Thumb Code    66  pwm_service.o(i.SetPWM_DriveLeft)
    SetPWM_DriveRight                        0x00004531   Thumb Code    66  pwm_service.o(i.SetPWM_DriveRight)
    SetPWM_Periscope                         0x0000457d   Thumb Code    12  pwm_service.o(i.SetPWM_Periscope)
    SetTargetFrequencyIndex                  0x00004589   Thumb Code     6  paclogic_sm.o(i.SetTargetFrequencyIndex)
    SetTargetLocation                        0x00004595   Thumb Code    12  positionlogic_service.o(i.SetTargetLocation)
    StartAttackStrategySM                    0x000045a5   Thumb Code    16  attackstrategy_sm.o(i.StartAttackStrategySM)
    StartCapturePSSM                         0x000045b9   Thumb Code    16  captureps_sm.o(i.StartCapturePSSM)
    StartHallEffectSM                        0x000045cd   Thumb Code    30  halleffect_sm.o(i.StartHallEffectSM)
    StartMasterSM                            0x000045f1   Thumb Code    10  master_sm.o(i.StartMasterSM)
    StartPACLogicSM                          0x00004601   Thumb Code    50  paclogic_sm.o(i.StartPACLogicSM)
    StartRequestSM                           0x00004659   Thumb Code    16  request_sm.o(i.StartRequestSM)
    StartSendingByteSM                       0x0000466d   Thumb Code    16  sendingbyte_sm.o(i.StartSendingByteSM)
    StartSendingCMDSM                        0x00004681   Thumb Code    16  sendingcmd_sm.o(i.StartSendingCMDSM)
    StartStrategySM                          0x00004695   Thumb Code    16  strategy_sm.o(i.StartStrategySM)
    SysCtlClockSet                           0x000046a9   Thumb Code   270  sysctl.o(i.SysCtlClockSet)
    SysCtlPeripheralEnable                   0x000047c9   Thumb Code    36  sysctl.o(i.SysCtlPeripheralEnable)
    SysTickEnable                            0x000047f1   Thumb Code    14  systick.o(i.SysTickEnable)
    SysTickIntEnable                         0x000047ff   Thumb Code    14  systick.o(i.SysTickIntEnable)
    SysTickIntHandler                        0x0000480d   Thumb Code    16  es_port.o(i.SysTickIntHandler)
    SysTickPeriodSet                         0x00004821   Thumb Code    10  systick.o(i.SysTickPeriodSet)
    TERMIO_GetChar                           0x0000482b   Thumb Code     4  termio.o(i.TERMIO_GetChar)
    TERMIO_Init                              0x00004831   Thumb Code    62  termio.o(i.TERMIO_Init)
    TERMIO_PutChar                           0x00004881   Thumb Code     8  termio.o(i.TERMIO_PutChar)
    ToAppropriateRange                       0x0000488d   Thumb Code    38  positionlogic_service.o(i.ToAppropriateRange)
    UARTCharPut                              0x000048dd   Thumb Code    12  uart.o(i.UARTCharPut)
    UARTClockSourceSet                       0x000048e9   Thumb Code     6  uart.o(i.UARTClockSourceSet)
    UARTStdioConfig                          0x000048f1   Thumb Code    82  uartstdio.o(i.UARTStdioConfig)
    UARTgetc                                 0x0000494d   Thumb Code    20  uartstdio.o(i.UARTgetc)
    UpdateADStatus                           0x00004965   Thumb Code    24  gameinfo.o(i.UpdateADStatus)
    WriteDataRegister                        0x00004981   Thumb Code     6  paclogic_sm.o(i.WriteDataRegister)
    _HW_Process_Pending_Ints                 0x0000498d   Thumb Code    26  es_port.o(i._HW_Process_Pending_Ints)
    _HW_Timer_Init                           0x000049ad   Thumb Code    22  es_port.o(i._HW_Timer_Init)
    __ARM_fpclassify                         0x000049c3   Thumb Code    48  fpclassify.o(i.__ARM_fpclassify)
    __hardfp_asin                            0x000049f9   Thumb Code   770  asin.o(i.__hardfp_asin)
    __hardfp_atan                            0x00004d69   Thumb Code   632  atan.o(i.__hardfp_atan)
    __hardfp_atan2                           0x00005049   Thumb Code   426  atan2.o(i.__hardfp_atan2)
    __hardfp_cos                             0x00005239   Thumb Code   200  cos.o(i.__hardfp_cos)
    __hardfp_fabs                            0x00005311   Thumb Code    20  fabs.o(i.__hardfp_fabs)
    __hardfp_sin                             0x00005329   Thumb Code   200  sin.o(i.__hardfp_sin)
    __hardfp_sqrt                            0x00005401   Thumb Code   122  sqrt.o(i.__hardfp_sqrt)
    __ieee754_rem_pio2                       0x00005481   Thumb Code   938  rred.o(i.__ieee754_rem_pio2)
    __kernel_cos                             0x000058b9   Thumb Code   322  cos_i.o(i.__kernel_cos)
    __kernel_poly                            0x00005a29   Thumb Code   248  poly.o(i.__kernel_poly)
    __kernel_sin                             0x00005b21   Thumb Code   280  sin_i.o(i.__kernel_sin)
    __mathlib_dbl_underflow                  0x00005c51   Thumb Code    24  dunder.o(i.__mathlib_dbl_underflow)
    _sys_exit                                0x00005c71   Thumb Code     2  retarget.o(i._sys_exit)
    atan                                     0x00005c73   Thumb Code    16  atan.o(i.atan)
    captureInterrupt                         0x00005df1   Thumb Code    22  helpers.o(i.captureInterrupt)
    checkAcknowledged                        0x00005e0d   Thumb Code    30  helpers.o(i.checkAcknowledged)
    checkLocation                            0x00005e2b   Thumb Code     4  helpers.o(i.checkLocation)
    checkResponseReadyByte                   0x00005e2f   Thumb Code    20  helpers.o(i.checkResponseReadyByte)
    clamp                                    0x00005e43   Thumb Code    52  helpers.o(i.clamp)
    clearCaptureInterrupt                    0x00005e79   Thumb Code    22  helpers.o(i.clearCaptureInterrupt)
    clearPeriodicInterrupt                   0x00005e95   Thumb Code    22  helpers.o(i.clearPeriodicInterrupt)
    detectPollingStation                     0x00005eb1   Thumb Code   110  halleffect_sm.o(i.detectPollingStation)
    disableCaptureInterrupt                  0x00005f29   Thumb Code    28  helpers.o(i.disableCaptureInterrupt)
    disableHEInterrupts                      0x00005f49   Thumb Code    54  halleffect_sm.o(i.disableHEInterrupts)
    enableCaptureInterrupt                   0x00005f81   Thumb Code    28  helpers.o(i.enableCaptureInterrupt)
    enableHEInterrupts                       0x00005fa1   Thumb Code    54  halleffect_sm.o(i.enableHEInterrupts)
    fabs                                     0x00005fd7   Thumb Code    24  fabs.o(i.fabs)
    ferror                                   0x00005fef   Thumb Code     6  retarget.o(i.ferror)
    fgetc                                    0x00005ff5   Thumb Code     4  retarget.o(i.fgetc)
    fputc                                    0x00005ff9   Thumb Code    14  retarget.o(i.fputc)
    getResponseArray                         0x00006009   Thumb Code     4  sendingcmd_sm.o(i.getResponseArray)
    initializeHEInterrupts                   0x00006011   Thumb Code    54  halleffect_sm.o(i.initializeHEInterrupts)
    isGameStarted                            0x00006047   Thumb Code    18  gameinfo.o(i.isGameStarted)
    kbhit                                    0x00006059   Thumb Code    16  termio.o(i.kbhit)
    main                                     0x0000606d   Thumb Code    88  hsmtemplatemain.o(i.main)
    setPWM_value                             0x000061b1   Thumb Code   164  helpers.o(i.setPWM_value)
    setTargetCannonSpeed                     0x00006265   Thumb Code    16  cannoncontrol_service.o(i.setTargetCannonSpeed)
    setTargetDriveSpeed                      0x00006279   Thumb Code    32  drivetraincontrol_service.o(i.setTargetDriveSpeed)
    setTargetEncoderTicks                    0x0000629d   Thumb Code   170  drivetraincontrol_service.o(i.setTargetEncoderTicks)
    sqrt                                     0x00006395   Thumb Code   110  sqrt.o(i.sqrt)
    toleranceCheck                           0x00006403   Thumb Code    20  halleffect_sm.o(i.toleranceCheck)
    updatePSStatuses                         0x00006419   Thumb Code    56  gameinfo.o(i.updatePSStatuses)
    updatePeriodArrays                       0x00006455   Thumb Code    36  halleffect_sm.o(i.updatePeriodArrays)
    _get_lc_ctype                            0x0000647d   Thumb Code    44  lc_ctype_c.o(locale$$code)
    _get_lc_numeric                          0x000064a9   Thumb Code    44  lc_numeric_c.o(locale$$code)
    __aeabi_dneg                             0x000064d5   Thumb Code     0  basic.o(x$fpl$basic)
    _dneg                                    0x000064d5   Thumb Code     6  basic.o(x$fpl$basic)
    __aeabi_fneg                             0x000064db   Thumb Code     0  basic.o(x$fpl$basic)
    _fneg                                    0x000064db   Thumb Code     6  basic.o(x$fpl$basic)
    _dabs                                    0x000064e1   Thumb Code     6  basic.o(x$fpl$basic)
    _fabs                                    0x000064e7   Thumb Code     6  basic.o(x$fpl$basic)
    __aeabi_d2f                              0x000064ed   Thumb Code     0  d2f.o(x$fpl$d2f)
    _d2f                                     0x000064ed   Thumb Code    98  d2f.o(x$fpl$d2f)
    __aeabi_dadd                             0x00006551   Thumb Code     0  daddsub_clz.o(x$fpl$dadd)
    _dadd                                    0x00006551   Thumb Code   332  daddsub_clz.o(x$fpl$dadd)
    __aeabi_ddiv                             0x000066a1   Thumb Code     0  ddiv.o(x$fpl$ddiv)
    _ddiv                                    0x000066a1   Thumb Code   552  ddiv.o(x$fpl$ddiv)
    __aeabi_d2iz                             0x00006951   Thumb Code     0  dfix.o(x$fpl$dfix)
    _dfix                                    0x00006951   Thumb Code    94  dfix.o(x$fpl$dfix)
    __aeabi_i2d                              0x000069af   Thumb Code     0  dflt_clz.o(x$fpl$dflt)
    _dflt                                    0x000069af   Thumb Code    46  dflt_clz.o(x$fpl$dflt)
    __aeabi_ui2d                             0x000069dd   Thumb Code     0  dflt_clz.o(x$fpl$dfltu)
    _dfltu                                   0x000069dd   Thumb Code    38  dflt_clz.o(x$fpl$dfltu)
    __aeabi_dmul                             0x00006a05   Thumb Code     0  dmul.o(x$fpl$dmul)
    _dmul                                    0x00006a05   Thumb Code   332  dmul.o(x$fpl$dmul)
    __fpl_dnaninf                            0x00006b59   Thumb Code   156  dnaninf.o(x$fpl$dnaninf)
    __fpl_dretinf                            0x00006bf5   Thumb Code    12  dretinf.o(x$fpl$dretinf)
    __aeabi_drsub                            0x00006c01   Thumb Code     0  daddsub_clz.o(x$fpl$drsb)
    _drsb                                    0x00006c01   Thumb Code    22  daddsub_clz.o(x$fpl$drsb)
    _dsqrt                                   0x00006c19   Thumb Code   404  dsqrt_umaal.o(x$fpl$dsqrt)
    __aeabi_dsub                             0x00006db1   Thumb Code     0  daddsub_clz.o(x$fpl$dsub)
    _dsub                                    0x00006db1   Thumb Code   464  daddsub_clz.o(x$fpl$dsub)
    __aeabi_f2d                              0x00006f85   Thumb Code     0  f2d.o(x$fpl$f2d)
    _f2d                                     0x00006f85   Thumb Code    86  f2d.o(x$fpl$f2d)
    __fpl_fnaninf                            0x00006fdb   Thumb Code   140  fnaninf.o(x$fpl$fnaninf)
    _fp_init                                 0x00007067   Thumb Code    10  fpinit.o(x$fpl$fpinit)
    __fplib_config_fpu_vfp                   0x0000706f   Thumb Code     0  fpinit.o(x$fpl$fpinit)
    __fplib_config_pureend_doubles           0x0000706f   Thumb Code     0  fpinit.o(x$fpl$fpinit)
    __fpl_fretinf                            0x00007071   Thumb Code    10  fretinf.o(x$fpl$fretinf)
    _printf_fp_dec                           0x0000707b   Thumb Code     4  printf1.o(x$fpl$printf1)
    __I$use$fp                               0x0000707e   Number         0  usenofp.o(x$fpl$usenofp)
    BitNum2SetMask                           0x00007120   Data          32  es_lookuptables.o(.constdata)
    Nybble2MSBitNum                          0x00007140   Data          15  es_lookuptables.o(.constdata)
    __mathlib_zero                           0x00007500   Data           8  qnan.o(.constdata)
    Region$$Table$$Base                      0x000076a0   Number         0  anon$$obj.o(Region$$Table)
    Region$$Table$$Limit                     0x000076c0   Number         0  anon$$obj.o(Region$$Table)
    __ctype                                  0x000076cd   Data           0  lc_ctype_c.o(locale$$data)
    lastCaptureOuterLeft                     0x2000053c   Data           4  halleffect_sm.o(.data)
    lastCaptureInnerLeft                     0x20000540   Data           4  halleffect_sm.o(.data)
    lastCaptureInnerRight                    0x20000544   Data           4  halleffect_sm.o(.data)
    lastCaptureOuterRight                    0x20000548   Data           4  halleffect_sm.o(.data)
    HallEffect_P                             0x2000054c   Data          64  halleffect_sm.o(.data)
    integralTerm                             0x2000062c   Data           4  cannoncontrol_service.o(.data)
    Ready                                    0x200006f4   Data           2  es_framework.o(.data)
    _PRIMASK_temp                            0x20000700   Data           4  es_queue.o(.data)
    __stdout                                 0x20000710   Data           4  retarget.o(.data)
    __stdin                                  0x20000714   Data           4  retarget.o(.data)
    __libspace_start                         0x200008c4   Data          96  libspace.o(.bss)
    __temporary_stack_top$libspace           0x20000924   Data           0  libspace.o(.bss)



==============================================================================

Memory Map of the image

  Image Entry point : 0x0000026d

  Load Region LR_IROM1 (Base: 0x00000000, Size: 0x00007f0c, Max: 0x00040000, ABSOLUTE, COMPRESSED[0x00007aa8])

    Execution Region ER_IROM1 (Base: 0x00000000, Size: 0x000077ec, Max: 0x00040000, ABSOLUTE)

    Base Addr    Size         Type   Attr      Idx    E Section Name        Object

    0x00000000   0x00000288   Code   RO         1363  * RESET               startup_rvmdk.o
    0x00000288   0x00000008   Code   RO         2991  * !!!main             c_w.l(__main.o)
    0x00000290   0x00000034   Code   RO         3355    !!!scatter          c_w.l(__scatter.o)
    0x000002c4   0x00000064   Code   RO         3353    !!dclz77c           c_w.l(__dclz77c.o)
    0x00000328   0x0000001c   Code   RO         3357    !!handler_zi        c_w.l(__scatter_zi.o)
    0x00000344   0x00000000   Code   RO         2984    .ARM.Collect$$_printf_percent$$00000000  c_w.l(_printf_percent.o)
    0x00000344   0x00000006   Code   RO         2983    .ARM.Collect$$_printf_percent$$00000003  c_w.l(_printf_f.o)
    0x0000034a   0x00000006   Code   RO         2982    .ARM.Collect$$_printf_percent$$00000009  c_w.l(_printf_d.o)
    0x00000350   0x00000006   Code   RO         2981    .ARM.Collect$$_printf_percent$$0000000C  c_w.l(_printf_x.o)
    0x00000356   0x00000006   Code   RO         2980    .ARM.Collect$$_printf_percent$$00000014  c_w.l(_printf_s.o)
    0x0000035c   0x00000004   Code   RO         3100    .ARM.Collect$$_printf_percent$$00000017  c_w.l(_printf_percent_end.o)
    0x00000360   0x00000002   Code   RO         3235    .ARM.Collect$$libinit$$00000000  c_w.l(libinit.o)
    0x00000362   0x00000004   Code   RO         3236    .ARM.Collect$$libinit$$00000001  c_w.l(libinit2.o)
    0x00000366   0x00000000   Code   RO         3240    .ARM.Collect$$libinit$$00000008  c_w.l(libinit2.o)
    0x00000366   0x00000000   Code   RO         3242    .ARM.Collect$$libinit$$0000000A  c_w.l(libinit2.o)
    0x00000366   0x00000000   Code   RO         3244    .ARM.Collect$$libinit$$0000000C  c_w.l(libinit2.o)
    0x00000366   0x00000006   Code   RO         3245    .ARM.Collect$$libinit$$0000000D  c_w.l(libinit2.o)
    0x0000036c   0x00000000   Code   RO         3247    .ARM.Collect$$libinit$$0000000F  c_w.l(libinit2.o)
    0x0000036c   0x0000000c   Code   RO         3248    .ARM.Collect$$libinit$$00000010  c_w.l(libinit2.o)
    0x00000378   0x00000000   Code   RO         3249    .ARM.Collect$$libinit$$00000011  c_w.l(libinit2.o)
    0x00000378   0x00000000   Code   RO         3251    .ARM.Collect$$libinit$$00000013  c_w.l(libinit2.o)
    0x00000378   0x0000000a   Code   RO         3252    .ARM.Collect$$libinit$$00000014  c_w.l(libinit2.o)
    0x00000382   0x00000000   Code   RO         3253    .ARM.Collect$$libinit$$00000015  c_w.l(libinit2.o)
    0x00000382   0x00000000   Code   RO         3255    .ARM.Collect$$libinit$$00000017  c_w.l(libinit2.o)
    0x00000382   0x00000000   Code   RO         3257    .ARM.Collect$$libinit$$00000019  c_w.l(libinit2.o)
    0x00000382   0x00000000   Code   RO         3259    .ARM.Collect$$libinit$$0000001B  c_w.l(libinit2.o)
    0x00000382   0x00000000   Code   RO         3261    .ARM.Collect$$libinit$$0000001D  c_w.l(libinit2.o)
    0x00000382   0x00000000   Code   RO         3263    .ARM.Collect$$libinit$$0000001F  c_w.l(libinit2.o)
    0x00000382   0x00000000   Code   RO         3265    .ARM.Collect$$libinit$$00000021  c_w.l(libinit2.o)
    0x00000382   0x00000000   Code   RO         3267    .ARM.Collect$$libinit$$00000023  c_w.l(libinit2.o)
    0x00000382   0x00000000   Code   RO         3271    .ARM.Collect$$libinit$$0000002A  c_w.l(libinit2.o)
    0x00000382   0x00000000   Code   RO         3273    .ARM.Collect$$libinit$$0000002C  c_w.l(libinit2.o)
    0x00000382   0x00000000   Code   RO         3275    .ARM.Collect$$libinit$$0000002E  c_w.l(libinit2.o)
    0x00000382   0x00000000   Code   RO         3277    .ARM.Collect$$libinit$$00000030  c_w.l(libinit2.o)
    0x00000382   0x00000002   Code   RO         3278    .ARM.Collect$$libinit$$00000031  c_w.l(libinit2.o)
    0x00000384   0x00000002   Code   RO         3306    .ARM.Collect$$libshutdown$$00000000  c_w.l(libshutdown.o)
    0x00000386   0x00000000   Code   RO         3316    .ARM.Collect$$libshutdown$$00000003  c_w.l(libshutdown2.o)
    0x00000386   0x00000000   Code   RO         3319    .ARM.Collect$$libshutdown$$00000006  c_w.l(libshutdown2.o)
    0x00000386   0x00000000   Code   RO         3322    .ARM.Collect$$libshutdown$$00000009  c_w.l(libshutdown2.o)
    0x00000386   0x00000000   Code   RO         3324    .ARM.Collect$$libshutdown$$0000000B  c_w.l(libshutdown2.o)
    0x00000386   0x00000000   Code   RO         3327    .ARM.Collect$$libshutdown$$0000000E  c_w.l(libshutdown2.o)
    0x00000386   0x00000002   Code   RO         3328    .ARM.Collect$$libshutdown$$0000000F  c_w.l(libshutdown2.o)
    0x00000388   0x00000000   Code   RO         3087    .ARM.Collect$$rtentry$$00000000  c_w.l(rtentry.o)
    0x00000388   0x00000000   Code   RO         3150    .ARM.Collect$$rtentry$$00000002  c_w.l(rtentry2.o)
    0x00000388   0x00000006   Code   RO         3162    .ARM.Collect$$rtentry$$00000004  c_w.l(rtentry4.o)
    0x0000038e   0x00000000   Code   RO         3152    .ARM.Collect$$rtentry$$00000009  c_w.l(rtentry2.o)
    0x0000038e   0x00000004   Code   RO         3153    .ARM.Collect$$rtentry$$0000000A  c_w.l(rtentry2.o)
    0x00000392   0x00000000   Code   RO         3155    .ARM.Collect$$rtentry$$0000000C  c_w.l(rtentry2.o)
    0x00000392   0x00000008   Code   RO         3156    .ARM.Collect$$rtentry$$0000000D  c_w.l(rtentry2.o)
    0x0000039a   0x00000002   Code   RO         3279    .ARM.Collect$$rtexit$$00000000  c_w.l(rtexit.o)
    0x0000039c   0x00000000   Code   RO         3286    .ARM.Collect$$rtexit$$00000002  c_w.l(rtexit2.o)
    0x0000039c   0x00000004   Code   RO         3287    .ARM.Collect$$rtexit$$00000003  c_w.l(rtexit2.o)
    0x000003a0   0x00000006   Code   RO         3288    .ARM.Collect$$rtexit$$00000004  c_w.l(rtexit2.o)
    0x000003a6   0x00000002   PAD
    0x000003a8   0x00000006   Code   RO         2219    .emb_text           driverlib.lib(sysctl.o)
    0x000003ae   0x00000002   PAD
    0x000003b0   0x00000026   Code   RO         2913    .emb_text           driverlib.lib(cpu.o)
    0x000003d6   0x00000002   PAD
    0x000003d8   0x00000018   Code   RO         1364    .text               startup_rvmdk.o
    0x000003f0   0x00000002   Code   RO         2925    .text               c_w.l(use_no_semi.o)
    0x000003f2   0x0000001e   Code   RO         2927    .text               c_w.l(toupper.o)
    0x00000410   0x00000018   Code   RO         2931    .text               c_w.l(noretval__2printf.o)
    0x00000428   0x00000068   Code   RO         2933    .text               c_w.l(__printf.o)
    0x00000490   0x00000052   Code   RO         2935    .text               c_w.l(_printf_str.o)
    0x000004e2   0x00000002   PAD
    0x000004e4   0x00000074   Code   RO         2937    .text               c_w.l(_printf_dec.o)
    0x00000558   0x00000058   Code   RO         2942    .text               c_w.l(_printf_hex_int.o)
    0x000005b0   0x00000004   Code   RO         2985    .text               c_w.l(getc.o)
    0x000005b4   0x0000002c   Code   RO         2987    .text               c_w.l(puts.o)
    0x000005e0   0x00000006   Code   RO         2989    .text               c_w.l(heapauxi.o)
    0x000005e6   0x00000002   PAD
    0x000005e8   0x00000010   Code   RO         3088    .text               c_w.l(rt_ctype_table.o)
    0x000005f8   0x00000016   Code   RO         3090    .text               c_w.l(_rserrno.o)
    0x0000060e   0x000000b2   Code   RO         3092    .text               c_w.l(_printf_intcommon.o)
    0x000006c0   0x00000416   Code   RO         3094    .text               c_w.l(_printf_fp_dec.o)
    0x00000ad6   0x0000002c   Code   RO         3096    .text               c_w.l(_printf_char.o)
    0x00000b02   0x00000002   PAD
    0x00000b04   0x00000024   Code   RO         3098    .text               c_w.l(_printf_char_file.o)
    0x00000b28   0x00000008   Code   RO         3167    .text               c_w.l(rt_locale_intlibspace.o)
    0x00000b30   0x00000008   Code   RO         3172    .text               c_w.l(rt_errno_addr_intlibspace.o)
    0x00000b38   0x0000008a   Code   RO         3174    .text               c_w.l(lludiv10.o)
    0x00000bc2   0x00000002   PAD
    0x00000bc4   0x00000030   Code   RO         3176    .text               c_w.l(_printf_char_common.o)
    0x00000bf4   0x00000080   Code   RO         3178    .text               c_w.l(_printf_fp_infnan.o)
    0x00000c74   0x000000d8   Code   RO         3180    .text               c_w.l(bigflt0.o)
    0x00000d4c   0x00000008   Code   RO         3219    .text               c_w.l(libspace.o)
    0x00000d54   0x0000004a   Code   RO         3222    .text               c_w.l(sys_stackheap_outer.o)
    0x00000d9e   0x0000000c   Code   RO         3226    .text               c_w.l(exit.o)
    0x00000daa   0x00000002   PAD
    0x00000dac   0x00000080   Code   RO         3228    .text               c_w.l(strcmpv7m.o)
    0x00000e2c   0x0000003e   Code   RO         3183    CL$$btod_d2e        c_w.l(btod.o)
    0x00000e6a   0x00000046   Code   RO         3185    CL$$btod_d2e_denorm_low  c_w.l(btod.o)
    0x00000eb0   0x00000060   Code   RO         3184    CL$$btod_d2e_norm_op1  c_w.l(btod.o)
    0x00000f10   0x00000338   Code   RO         3193    CL$$btod_div_common  c_w.l(btod.o)
    0x00001248   0x000000c6   Code   RO         3190    CL$$btod_e2e        c_w.l(btod.o)
    0x0000130e   0x00000028   Code   RO         3187    CL$$btod_ediv       c_w.l(btod.o)
    0x00001336   0x00000028   Code   RO         3186    CL$$btod_emul       c_w.l(btod.o)
    0x0000135e   0x00000244   Code   RO         3192    CL$$btod_mult_common  c_w.l(btod.o)
    0x000015a2   0x00000002   PAD
    0x000015a4   0x00000090   Code   RO          817    i.AlignToTarget     positionlogic_service.o
    0x00001634   0x00000008   Code   RO         1499    i.CPUgetPRIMASK_cpsid  es_port.o
    0x0000163c   0x00000006   Code   RO         1505    i.CPUsetPRIMASK     es_port.o
    0x00001642   0x00000002   PAD
    0x00001644   0x00000384   Code   RO          818    i.CalculateAbsolutePosition  positionlogic_service.o
    0x000019c8   0x000001f8   Code   RO          819    i.CalculateRelativePosition  positionlogic_service.o
    0x00001bc0   0x00000030   Code   RO         1108    i.CannonControl_PeriodicInterruptResponse  cannoncontrol_service.o
    0x00001bf0   0x0000002c   Code   RO         1109    i.CannonEncoder_InterruptResponse  cannoncontrol_service.o
    0x00001c1c   0x0000002c   Code   RO           74    i.Check4Keystroke   eventcheckers.o
    0x00001c48   0x00000248   Code   RO         1243    i.ChooseDestination  strategy_sm.o
    0x00001e90   0x00000024   Code   RO          820    i.ConvertEncoderTicksToInches  positionlogic_service.o
    0x00001eb4   0x00000098   Code   RO          821    i.DetermineAngleToTarget  positionlogic_service.o
    0x00001f4c   0x000000b8   Code   RO          822    i.DetermineDistanceToTarget  positionlogic_service.o
    0x00002004   0x00000040   Code   RO          823    i.DistanceToPoint   positionlogic_service.o
    0x00002044   0x00000084   Code   RO         1024    i.DriveControl_PeriodicInterruptResponse  drivetraincontrol_service.o
    0x000020c8   0x00000070   Code   RO         1025    i.DriveEncoder_Left_InterruptResponse  drivetraincontrol_service.o
    0x00002138   0x00000070   Code   RO         1026    i.DriveEncoder_Right_InterruptResponse  drivetraincontrol_service.o
    0x000021a8   0x000000f4   Code   RO          238    i.DuringDefault     master_sm.o
    0x0000229c   0x00000078   Code   RO          415    i.DuringQuery_t     request_sm.o
    0x00002314   0x0000010c   Code   RO          416    i.DuringRequest_t   request_sm.o
    0x00002420   0x00000028   Code   RO         1370    i.ES_CheckUserEvents  es_checkevents.o
    0x00002448   0x00000054   Code   RO         1535    i.ES_DeQueue        es_queue.o
    0x0000249c   0x00000048   Code   RO         1536    i.ES_EnQueueFIFO    es_queue.o
    0x000024e4   0x00000048   Code   RO         1537    i.ES_EnQueueLIFO    es_queue.o
    0x0000252c   0x00000034   Code   RO         1448    i.ES_GetMSBitSet    es_lookuptables.o
    0x00002560   0x00000010   Code   RO         1538    i.ES_InitQueue      es_queue.o
    0x00002570   0x0000004c   Code   RO         1396    i.ES_Initialize     es_framework.o
    0x000025bc   0x00000038   Code   RO         1398    i.ES_PostToService  es_framework.o
    0x000025f4   0x00000038   Code   RO         1399    i.ES_PostToServiceLIFO  es_framework.o
    0x0000262c   0x0000002c   Code   RO         1384    i.ES_RecallEvents   es_deferrecall.o
    0x00002658   0x00000060   Code   RO         1400    i.ES_Run            es_framework.o
    0x000026b8   0x00000004   Code   RO         1578    i.ES_Timer_Init     es_timers.o
    0x000026bc   0x0000003c   Code   RO         1579    i.ES_Timer_InitTimer  es_timers.o
    0x000026f8   0x0000006c   Code   RO         1583    i.ES_Timer_Tick_Resp  es_timers.o
    0x00002764   0x00000028   Code   RO         1782    i.GPIODirModeSet    driverlib.lib(gpio.o)
    0x0000278c   0x0000013a   Code   RO         1792    i.GPIOPadConfigSet  driverlib.lib(gpio.o)
    0x000028c6   0x00000002   PAD
    0x000028c8   0x00000048   Code   RO         1793    i.GPIOPinConfigure  driverlib.lib(gpio.o)
    0x00002910   0x0000001c   Code   RO         1802    i.GPIOPinTypeGPIOInput  driverlib.lib(gpio.o)
    0x0000292c   0x0000001c   Code   RO         1818    i.GPIOPinTypeUART   driverlib.lib(gpio.o)
    0x00002948   0x0000000c   Code   RO          458    i.GPIO_Clear        helpers.o
    0x00002954   0x0000003c   Code   RO          459    i.GPIO_Init         helpers.o
    0x00002990   0x0000000c   Code   RO          460    i.GPIO_Set          helpers.o
    0x0000299c   0x00000014   Code   RO          917    i.GetBeaconAngle    phototransistor_service.o
    0x000029b0   0x0000000c   Code   RO         1027    i.GetLeftEncoderTicks  drivetraincontrol_service.o
    0x000029bc   0x00000040   Code   RO         1158    i.GetPeriscopeAngle  periscopecontrol_service.o
    0x000029fc   0x00000010   Code   RO          461    i.GetRequestCommand  helpers.o
    0x00002a0c   0x0000000c   Code   RO         1028    i.GetRightEncoderTicks  drivetraincontrol_service.o
    0x00002a18   0x00000010   Code   RO         1282    i.GetStationOwner   gameinfo.o
    0x00002a28   0x00000010   Code   RO         1283    i.GetStationX       gameinfo.o
    0x00002a38   0x00000010   Code   RO         1284    i.GetStationY       gameinfo.o
    0x00002a48   0x0000000c   Code   RO          336    i.GetTargetFrequencyIndex  paclogic_sm.o
    0x00002a54   0x00000044   Code   RO          694    i.HE_InnerLeft_InterruptResponse  halleffect_sm.o
    0x00002a98   0x00000044   Code   RO          695    i.HE_InnerRight_InterruptResponse  halleffect_sm.o
    0x00002adc   0x00000044   Code   RO          696    i.HE_OuterLeft_InterruptResponse  halleffect_sm.o
    0x00002b20   0x00000044   Code   RO          697    i.HE_OuterRight_InterruptResponse  halleffect_sm.o
    0x00002b64   0x00000094   Code   RO         1110    i.InitCannonControlService  cannoncontrol_service.o
    0x00002bf8   0x000000b8   Code   RO         1029    i.InitDriveTrainControlService  drivetraincontrol_service.o
    0x00002cb0   0x00000114   Code   RO          462    i.InitInputCapture  helpers.o
    0x00002dc4   0x0000000c   Code   RO          116    i.InitMapKeys       mapkeys.o
    0x00002dd0   0x0000005c   Code   RO          239    i.InitMasterSM      master_sm.o
    0x00002e2c   0x00000134   Code   RO          463    i.InitPWM           helpers.o
    0x00002f60   0x00000078   Code   RO          968    i.InitPWMService    pwm_service.o
    0x00002fd8   0x000000d0   Code   RO          464    i.InitPeriodic      helpers.o
    0x000030a8   0x0000009c   Code   RO         1159    i.InitPeriscopeControlService  periscopecontrol_service.o
    0x00003144   0x0000002c   Code   RO          919    i.InitPhotoTransistorService  phototransistor_service.o
    0x00003170   0x00000048   Code   RO          824    i.InitPositionLogicService  positionlogic_service.o
    0x000031b8   0x0000000e   Code   RO         2107    i.IntMasterEnable   driverlib.lib(interrupt.o)
    0x000031c6   0x00000002   PAD
    0x000031c8   0x0000000c   Code   RO          825    i.IsAbsolutePosition  positionlogic_service.o
    0x000031d4   0x0000000c   Code   RO         1030    i.IsMoving          drivetraincontrol_service.o
    0x000031e0   0x00000004   Code   RO         1286    i.MyColor           gameinfo.o
    0x000031e4   0x0000002c   Code   RO          698    i.PS_Period_Comparison  halleffect_sm.o
    0x00003210   0x00000028   Code   RO         1160    i.PeriscopeEncoder_InterruptResponse_1  periscopecontrol_service.o
    0x00003238   0x00000028   Code   RO         1161    i.PeriscopeEncoder_InterruptResponse_2  periscopecontrol_service.o
    0x00003260   0x00000164   Code   RO          920    i.PhotoTransistor_InterruptResponse  phototransistor_service.o
    0x000033c4   0x000000a0   Code   RO         1349    i.PortFunctionInit  enablepa25_pb23_pd7_pf0.o
    0x00003464   0x00000030   Code   RO         1211    i.PositionInQueue   enemycapturequeue.o
    0x00003494   0x00000010   Code   RO         1031    i.PostDriveTrainControlService  drivetraincontrol_service.o
    0x000034a4   0x00000010   Code   RO          117    i.PostMapKeys       mapkeys.o
    0x000034b4   0x00000010   Code   RO          240    i.PostMasterSM      master_sm.o
    0x000034c4   0x00000010   Code   RO         1162    i.PostPeriscopeControlService  periscopecontrol_service.o
    0x000034d4   0x00000010   Code   RO          826    i.PostPositionLogicService  positionlogic_service.o
    0x000034e4   0x0000000c   Code   RO          338    i.ReadDataRegister  paclogic_sm.o
    0x000034f0   0x00000010   Code   RO         1032    i.ResetEncoderTicks  drivetraincontrol_service.o
    0x00003500   0x00000002   Code   RO          668    i.RunAttackStrategySM  attackstrategy_sm.o
    0x00003502   0x00000022   Code   RO         1112    i.RunCannonControlService  cannoncontrol_service.o
    0x00003524   0x0000023c   Code   RO          301    i.RunCapturePSSM    captureps_sm.o
    0x00003760   0x00000188   Code   RO         1033    i.RunDriveTrainControlService  drivetraincontrol_service.o
    0x000038e8   0x00000094   Code   RO          700    i.RunHallEffectSM   halleffect_sm.o
    0x0000397c   0x000002a4   Code   RO          118    i.RunMapKeys        mapkeys.o
    0x00003c20   0x0000001c   Code   RO          241    i.RunMasterSM       master_sm.o
    0x00003c3c   0x000001c0   Code   RO          339    i.RunPACLogicSM     paclogic_sm.o
    0x00003dfc   0x00000008   Code   RO          970    i.RunPWMService     pwm_service.o
    0x00003e04   0x0000003c   Code   RO         1164    i.RunPeriscopeControlService  periscopecontrol_service.o
    0x00003e40   0x00000008   Code   RO          923    i.RunPhotoTransistorService  phototransistor_service.o
    0x00003e48   0x00000094   Code   RO          827    i.RunPositionLogicService  positionlogic_service.o
    0x00003edc   0x00000068   Code   RO          418    i.RunRequestSM      request_sm.o
    0x00003f44   0x0000007c   Code   RO          608    i.RunSendingByteSM  sendingbyte_sm.o
    0x00003fc0   0x000001e4   Code   RO          635    i.RunSendingCMDSM   sendingcmd_sm.o
    0x000041a4   0x0000023c   Code   RO         1246    i.RunStrategySM     strategy_sm.o
    0x000043e0   0x000000e4   Code   RO          340    i.SPI_Init          paclogic_sm.o
    0x000044c4   0x00000014   Code   RO          341    i.SSI_InterruptResponse  paclogic_sm.o
    0x000044d8   0x0000000c   Code   RO          971    i.SetPWM_Cannon     pwm_service.o
    0x000044e4   0x0000004c   Code   RO          972    i.SetPWM_DriveLeft  pwm_service.o
    0x00004530   0x0000004c   Code   RO          973    i.SetPWM_DriveRight  pwm_service.o
    0x0000457c   0x0000000c   Code   RO          975    i.SetPWM_Periscope  pwm_service.o
    0x00004588   0x0000000c   Code   RO          342    i.SetTargetFrequencyIndex  paclogic_sm.o
    0x00004594   0x00000010   Code   RO          829    i.SetTargetLocation  positionlogic_service.o
    0x000045a4   0x00000014   Code   RO          669    i.StartAttackStrategySM  attackstrategy_sm.o
    0x000045b8   0x00000014   Code   RO          302    i.StartCapturePSSM  captureps_sm.o
    0x000045cc   0x00000024   Code   RO          701    i.StartHallEffectSM  halleffect_sm.o
    0x000045f0   0x00000010   Code   RO          242    i.StartMasterSM     master_sm.o
    0x00004600   0x00000058   Code   RO          343    i.StartPACLogicSM   paclogic_sm.o
    0x00004658   0x00000014   Code   RO          419    i.StartRequestSM    request_sm.o
    0x0000466c   0x00000014   Code   RO          609    i.StartSendingByteSM  sendingbyte_sm.o
    0x00004680   0x00000014   Code   RO          636    i.StartSendingCMDSM  sendingcmd_sm.o
    0x00004694   0x00000014   Code   RO         1247    i.StartStrategySM   strategy_sm.o
    0x000046a8   0x00000120   Code   RO         2224    i.SysCtlClockSet    driverlib.lib(sysctl.o)
    0x000047c8   0x00000028   Code   RO         2253    i.SysCtlPeripheralEnable  driverlib.lib(sysctl.o)
    0x000047f0   0x0000000e   Code   RO         2562    i.SysTickEnable     driverlib.lib(systick.o)
    0x000047fe   0x0000000e   Code   RO         2564    i.SysTickIntEnable  driverlib.lib(systick.o)
    0x0000480c   0x00000014   Code   RO         1465    i.SysTickIntHandler  es_port.o
    0x00004820   0x0000000a   Code   RO         2568    i.SysTickPeriodSet  driverlib.lib(systick.o)
    0x0000482a   0x00000004   Code   RO         1679    i.TERMIO_GetChar    termio.o
    0x0000482e   0x00000002   PAD
    0x00004830   0x00000050   Code   RO         1680    i.TERMIO_Init       termio.o
    0x00004880   0x0000000c   Code   RO         1681    i.TERMIO_PutChar    termio.o
    0x0000488c   0x00000030   Code   RO          830    i.ToAppropriateRange  positionlogic_service.o
    0x000048bc   0x00000010   Code   RO          831    i.ToDegrees         positionlogic_service.o
    0x000048cc   0x00000010   Code   RO          832    i.ToRadians         positionlogic_service.o
    0x000048dc   0x0000000c   Code   RO         2632    i.UARTCharPut       driverlib.lib(uart.o)
    0x000048e8   0x00000006   Code   RO         2636    i.UARTClockSourceSet  driverlib.lib(uart.o)
    0x000048ee   0x00000002   PAD
    0x000048f0   0x0000005c   Code   RO         1722    i.UARTStdioConfig   uartstdio.o
    0x0000494c   0x00000018   Code   RO         1723    i.UARTgetc          uartstdio.o
    0x00004964   0x0000001c   Code   RO         1288    i.UpdateADStatus    gameinfo.o
    0x00004980   0x0000000c   Code   RO          344    i.WriteDataRegister  paclogic_sm.o
    0x0000498c   0x00000020   Code   RO         1467    i._HW_Process_Pending_Ints  es_port.o
    0x000049ac   0x00000016   Code   RO         1468    i._HW_Timer_Init    es_port.o
    0x000049c2   0x00000030   Code   RO         3133    i.__ARM_fpclassify  m_wm.l(fpclassify.o)
    0x000049f2   0x00000006   PAD
    0x000049f8   0x00000370   Code   RO         3019    i.__hardfp_asin     m_wm.l(asin.o)
    0x00004d68   0x000002e0   Code   RO         3114    i.__hardfp_atan     m_wm.l(atan.o)
    0x00005048   0x000001f0   Code   RO         3033    i.__hardfp_atan2    m_wm.l(atan2.o)
    0x00005238   0x000000d8   Code   RO         3045    i.__hardfp_cos      m_wm.l(cos.o)
    0x00005310   0x00000014   Code   RO         3057    i.__hardfp_fabs     m_wm.l(fabs.o)
    0x00005324   0x00000004   PAD
    0x00005328   0x000000d8   Code   RO         3063    i.__hardfp_sin      m_wm.l(sin.o)
    0x00005400   0x0000007a   Code   RO         3075    i.__hardfp_sqrt     m_wm.l(sqrt.o)
    0x0000547a   0x00000006   PAD
    0x00005480   0x00000438   Code   RO         3138    i.__ieee754_rem_pio2  m_wm.l(rred.o)
    0x000058b8   0x00000170   Code   RO         3128    i.__kernel_cos      m_wm.l(cos_i.o)
    0x00005a28   0x000000f8   Code   RO         3135    i.__kernel_poly     m_wm.l(poly.o)
    0x00005b20   0x00000130   Code   RO         3143    i.__kernel_sin      m_wm.l(sin_i.o)
    0x00005c50   0x00000020   Code   RO         3131    i.__mathlib_dbl_underflow  m_wm.l(dunder.o)
    0x00005c70   0x00000002   Code   RO         1629    i._sys_exit         retarget.o
    0x00005c72   0x00000010   Code   RO         3116    i.atan              m_wm.l(atan.o)
    0x00005c82   0x00000002   PAD
    0x00005c84   0x000000ac   Code   RO         1034    i.calculateControlResponse  drivetraincontrol_service.o
    0x00005d30   0x000000c0   Code   RO         1113    i.calculateControlResponse  cannoncontrol_service.o
    0x00005df0   0x0000001c   Code   RO          465    i.captureInterrupt  helpers.o
    0x00005e0c   0x0000001e   Code   RO          466    i.checkAcknowledged  helpers.o
    0x00005e2a   0x00000004   Code   RO          467    i.checkLocation     helpers.o
    0x00005e2e   0x00000014   Code   RO          468    i.checkResponseReadyByte  helpers.o
    0x00005e42   0x00000034   Code   RO          469    i.clamp             helpers.o
    0x00005e76   0x00000002   PAD
    0x00005e78   0x0000001c   Code   RO          470    i.clearCaptureInterrupt  helpers.o
    0x00005e94   0x0000001c   Code   RO          471    i.clearPeriodicInterrupt  helpers.o
    0x00005eb0   0x00000078   Code   RO          702    i.detectPollingStation  halleffect_sm.o
    0x00005f28   0x00000020   Code   RO          472    i.disableCaptureInterrupt  helpers.o
    0x00005f48   0x00000036   Code   RO          703    i.disableHEInterrupts  halleffect_sm.o
    0x00005f7e   0x00000002   PAD
    0x00005f80   0x00000020   Code   RO          474    i.enableCaptureInterrupt  helpers.o
    0x00005fa0   0x00000036   Code   RO          704    i.enableHEInterrupts  halleffect_sm.o
    0x00005fd6   0x00000018   Code   RO         3059    i.fabs              m_wm.l(fabs.o)
    0x00005fee   0x00000006   Code   RO         1631    i.ferror            retarget.o
    0x00005ff4   0x00000004   Code   RO         1632    i.fgetc             retarget.o
    0x00005ff8   0x0000000e   Code   RO         1633    i.fputc             retarget.o
    0x00006006   0x00000002   PAD
    0x00006008   0x00000008   Code   RO          637    i.getResponseArray  sendingcmd_sm.o
    0x00006010   0x00000036   Code   RO          705    i.initializeHEInterrupts  halleffect_sm.o
    0x00006046   0x00000012   Code   RO         1289    i.isGameStarted     gameinfo.o
    0x00006058   0x00000014   Code   RO         1682    i.kbhit             termio.o
    0x0000606c   0x00000144   Code   RO            1    i.main              hsmtemplatemain.o
    0x000061b0   0x000000b4   Code   RO          479    i.setPWM_value      helpers.o
    0x00006264   0x00000014   Code   RO         1114    i.setTargetCannonSpeed  cannoncontrol_service.o
    0x00006278   0x00000024   Code   RO         1035    i.setTargetDriveSpeed  drivetraincontrol_service.o
    0x0000629c   0x000000f8   Code   RO         1036    i.setTargetEncoderTicks  drivetraincontrol_service.o
    0x00006394   0x0000006e   Code   RO         3077    i.sqrt              m_wm.l(sqrt.o)
    0x00006402   0x00000014   Code   RO          706    i.toleranceCheck    halleffect_sm.o
    0x00006416   0x00000002   PAD
    0x00006418   0x0000003c   Code   RO         1290    i.updatePSStatuses  gameinfo.o
    0x00006454   0x00000028   Code   RO          707    i.updatePeriodArrays  halleffect_sm.o
    0x0000647c   0x0000002c   Code   RO         3206    locale$$code        c_w.l(lc_ctype_c.o)
    0x000064a8   0x0000002c   Code   RO         3209    locale$$code        c_w.l(lc_numeric_c.o)
    0x000064d4   0x00000018   Code   RO         2993    x$fpl$basic         fz_wm.l(basic.o)
    0x000064ec   0x00000062   Code   RO         2995    x$fpl$d2f           fz_wm.l(d2f.o)
    0x0000654e   0x00000002   PAD
    0x00006550   0x00000150   Code   RO         2997    x$fpl$dadd          fz_wm.l(daddsub_clz.o)
    0x000066a0   0x000002b0   Code   RO         3004    x$fpl$ddiv          fz_wm.l(ddiv.o)
    0x00006950   0x0000005e   Code   RO         3213    x$fpl$dfix          fz_wm.l(dfix.o)
    0x000069ae   0x0000002e   Code   RO         3008    x$fpl$dflt          fz_wm.l(dflt_clz.o)
    0x000069dc   0x00000026   Code   RO         3007    x$fpl$dfltu         fz_wm.l(dflt_clz.o)
    0x00006a02   0x00000002   PAD
    0x00006a04   0x00000154   Code   RO         3013    x$fpl$dmul          fz_wm.l(dmul.o)
    0x00006b58   0x0000009c   Code   RO         3103    x$fpl$dnaninf       fz_wm.l(dnaninf.o)
    0x00006bf4   0x0000000c   Code   RO         3105    x$fpl$dretinf       fz_wm.l(dretinf.o)
    0x00006c00   0x00000016   Code   RO         2998    x$fpl$drsb          fz_wm.l(daddsub_clz.o)
    0x00006c16   0x00000002   PAD
    0x00006c18   0x00000198   Code   RO         3107    x$fpl$dsqrt         fz_wm.l(dsqrt_umaal.o)
    0x00006db0   0x000001d4   Code   RO         2999    x$fpl$dsub          fz_wm.l(daddsub_clz.o)
    0x00006f84   0x00000056   Code   RO         3015    x$fpl$f2d           fz_wm.l(f2d.o)
    0x00006fda   0x0000008c   Code   RO         3109    x$fpl$fnaninf       fz_wm.l(fnaninf.o)
    0x00007066   0x0000000a   Code   RO         3283    x$fpl$fpinit        fz_wm.l(fpinit.o)
    0x00007070   0x0000000a   Code   RO         3111    x$fpl$fretinf       fz_wm.l(fretinf.o)
    0x0000707a   0x00000004   Code   RO         3017    x$fpl$printf1       fz_wm.l(printf1.o)
    0x0000707e   0x00000000   Code   RO         3113    x$fpl$usenofp       fz_wm.l(usenofp.o)
    0x0000707e   0x00000002   PAD
    0x00007080   0x00000004   Data   RO          303    .constdata          captureps_sm.o
    0x00007084   0x00000004   Data   RO          346    .constdata          paclogic_sm.o
    0x00007088   0x00000004   Data   RO          420    .constdata          request_sm.o
    0x0000708c   0x00000004   Data   RO          610    .constdata          sendingbyte_sm.o
    0x00007090   0x00000004   Data   RO          638    .constdata          sendingcmd_sm.o
    0x00007094   0x00000004   Data   RO          709    .constdata          halleffect_sm.o
    0x00007098   0x00000004   Data   RO         1248    .constdata          strategy_sm.o
    0x0000709c   0x00000004   Data   RO         1371    .constdata          es_checkevents.o
    0x000070a0   0x00000080   Data   RO         1409    .constdata          es_framework.o
    0x00007120   0x00000020   Data   RO         1449    .constdata          es_lookuptables.o
    0x00007140   0x0000000f   Data   RO         1450    .constdata          es_lookuptables.o
    0x0000714f   0x00000001   PAD
    0x00007150   0x00000040   Data   RO         1585    .constdata          es_timers.o
    0x00007190   0x0000001c   Data   RO         1728    .constdata          uartstdio.o
    0x000071ac   0x00000210   Data   RO         1825    .constdata          driverlib.lib(gpio.o)
    0x000073bc   0x00000028   Data   RO         2943    .constdata          c_w.l(_printf_hex_int.o)
    0x000073e4   0x00000004   PAD
    0x000073e8   0x00000050   Data   RO         3022    .constdata          m_wm.l(asin.o)
    0x00007438   0x00000098   Data   RO         3117    .constdata          m_wm.l(atan.o)
    0x000074d0   0x00000030   Data   RO         3129    .constdata          m_wm.l(cos_i.o)
    0x00007500   0x00000008   Data   RO         3137    .constdata          m_wm.l(qnan.o)
    0x00007508   0x000000c8   Data   RO         3140    .constdata          m_wm.l(rred.o)
    0x000075d0   0x00000028   Data   RO         3144    .constdata          m_wm.l(sin_i.o)
    0x000075f8   0x00000094   Data   RO         3181    .constdata          c_w.l(bigflt0.o)
    0x0000768c   0x00000011   Data   RO         1729    .conststring        uartstdio.o
    0x0000769d   0x00000003   PAD
    0x000076a0   0x00000020   Data   RO         3351    Region$$Table       anon$$obj.o
    0x000076c0   0x00000110   Data   RO         3205    locale$$data        c_w.l(lc_ctype_c.o)
    0x000077d0   0x0000001c   Data   RO         3208    locale$$data        c_w.l(lc_numeric_c.o)


    Execution Region RW_IRAM1 (Base: 0x20000000, Size: 0x00001128, Max: 0x00008000, ABSOLUTE, COMPRESSED[0x000002bc])

    Base Addr    Size         Type   Attr      Idx    E Section Name        Object

    0x20000000   0x00000001   Data   RW          119    .data               mapkeys.o
    0x20000001   0x00000002   Data   RW          244    .data               master_sm.o
    0x20000003   0x00000001   Data   RW          304    .data               captureps_sm.o
    0x20000004   0x00000002   Data   RW          347    .data               paclogic_sm.o
    0x20000006   0x00000011   Data   RW          421    .data               request_sm.o
    0x20000017   0x00000001   PAD
    0x20000018   0x00000518   Data   RW          480    .data               helpers.o
    0x20000530   0x00000001   Data   RW          611    .data               sendingbyte_sm.o
    0x20000531   0x00000006   Data   RW          639    .data               sendingcmd_sm.o
    0x20000537   0x00000001   Data   RW          671    .data               attackstrategy_sm.o
    0x20000538   0x00000054   Data   RW          710    .data               halleffect_sm.o
    0x2000058c   0x00000018   Data   RW          833    .data               positionlogic_service.o
    0x200005a4   0x00000038   Data   RW          925    .data               phototransistor_service.o
    0x200005dc   0x00000001   Data   RW          976    .data               pwm_service.o
    0x200005dd   0x00000003   PAD
    0x200005e0   0x00000048   Data   RW         1037    .data               drivetraincontrol_service.o
    0x20000628   0x00000020   Data   RW         1115    .data               cannoncontrol_service.o
    0x20000648   0x00000008   Data   RW         1165    .data               periscopecontrol_service.o
    0x20000650   0x0000000c   Data   RW         1212    .data               enemycapturequeue.o
    0x2000065c   0x00000002   Data   RW         1249    .data               strategy_sm.o
    0x2000065e   0x00000002   PAD
    0x20000660   0x00000094   Data   RW         1291    .data               gameinfo.o
    0x200006f4   0x00000006   Data   RW         1410    .data               es_framework.o
    0x200006fa   0x00000004   Data   RW         1469    .data               es_port.o
    0x200006fe   0x00000002   PAD
    0x20000700   0x00000004   Data   RW         1540    .data               es_queue.o
    0x20000704   0x0000000a   Data   RW         1586    .data               es_timers.o
    0x2000070e   0x00000002   PAD
    0x20000710   0x00000004   Data   RW         1634    .data               retarget.o
    0x20000714   0x00000004   Data   RW         1635    .data               retarget.o
    0x20000718   0x00000008   Data   RW         1730    .data               uartstdio.o
    0x20000720   0x00000010   Zero   RW          345    .bss                paclogic_sm.o
    0x20000730   0x000000a0   Zero   RW          708    .bss                halleffect_sm.o
    0x200007d0   0x0000001c   Zero   RW          924    .bss                phototransistor_service.o
    0x200007ec   0x0000000c   Zero   RW         1401    .bss                es_framework.o
    0x200007f8   0x0000002c   Zero   RW         1402    .bss                es_framework.o
    0x20000824   0x00000018   Zero   RW         1403    .bss                es_framework.o
    0x2000083c   0x00000020   Zero   RW         1404    .bss                es_framework.o
    0x2000085c   0x00000018   Zero   RW         1405    .bss                es_framework.o
    0x20000874   0x00000010   Zero   RW         1406    .bss                es_framework.o
    0x20000884   0x00000010   Zero   RW         1407    .bss                es_framework.o
    0x20000894   0x00000010   Zero   RW         1408    .bss                es_framework.o
    0x200008a4   0x00000020   Zero   RW         1584    .bss                es_timers.o
    0x200008c4   0x00000060   Zero   RW         3220    .bss                c_w.l(libspace.o)
    0x20000924   0x00000004   PAD
    0x20000928   0x00000000   Zero   RW         1362    HEAP                startup_rvmdk.o
    0x20000928   0x00000800   Zero   RW         1361    STACK               startup_rvmdk.o


==============================================================================

Image component sizes


      Code (inc. data)   RO Data    RW Data    ZI Data      Debug   Object Name

        22          4          0          1          0       1254   attackstrategy_sm.o
       486        114          0         32          0       4495   cannoncontrol_service.o
       592        256          4          1          0       3628   captureps_sm.o
      1456        334          0         72          0       9738   drivetraincontrol_service.o
       160         28          0          0          0        567   enablepa25_pb23_pd7_pf0.o
        48          6          0         12          0       1274   enemycapturequeue.o
        40          6          4          0          0       1113   es_checkevents.o
        44          0          0          0          0        966   es_deferrecall.o
       284         44        128          6        184       3575   es_framework.o
        52          4         47          0          0       1222   es_lookuptables.o
        88         10          0          4          0       3414   es_port.o
       244         16          0          4          0       2946   es_queue.o
       172         34         64         10         32       2294   es_timers.o
        44          4          0          0          0       1258   eventcheckers.o
       158         22          0        148          0       4632   gameinfo.o
       842         88          4         84        160       9233   halleffect_sm.o
      1326         94          0       1304          0      11011   helpers.o
       324        236          0          0          0      10699   hsmtemplatemain.o
       704        444          0          1          0       1797   mapkeys.o
       396        160          0          2          0      13148   master_sm.o
       832        268          4          2         16       5628   paclogic_sm.o
       376        126          0          8          0       3579   periscopecontrol_service.o
       428         82          0         56         28       4298   phototransistor_service.o
      2328        406          0         24          0       9904   positionlogic_service.o
       304         46          0          1          0       3355   pwm_service.o
       512        174          4         17          0      11272   request_sm.o
        26          0          0          8          0       3523   retarget.o
       144         14          4          1          0       2140   sendingbyte_sm.o
       512         24          4          6          0       3697   sendingcmd_sm.o
       672        636          0          0       2048        508   startup_rvmdk.o
      1176        524          4          2          0       3706   strategy_sm.o
       116         26          0          0          0       1868   termio.o
       116         14         45          8          0       2616   uartstdio.o

    ----------------------------------------------------------------------
     15036       4244        352       1824       2468     144358   Object Totals
         0          0         32          0          0          0   (incl. Generated)
        12          0          4         10          0          0   (incl. Padding)

    ----------------------------------------------------------------------

      Code (inc. data)   RO Data    RW Data    ZI Data      Debug   Library Member Name

       100          0          0          0          0          0   __dclz77c.o
         8          0          0          0          0         68   __main.o
       104          0          0          0          0         84   __printf.o
        52          8          0          0          0          0   __scatter.o
        28          0          0          0          0          0   __scatter_zi.o
        44          0          0          0          0        108   _printf_char.o
        48          6          0          0          0         96   _printf_char_common.o
        36          4          0          0          0         80   _printf_char_file.o
         6          0          0          0          0          0   _printf_d.o
       116         16          0          0          0         92   _printf_dec.o
         6          0          0          0          0          0   _printf_f.o
      1046          0          0          0          0        216   _printf_fp_dec.o
       128         16          0          0          0         84   _printf_fp_infnan.o
        88          4         40          0          0         88   _printf_hex_int.o
       178          0          0          0          0         88   _printf_intcommon.o
         0          0          0          0          0          0   _printf_percent.o
         4          0          0          0          0          0   _printf_percent_end.o
         6          0          0          0          0          0   _printf_s.o
        82          0          0          0          0         80   _printf_str.o
         6          0          0          0          0          0   _printf_x.o
        22          0          0          0          0        100   _rserrno.o
       216          4        148          0          0         96   bigflt0.o
      1910        128          0          0          0        672   btod.o
        12          0          0          0          0         72   exit.o
         4          0          0          0          0         68   getc.o
         6          0          0          0          0        152   heapauxi.o
        44         10        272          0          0         76   lc_ctype_c.o
        44         10         28          0          0         76   lc_numeric_c.o
         2          0          0          0          0          0   libinit.o
        34          0          0          0          0          0   libinit2.o
         2          0          0          0          0          0   libshutdown.o
         2          0          0          0          0          0   libshutdown2.o
         8          4          0          0         96         68   libspace.o
       138          0          0          0          0         80   lludiv10.o
        24          4          0          0          0         84   noretval__2printf.o
        44          4          0          0          0         84   puts.o
        16          4          0          0          0         76   rt_ctype_table.o
         8          4          0          0          0         68   rt_errno_addr_intlibspace.o
         8          4          0          0          0         68   rt_locale_intlibspace.o
         0          0          0          0          0          0   rtentry.o
        12          0          0          0          0          0   rtentry2.o
         6          0          0          0          0          0   rtentry4.o
         2          0          0          0          0          0   rtexit.o
        10          0          0          0          0          0   rtexit2.o
       128          0          0          0          0         68   strcmpv7m.o
        74          0          0          0          0         80   sys_stackheap_outer.o
        30          0          0          0          0         76   toupper.o
         2          0          0          0          0         68   use_no_semi.o
        38          0          0          0          0        504   cpu.o
       482          8        528          0          0       6412   gpio.o
        14          0          0          0          0        450   interrupt.o
       334         22          0          0          0       1550   sysctl.o
        38          0          0          0          0       1218   systick.o
        18          0          0          0          0        867   uart.o
        24          0          0          0          0        164   basic.o
        98          4          0          0          0        140   d2f.o
       826         16          0          0          0        492   daddsub_clz.o
       688        140          0          0          0        256   ddiv.o
        94          4          0          0          0        140   dfix.o
        84          0          0          0          0        232   dflt_clz.o
       340         12          0          0          0        152   dmul.o
       156          4          0          0          0        140   dnaninf.o
        12          0          0          0          0        116   dretinf.o
       408         56          0          0          0        168   dsqrt_umaal.o
        86          4          0          0          0        132   f2d.o
       140          4          0          0          0        132   fnaninf.o
        10          0          0          0          0        116   fpinit.o
        10          0          0          0          0        116   fretinf.o
         4          0          0          0          0        116   printf1.o
         0          0          0          0          0          0   usenofp.o
       880        110         80          0          0        200   asin.o
       752        104        152          0          0        344   atan.o
       496         70          0          0          0        156   atan2.o
       216         16          0          0          0        152   cos.o
       368         46         48          0          0        200   cos_i.o
        32          8          0          0          0        124   dunder.o
        44          0          0          0          0        248   fabs.o
        48          0          0          0          0        124   fpclassify.o
       248          0          0          0          0        152   poly.o
         0          0          8          0          0          0   qnan.o
      1080        142        200          0          0        188   rred.o
       216         16          0          0          0        152   sin.o
       304         24         40          0          0        208   sin_i.o
       232          0          0          0          0        296   sqrt.o

    ----------------------------------------------------------------------
     13764       1040       1548          0        100      19373   Library Totals
        50          0          4          0          4          0   (incl. Padding)

    ----------------------------------------------------------------------

      Code (inc. data)   RO Data    RW Data    ZI Data      Debug   Library Name

      4894        230        488          0         96       3216   c_w.l
       924         30        528          0          0      11001   driverlib.lib
      2980        244          0          0          0       2612   fz_wm.l
      4916        536        528          0          0       2544   m_wm.l

    ----------------------------------------------------------------------
     13764       1040       1548          0        100      19373   Library Totals

    ----------------------------------------------------------------------

==============================================================================


      Code (inc. data)   RO Data    RW Data    ZI Data      Debug   

     28800       5284       1900       1824       2568     143163   Grand Totals
     28800       5284       1900        700       2568     143163   ELF Image Totals (compressed)
     28800       5284       1900        700          0          0   ROM Totals

==============================================================================

    Total RO  Size (Code + RO Data)                30700 (  29.98kB)
    Total RW  Size (RW Data + ZI Data)              4392 (   4.29kB)
    Total ROM Size (Code + RO Data + RW Data)      31400 (  30.66kB)

==============================================================================

